../Core/Src/main.c:84:5:main	8	static
../Core/Src/main.c:136:6:SystemClock_Config	96	static
../Core/Src/main.c:179:13:MX_I2C1_Init	8	static
../Core/Src/main.c:227:13:MX_I2C2_Init	8	static
../Core/Src/main.c:275:13:MX_I2C3_Init	8	static
../Core/Src/main.c:323:13:MX_SPI1_Init	8	static
../Core/Src/main.c:363:13:MX_TIM15_Init	96	static
../Core/Src/main.c:428:13:MX_UART4_Init	8	static
../Core/Src/main.c:476:13:MX_USART1_UART_Init	8	static
../Core/Src/main.c:524:13:MX_USART2_UART_Init	8	static
../Core/Src/main.c:572:13:MX_USART3_UART_Init	8	static
../Core/Src/main.c:620:13:MX_GPIO_Init	64	static
../Core/Src/main.c:704:6:Error_Handler	4	static,ignoring_inline_asm
