../Core/Src/main.c:167:7:init_buffer	16	static
../Core/Src/main.c:172:7:is_empty	16	static
../Core/Src/main.c:175:7:is_full	16	static
../Core/Src/main.c:178:7:enqueue	16	static
../Core/Src/main.c:185:10:dequeue	24	static
../Core/Src/main.c:200:5:main	232	static
../Core/Src/main.c:281:6:SystemClock_Config	96	static
../Core/Src/main.c:324:13:MX_I2C1_Init	8	static
../Core/Src/main.c:372:13:MX_I2C2_Init	8	static
../Core/Src/main.c:420:13:MX_I2C3_Init	8	static
../Core/Src/main.c:468:13:MX_SPI1_Init	8	static
../Core/Src/main.c:508:13:MX_TIM15_Init	96	static
../Core/Src/main.c:573:13:MX_UART4_Init	8	static
../Core/Src/main.c:621:13:MX_USART1_UART_Init	8	static
../Core/Src/main.c:669:13:MX_USART2_UART_Init	8	static
../Core/Src/main.c:717:13:MX_USART3_UART_Init	8	static
../Core/Src/main.c:765:13:MX_GPIO_Init	64	static
../Core/Src/main.c:843:7:init_DecoderInputs	4	static
../Core/Src/main.c:887:6:Error_Handler	4	static,ignoring_inline_asm
