../Core/Src/main.c:77:5:main	40	static
../Core/Src/main.c:179:6:SystemClock_Config	96	static
../Core/Src/main.c:224:13:MX_LPUART1_UART_Init	8	static
../Core/Src/main.c:272:13:MX_USART2_UART_Init	8	static
../Core/Src/main.c:320:13:MX_USART3_UART_Init	8	static
../Core/Src/main.c:368:13:MX_GPIO_Init	24	static
../Core/Src/main.c:385:10:hex2int	24	static
../Core/Src/main.c:400:10:xtou64	48	static
../Core/Src/main.c:415:9:receiveImage	13736	static
../Core/Src/main.c:507:26:Capture_Image	16	static
../Core/Src/main.c:566:6:Error_Handler	4	static,ignoring_inline_asm
