Archive member included to satisfy reference by file (symbol)

c:/st/stm32cubeide_1.7.0/stm32cubeide/plugins/com.st.stm32cube.ide.mcu.externaltools.gnu-tools-for-stm32.10.3-2021.10.win32_1.0.0.202111181127/tools/bin/../lib/gcc/arm-none-eabi/10.3.1/../../../../arm-none-eabi/lib/thumb/v7e-m+fp/hard\libc_nano.a(lib_a-errno.o)
                              ./Core/Src/syscalls.o (__errno)
c:/st/stm32cubeide_1.7.0/stm32cubeide/plugins/com.st.stm32cube.ide.mcu.externaltools.gnu-tools-for-stm32.10.3-2021.10.win32_1.0.0.202111181127/tools/bin/../lib/gcc/arm-none-eabi/10.3.1/../../../../arm-none-eabi/lib/thumb/v7e-m+fp/hard\libc_nano.a(lib_a-exit.o)
                              c:/st/stm32cubeide_1.7.0/stm32cubeide/plugins/com.st.stm32cube.ide.mcu.externaltools.gnu-tools-for-stm32.10.3-2021.10.win32_1.0.0.202111181127/tools/bin/../lib/gcc/arm-none-eabi/10.3.1/../../../../arm-none-eabi/lib/thumb/v7e-m+fp/hard/crt0.o (exit)
c:/st/stm32cubeide_1.7.0/stm32cubeide/plugins/com.st.stm32cube.ide.mcu.externaltools.gnu-tools-for-stm32.10.3-2021.10.win32_1.0.0.202111181127/tools/bin/../lib/gcc/arm-none-eabi/10.3.1/../../../../arm-none-eabi/lib/thumb/v7e-m+fp/hard\libc_nano.a(lib_a-impure.o)
                              c:/st/stm32cubeide_1.7.0/stm32cubeide/plugins/com.st.stm32cube.ide.mcu.externaltools.gnu-tools-for-stm32.10.3-2021.10.win32_1.0.0.202111181127/tools/bin/../lib/gcc/arm-none-eabi/10.3.1/../../../../arm-none-eabi/lib/thumb/v7e-m+fp/hard\libc_nano.a(lib_a-exit.o) (_global_impure_ptr)
c:/st/stm32cubeide_1.7.0/stm32cubeide/plugins/com.st.stm32cube.ide.mcu.externaltools.gnu-tools-for-stm32.10.3-2021.10.win32_1.0.0.202111181127/tools/bin/../lib/gcc/arm-none-eabi/10.3.1/../../../../arm-none-eabi/lib/thumb/v7e-m+fp/hard\libc_nano.a(lib_a-init.o)
                              c:/st/stm32cubeide_1.7.0/stm32cubeide/plugins/com.st.stm32cube.ide.mcu.externaltools.gnu-tools-for-stm32.10.3-2021.10.win32_1.0.0.202111181127/tools/bin/../lib/gcc/arm-none-eabi/10.3.1/../../../../arm-none-eabi/lib/thumb/v7e-m+fp/hard/crt0.o (__libc_init_array)
c:/st/stm32cubeide_1.7.0/stm32cubeide/plugins/com.st.stm32cube.ide.mcu.externaltools.gnu-tools-for-stm32.10.3-2021.10.win32_1.0.0.202111181127/tools/bin/../lib/gcc/arm-none-eabi/10.3.1/../../../../arm-none-eabi/lib/thumb/v7e-m+fp/hard\libc_nano.a(lib_a-memset.o)
                              c:/st/stm32cubeide_1.7.0/stm32cubeide/plugins/com.st.stm32cube.ide.mcu.externaltools.gnu-tools-for-stm32.10.3-2021.10.win32_1.0.0.202111181127/tools/bin/../lib/gcc/arm-none-eabi/10.3.1/../../../../arm-none-eabi/lib/thumb/v7e-m+fp/hard/crt0.o (memset)
c:/st/stm32cubeide_1.7.0/stm32cubeide/plugins/com.st.stm32cube.ide.mcu.externaltools.gnu-tools-for-stm32.10.3-2021.10.win32_1.0.0.202111181127/tools/bin/../lib/gcc/arm-none-eabi/10.3.1/thumb/v7e-m+fp/hard\libgcc.a(_aeabi_uldivmod.o)
                              ./Drivers/STM32L4xx_HAL_Driver/Src/stm32l4xx_hal_uart.o (__aeabi_uldivmod)
c:/st/stm32cubeide_1.7.0/stm32cubeide/plugins/com.st.stm32cube.ide.mcu.externaltools.gnu-tools-for-stm32.10.3-2021.10.win32_1.0.0.202111181127/tools/bin/../lib/gcc/arm-none-eabi/10.3.1/thumb/v7e-m+fp/hard\libgcc.a(_udivmoddi4.o)
                              c:/st/stm32cubeide_1.7.0/stm32cubeide/plugins/com.st.stm32cube.ide.mcu.externaltools.gnu-tools-for-stm32.10.3-2021.10.win32_1.0.0.202111181127/tools/bin/../lib/gcc/arm-none-eabi/10.3.1/thumb/v7e-m+fp/hard\libgcc.a(_aeabi_uldivmod.o) (__udivmoddi4)
c:/st/stm32cubeide_1.7.0/stm32cubeide/plugins/com.st.stm32cube.ide.mcu.externaltools.gnu-tools-for-stm32.10.3-2021.10.win32_1.0.0.202111181127/tools/bin/../lib/gcc/arm-none-eabi/10.3.1/thumb/v7e-m+fp/hard\libgcc.a(_dvmd_tls.o)
                              c:/st/stm32cubeide_1.7.0/stm32cubeide/plugins/com.st.stm32cube.ide.mcu.externaltools.gnu-tools-for-stm32.10.3-2021.10.win32_1.0.0.202111181127/tools/bin/../lib/gcc/arm-none-eabi/10.3.1/thumb/v7e-m+fp/hard\libgcc.a(_aeabi_uldivmod.o) (__aeabi_ldiv0)

Discarded input sections

 .text          0x0000000000000000        0x0 c:/st/stm32cubeide_1.7.0/stm32cubeide/plugins/com.st.stm32cube.ide.mcu.externaltools.gnu-tools-for-stm32.10.3-2021.10.win32_1.0.0.202111181127/tools/bin/../lib/gcc/arm-none-eabi/10.3.1/thumb/v7e-m+fp/hard/crti.o
 .data          0x0000000000000000        0x0 c:/st/stm32cubeide_1.7.0/stm32cubeide/plugins/com.st.stm32cube.ide.mcu.externaltools.gnu-tools-for-stm32.10.3-2021.10.win32_1.0.0.202111181127/tools/bin/../lib/gcc/arm-none-eabi/10.3.1/thumb/v7e-m+fp/hard/crti.o
 .bss           0x0000000000000000        0x0 c:/st/stm32cubeide_1.7.0/stm32cubeide/plugins/com.st.stm32cube.ide.mcu.externaltools.gnu-tools-for-stm32.10.3-2021.10.win32_1.0.0.202111181127/tools/bin/../lib/gcc/arm-none-eabi/10.3.1/thumb/v7e-m+fp/hard/crti.o
[...]
Memory Configuration

Name             Origin             Length             Attributes
RAM              0x0000000020000000 0x00000000000a0000 xrw
RAM2             0x0000000010000000 0x0000000000010000 xrw
RAM3             0x0000000020040000 0x0000000000060000 xrw
FLASH            0x0000000008000000 0x0000000000200000 xr
*default*        0x0000000000000000 0xffffffffffffffff

Linker script and memory map

LOAD c:/st/stm32cubeide_1.7.0/stm32cubeide/plugins/com.st.stm32cube.ide.mcu.externaltools.gnu-tools-for-stm32.10.3-2021.10.win32_1.0.0.202111181127/tools/bin/../lib/gcc/arm-none-eabi/10.3.1/thumb/v7e-m+fp/hard/crti.o
LOAD c:/st/stm32cubeide_1.7.0/stm32cubeide/plugins/com.st.stm32cube.ide.mcu.externaltools.gnu-tools-for-stm32.10.3-2021.10.win32_1.0.0.202111181127/tools/bin/../lib/gcc/arm-none-eabi/10.3.1/thumb/v7e-m+fp/hard/crtbegin.o
LOAD c:/st/stm32cubeide_1.7.0/stm32cubeide/plugins/com.st.stm32cube.ide.mcu.externaltools.gnu-tools-for-stm32.10.3-2021.10.win32_1.0.0.202111181127/tools/bin/../lib/gcc/arm-none-eabi/10.3.1/../../../../arm-none-eabi/lib/thumb/v7e-m+fp/hard/crt0.o
LOAD ./Core/Src/main.o
LOAD ./Core/Src/stm32l4xx_hal_msp.o
LOAD ./Core/Src/stm32l4xx_it.o
LOAD ./Core/Src/syscalls.o
LOAD ./Core/Src/sysmem.o
LOAD ./Core/Src/system_stm32l4xx.o
LOAD ./Core/Startup/startup_stm32l4r5zitx.o
LOAD ./Drivers/STM32L4xx_HAL_Driver/Src/stm32l4xx_hal.o
LOAD ./Drivers/STM32L4xx_HAL_Driver/Src/stm32l4xx_hal_cortex.o
LOAD ./Drivers/STM32L4xx_HAL_Driver/Src/stm32l4xx_hal_dma.o
LOAD ./Drivers/STM32L4xx_HAL_Driver/Src/stm32l4xx_hal_dma_ex.o
LOAD ./Drivers/STM32L4xx_HAL_Driver/Src/stm32l4xx_hal_exti.o
LOAD ./Drivers/STM32L4xx_HAL_Driver/Src/stm32l4xx_hal_flash.o
LOAD ./Drivers/STM32L4xx_HAL_Driver/Src/stm32l4xx_hal_flash_ex.o
LOAD ./Drivers/STM32L4xx_HAL_Driver/Src/stm32l4xx_hal_flash_ramfunc.o
LOAD ./Drivers/STM32L4xx_HAL_Driver/Src/stm32l4xx_hal_gpio.o
LOAD ./Drivers/STM32L4xx_HAL_Driver/Src/stm32l4xx_hal_i2c.o
LOAD ./Drivers/STM32L4xx_HAL_Driver/Src/stm32l4xx_hal_i2c_ex.o
LOAD ./Drivers/STM32L4xx_HAL_Driver/Src/stm32l4xx_hal_pcd.o
LOAD ./Drivers/STM32L4xx_HAL_Driver/Src/stm32l4xx_hal_pcd_ex.o
LOAD ./Drivers/STM32L4xx_HAL_Driver/Src/stm32l4xx_hal_pwr.o
LOAD ./Drivers/STM32L4xx_HAL_Driver/Src/stm32l4xx_hal_pwr_ex.o
LOAD ./Drivers/STM32L4xx_HAL_Driver/Src/stm32l4xx_hal_rcc.o
LOAD ./Drivers/STM32L4xx_HAL_Driver/Src/stm32l4xx_hal_rcc_ex.o
LOAD ./Drivers/STM32L4xx_HAL_Driver/Src/stm32l4xx_hal_tim.o
LOAD ./Drivers/STM32L4xx_HAL_Driver/Src/stm32l4xx_hal_tim_ex.o
LOAD ./Drivers/STM32L4xx_HAL_Driver/Src/stm32l4xx_hal_uart.o
LOAD ./Drivers/STM32L4xx_HAL_Driver/Src/stm32l4xx_hal_uart_ex.o
LOAD ./Drivers/STM32L4xx_HAL_Driver/Src/stm32l4xx_ll_usb.o
START GROUP
LOAD c:/st/stm32cubeide_1.7.0/stm32cubeide/plugins/com.st.stm32cube.ide.mcu.externaltools.gnu-tools-for-stm32.10.3-2021.10.win32_1.0.0.202111181127/tools/bin/../lib/gcc/arm-none-eabi/10.3.1/../../../../arm-none-eabi/lib/thumb/v7e-m+fp/hard\libc_nano.a
LOAD c:/st/stm32cubeide_1.7.0/stm32cubeide/plugins/com.st.stm32cube.ide.mcu.externaltools.gnu-tools-for-stm32.10.3-2021.10.win32_1.0.0.202111181127/tools/bin/../lib/gcc/arm-none-eabi/10.3.1/../../../../arm-none-eabi/lib/thumb/v7e-m+fp/hard\libm.a
END GROUP
START GROUP
LOAD c:/st/stm32cubeide_1.7.0/stm32cubeide/plugins/com.st.stm32cube.ide.mcu.externaltools.gnu-tools-for-stm32.10.3-2021.10.win32_1.0.0.202111181127/tools/bin/../lib/gcc/arm-none-eabi/10.3.1/thumb/v7e-m+fp/hard\libgcc.a
LOAD c:/st/stm32cubeide_1.7.0/stm32cubeide/plugins/com.st.stm32cube.ide.mcu.externaltools.gnu-tools-for-stm32.10.3-2021.10.win32_1.0.0.202111181127/tools/bin/../lib/gcc/arm-none-eabi/10.3.1/../../../../arm-none-eabi/lib/thumb/v7e-m+fp/hard\libc_nano.a
END GROUP
START GROUP
LOAD c:/st/stm32cubeide_1.7.0/stm32cubeide/plugins/com.st.stm32cube.ide.mcu.externaltools.gnu-tools-for-stm32.10.3-2021.10.win32_1.0.0.202111181127/tools/bin/../lib/gcc/arm-none-eabi/10.3.1/thumb/v7e-m+fp/hard\libgcc.a
LOAD c:/st/stm32cubeide_1.7.0/stm32cubeide/plugins/com.st.stm32cube.ide.mcu.externaltools.gnu-tools-for-stm32.10.3-2021.10.win32_1.0.0.202111181127/tools/bin/../lib/gcc/arm-none-eabi/10.3.1/../../../../arm-none-eabi/lib/thumb/v7e-m+fp/hard\libc_nano.a
LOAD c:/st/stm32cubeide_1.7.0/stm32cubeide/plugins/com.st.stm32cube.ide.mcu.externaltools.gnu-tools-for-stm32.10.3-2021.10.win32_1.0.0.202111181127/tools/bin/../lib/gcc/arm-none-eabi/10.3.1/../../../../arm-none-eabi/lib/thumb/v7e-m+fp/hard\libnosys.a
END GROUP
START GROUP
LOAD c:/st/stm32cubeide_1.7.0/stm32cubeide/plugins/com.st.stm32cube.ide.mcu.externaltools.gnu-tools-for-stm32.10.3-2021.10.win32_1.0.0.202111181127/tools/bin/../lib/gcc/arm-none-eabi/10.3.1/thumb/v7e-m+fp/hard\libgcc.a
LOAD c:/st/stm32cubeide_1.7.0/stm32cubeide/plugins/com.st.stm32cube.ide.mcu.externaltools.gnu-tools-for-stm32.10.3-2021.10.win32_1.0.0.202111181127/tools/bin/../lib/gcc/arm-none-eabi/10.3.1/../../../../arm-none-eabi/lib/thumb/v7e-m+fp/hard\libc_nano.a
LOAD c:/st/stm32cubeide_1.7.0/stm32cubeide/plugins/com.st.stm32cube.ide.mcu.externaltools.gnu-tools-for-stm32.10.3-2021.10.win32_1.0.0.202111181127/tools/bin/../lib/gcc/arm-none-eabi/10.3.1/../../../../arm-none-eabi/lib/thumb/v7e-m+fp/hard\libnosys.a
END GROUP
LOAD c:/st/stm32cubeide_1.7.0/stm32cubeide/plugins/com.st.stm32cube.ide.mcu.externaltools.gnu-tools-for-stm32.10.3-2021.10.win32_1.0.0.202111181127/tools/bin/../lib/gcc/arm-none-eabi/10.3.1/thumb/v7e-m+fp/hard/crtend.o
LOAD c:/st/stm32cubeide_1.7.0/stm32cubeide/plugins/com.st.stm32cube.ide.mcu.externaltools.gnu-tools-for-stm32.10.3-2021.10.win32_1.0.0.202111181127/tools/bin/../lib/gcc/arm-none-eabi/10.3.1/thumb/v7e-m+fp/hard/crtn.o
                0x00000000200a0000                _estack = (ORIGIN (RAM) + LENGTH (RAM))
                0x0000000000000200                _Min_Heap_Size = 0x200
                0x0000000000000400                _Min_Stack_Size = 0x400

.isr_vector     0x0000000008000000      0x1bc
                0x0000000008000000                . = ALIGN (0x4)
 *(.isr_vector)
 .isr_vector    0x0000000008000000      0x1bc ./Core/Startup/startup_stm32l4r5zitx.o
                0x0000000008000000                g_pfnVectors
                0x00000000080001bc                . = ALIGN (0x4)

.text           0x00000000080001bc     0x4314
                0x00000000080001bc                . = ALIGN (0x4)
 *(.text)
 .text          0x00000000080001bc       0x40 c:/st/stm32cubeide_1.7.0/stm32cubeide/plugins/com.st.stm32cube.ide.mcu.externaltools.gnu-tools-for-stm32.10.3-2021.10.win32_1.0.0.202111181127/tools/bin/../lib/gcc/arm-none-eabi/10.3.1/thumb/v7e-m+fp/hard/crtbegin.o
 .text          0x00000000080001fc       0x30 c:/st/stm32cubeide_1.7.0/stm32cubeide/plugins/com.st.stm32cube.ide.mcu.externaltools.gnu-tools-for-stm32.10.3-2021.10.win32_1.0.0.202111181127/tools/bin/../lib/gcc/arm-none-eabi/10.3.1/thumb/v7e-m+fp/hard\libgcc.a(_aeabi_uldivmod.o)
                0x00000000080001fc                __aeabi_uldivmod
 .text          0x000000000800022c      0x2d0 c:/st/stm32cubeide_1.7.0/stm32cubeide/plugins/com.st.stm32cube.ide.mcu.externaltools.gnu-tools-for-stm32.10.3-2021.10.win32_1.0.0.202111181127/tools/bin/../lib/gcc/arm-none-eabi/10.3.1/thumb/v7e-m+fp/hard\libgcc.a(_udivmoddi4.o)
                0x000000000800022c                __udivmoddi4
 .text          0x00000000080004fc        0x4 c:/st/stm32cubeide_1.7.0/stm32cubeide/plugins/com.st.stm32cube.ide.mcu.externaltools.gnu-tools-for-stm32.10.3-2021.10.win32_1.0.0.202111181127/tools/bin/../lib/gcc/arm-none-eabi/10.3.1/thumb/v7e-m+fp/hard\libgcc.a(_dvmd_tls.o)
                0x00000000080004fc                __aeabi_idiv0
                0x00000000080004fc                __aeabi_ldiv0
 *(.text*)
 .text.main     0x0000000008000500       0x6c ./Core/Src/main.o
                0x0000000008000500                main
 .text.SystemClock_Config
                0x000000000800056c       0xa6 ./Core/Src/main.o
                0x000000000800056c                SystemClock_Config
 *fill*         0x0000000008000612        0x2 
 .text.MX_LPUART1_UART_Init
                0x0000000008000614       0x98 ./Core/Src/main.o
 .text.MX_USART1_UART_Init
                0x00000000080006ac       0x9c ./Core/Src/main.o
 .text.MX_USART3_UART_Init
                0x0000000008000748       0x98 ./Core/Src/main.o
 .text.MX_USB_OTG_FS_PCD_Init
                0x00000000080007e0       0x54 ./Core/Src/main.o
 .text.MX_GPIO_Init
                0x0000000008000834      0x148 ./Core/Src/main.o
 .text.Error_Handler
                0x000000000800097c        0xa ./Core/Src/main.o
                0x000000000800097c                Error_Handler
 *fill*         0x0000000008000986        0x2 
 .text.HAL_MspInit
                0x0000000008000988       0x48 ./Core/Src/stm32l4xx_hal_msp.o
                0x0000000008000988                HAL_MspInit
 .text.HAL_UART_MspInit
                0x00000000080009d0      0x1d8 ./Core/Src/stm32l4xx_hal_msp.o
                0x00000000080009d0                HAL_UART_MspInit
 .text.HAL_PCD_MspInit
                0x0000000008000ba8      0x118 ./Core/Src/stm32l4xx_hal_msp.o
                0x0000000008000ba8                HAL_PCD_MspInit
 .text.NMI_Handler
                0x0000000008000cc0        0x6 ./Core/Src/stm32l4xx_it.o
                0x0000000008000cc0                NMI_Handler
 .text.HardFault_Handler
                0x0000000008000cc6        0x6 ./Core/Src/stm32l4xx_it.o
                0x0000000008000cc6                HardFault_Handler
 .text.MemManage_Handler
                0x0000000008000ccc        0x6 ./Core/Src/stm32l4xx_it.o
                0x0000000008000ccc                MemManage_Handler
 .text.BusFault_Handler
                0x0000000008000cd2        0x6 ./Core/Src/stm32l4xx_it.o
                0x0000000008000cd2                BusFault_Handler
 .text.UsageFault_Handler
                0x0000000008000cd8        0x6 ./Core/Src/stm32l4xx_it.o
                0x0000000008000cd8                UsageFault_Handler
 .text.SVC_Handler
                0x0000000008000cde        0xe ./Core/Src/stm32l4xx_it.o
                0x0000000008000cde                SVC_Handler
 .text.DebugMon_Handler
                0x0000000008000cec        0xe ./Core/Src/stm32l4xx_it.o
                0x0000000008000cec                DebugMon_Handler
 .text.PendSV_Handler
                0x0000000008000cfa        0xe ./Core/Src/stm32l4xx_it.o
                0x0000000008000cfa                PendSV_Handler
 .text.SysTick_Handler
                0x0000000008000d08        0xc ./Core/Src/stm32l4xx_it.o
                0x0000000008000d08                SysTick_Handler
 .text.SystemInit
                0x0000000008000d14       0x24 ./Core/Src/system_stm32l4xx.o
                0x0000000008000d14                SystemInit
 .text.Reset_Handler
                0x0000000008000d38       0x50 ./Core/Startup/startup_stm32l4r5zitx.o
                0x0000000008000d38                Reset_Handler
 .text.Default_Handler
                0x0000000008000d88        0x2 ./Core/Startup/startup_stm32l4r5zitx.o
                0x0000000008000d88                RTC_Alarm_IRQHandler
                0x0000000008000d88                EXTI2_IRQHandler
                0x0000000008000d88                TIM8_TRG_COM_IRQHandler
                0x0000000008000d88                TIM8_CC_IRQHandler
                0x0000000008000d88                TIM1_CC_IRQHandler
                0x0000000008000d88                TSC_IRQHandler
                0x0000000008000d88                TAMP_STAMP_IRQHandler
                0x0000000008000d88                EXTI3_IRQHandler
                0x0000000008000d88                LPTIM2_IRQHandler
                0x0000000008000d88                DFSDM1_FLT1_IRQHandler
                0x0000000008000d88                GFXMMU_IRQHandler
                0x0000000008000d88                I2C3_ER_IRQHandler
                0x0000000008000d88                DFSDM1_FLT2_IRQHandler
                0x0000000008000d88                EXTI0_IRQHandler
                0x0000000008000d88                I2C2_EV_IRQHandler
                0x0000000008000d88                CAN1_RX0_IRQHandler
                0x0000000008000d88                FPU_IRQHandler
                0x0000000008000d88                TIM1_UP_TIM16_IRQHandler
                0x0000000008000d88                LTDC_ER_IRQHandler
                0x0000000008000d88                SPI1_IRQHandler
                0x0000000008000d88                OCTOSPI1_IRQHandler
                0x0000000008000d88                TIM6_DAC_IRQHandler
                0x0000000008000d88                DCMI_IRQHandler
                0x0000000008000d88                TIM8_UP_IRQHandler
                0x0000000008000d88                OCTOSPI2_IRQHandler
                0x0000000008000d88                DMA2_Channel2_IRQHandler
                0x0000000008000d88                DMA1_Channel4_IRQHandler
                0x0000000008000d88                SAI2_IRQHandler
                0x0000000008000d88                ADC1_IRQHandler
                0x0000000008000d88                DFSDM1_FLT3_IRQHandler
                0x0000000008000d88                USART3_IRQHandler
                0x0000000008000d88                DMA1_Channel7_IRQHandler
                0x0000000008000d88                CAN1_RX1_IRQHandler
                0x0000000008000d88                UART5_IRQHandler
                0x0000000008000d88                TIM4_IRQHandler
                0x0000000008000d88                DMA2_Channel1_IRQHandler
                0x0000000008000d88                I2C1_EV_IRQHandler
                0x0000000008000d88                DMAMUX1_OVR_IRQHandler
                0x0000000008000d88                DMA1_Channel6_IRQHandler
                0x0000000008000d88                UART4_IRQHandler
                0x0000000008000d88                DMA2_Channel4_IRQHandler
                0x0000000008000d88                TIM3_IRQHandler
                0x0000000008000d88                RCC_IRQHandler
                0x0000000008000d88                DMA1_Channel1_IRQHandler
                0x0000000008000d88                Default_Handler
                0x0000000008000d88                DMA2_Channel7_IRQHandler
                0x0000000008000d88                EXTI15_10_IRQHandler
                0x0000000008000d88                TIM7_IRQHandler
                0x0000000008000d88                SDMMC1_IRQHandler
                0x0000000008000d88                TIM5_IRQHandler
                0x0000000008000d88                I2C3_EV_IRQHandler
                0x0000000008000d88                EXTI9_5_IRQHandler
                0x0000000008000d88                RTC_WKUP_IRQHandler
                0x0000000008000d88                LTDC_IRQHandler
                0x0000000008000d88                PVD_PVM_IRQHandler
                0x0000000008000d88                SPI2_IRQHandler
                0x0000000008000d88                CAN1_TX_IRQHandler
                0x0000000008000d88                DMA2_Channel5_IRQHandler
                0x0000000008000d88                CRS_IRQHandler
                0x0000000008000d88                DMA1_Channel5_IRQHandler
                0x0000000008000d88                EXTI4_IRQHandler
                0x0000000008000d88                RNG_IRQHandler
                0x0000000008000d88                TIM1_TRG_COM_TIM17_IRQHandler
                0x0000000008000d88                DMA1_Channel3_IRQHandler
                0x0000000008000d88                COMP_IRQHandler
                0x0000000008000d88                WWDG_IRQHandler
                0x0000000008000d88                I2C4_EV_IRQHandler
                0x0000000008000d88                LPUART1_IRQHandler
                0x0000000008000d88                DMA2_Channel6_IRQHandler
                0x0000000008000d88                TIM2_IRQHandler
                0x0000000008000d88                DMA2D_IRQHandler
                0x0000000008000d88                EXTI1_IRQHandler
                0x0000000008000d88                USART2_IRQHandler
                0x0000000008000d88                DFSDM1_FLT0_IRQHandler
                0x0000000008000d88                I2C2_ER_IRQHandler
                0x0000000008000d88                DMA1_Channel2_IRQHandler
                0x0000000008000d88                TIM8_BRK_IRQHandler
                0x0000000008000d88                CAN1_SCE_IRQHandler
                0x0000000008000d88                FLASH_IRQHandler
                0x0000000008000d88                USART1_IRQHandler
                0x0000000008000d88                OTG_FS_IRQHandler
                0x0000000008000d88                SPI3_IRQHandler
                0x0000000008000d88                I2C1_ER_IRQHandler
                0x0000000008000d88                FMC_IRQHandler
                0x0000000008000d88                LPTIM1_IRQHandler
                0x0000000008000d88                I2C4_ER_IRQHandler
                0x0000000008000d88                SAI1_IRQHandler
                0x0000000008000d88                DMA2_Channel3_IRQHandler
                0x0000000008000d88                TIM1_BRK_TIM15_IRQHandler
 .text.HAL_Init
                0x0000000008000d8a       0x30 ./Drivers/STM32L4xx_HAL_Driver/Src/stm32l4xx_hal.o
                0x0000000008000d8a                HAL_Init
 *fill*         0x0000000008000dba        0x2 
 .text.HAL_InitTick
                0x0000000008000dbc       0x78 ./Drivers/STM32L4xx_HAL_Driver/Src/stm32l4xx_hal.o
                0x0000000008000dbc                HAL_InitTick
 .text.HAL_IncTick
                0x0000000008000e34       0x28 ./Drivers/STM32L4xx_HAL_Driver/Src/stm32l4xx_hal.o
                0x0000000008000e34                HAL_IncTick
 .text.HAL_GetTick
                0x0000000008000e5c       0x18 ./Drivers/STM32L4xx_HAL_Driver/Src/stm32l4xx_hal.o
                0x0000000008000e5c                HAL_GetTick
 .text.HAL_Delay
                0x0000000008000e74       0x48 ./Drivers/STM32L4xx_HAL_Driver/Src/stm32l4xx_hal.o
                0x0000000008000e74                HAL_Delay
 .text.__NVIC_SetPriorityGrouping
                0x0000000008000ebc       0x48 ./Drivers/STM32L4xx_HAL_Driver/Src/stm32l4xx_hal_cortex.o
 .text.__NVIC_GetPriorityGrouping
                0x0000000008000f04       0x1c ./Drivers/STM32L4xx_HAL_Driver/Src/stm32l4xx_hal_cortex.o
 .text.__NVIC_SetPriority
                0x0000000008000f20       0x54 ./Drivers/STM32L4xx_HAL_Driver/Src/stm32l4xx_hal_cortex.o
 .text.NVIC_EncodePriority
                0x0000000008000f74       0x66 ./Drivers/STM32L4xx_HAL_Driver/Src/stm32l4xx_hal_cortex.o
 *fill*         0x0000000008000fda        0x2 
 .text.SysTick_Config
                0x0000000008000fdc       0x44 ./Drivers/STM32L4xx_HAL_Driver/Src/stm32l4xx_hal_cortex.o
 .text.HAL_NVIC_SetPriorityGrouping
                0x0000000008001020       0x16 ./Drivers/STM32L4xx_HAL_Driver/Src/stm32l4xx_hal_cortex.o
                0x0000000008001020                HAL_NVIC_SetPriorityGrouping
 .text.HAL_NVIC_SetPriority
                0x0000000008001036       0x38 ./Drivers/STM32L4xx_HAL_Driver/Src/stm32l4xx_hal_cortex.o
                0x0000000008001036                HAL_NVIC_SetPriority
 .text.HAL_SYSTICK_Config
                0x000000000800106e       0x18 ./Drivers/STM32L4xx_HAL_Driver/Src/stm32l4xx_hal_cortex.o
                0x000000000800106e                HAL_SYSTICK_Config
 *fill*         0x0000000008001086        0x2 
 .text.HAL_GPIO_Init
                0x0000000008001088      0x324 ./Drivers/STM32L4xx_HAL_Driver/Src/stm32l4xx_hal_gpio.o
                0x0000000008001088                HAL_GPIO_Init
 .text.HAL_GPIO_WritePin
                0x00000000080013ac       0x30 ./Drivers/STM32L4xx_HAL_Driver/Src/stm32l4xx_hal_gpio.o
                0x00000000080013ac                HAL_GPIO_WritePin
 .text.HAL_PCD_Init
                0x00000000080013dc      0x248 ./Drivers/STM32L4xx_HAL_Driver/Src/stm32l4xx_hal_pcd.o
                0x00000000080013dc                HAL_PCD_Init
 .text.HAL_PCDEx_ActivateLPM
                0x0000000008001624       0x48 ./Drivers/STM32L4xx_HAL_Driver/Src/stm32l4xx_hal_pcd_ex.o
                0x0000000008001624                HAL_PCDEx_ActivateLPM
 .text.HAL_PWREx_GetVoltageRange
                0x000000000800166c       0x40 ./Drivers/STM32L4xx_HAL_Driver/Src/stm32l4xx_hal_pwr_ex.o
                0x000000000800166c                HAL_PWREx_GetVoltageRange
 .text.HAL_PWREx_ControlVoltageScaling
                0x00000000080016ac      0x148 ./Drivers/STM32L4xx_HAL_Driver/Src/stm32l4xx_hal_pwr_ex.o
                0x00000000080016ac                HAL_PWREx_ControlVoltageScaling
 .text.HAL_PWREx_EnableVddUSB
                0x00000000080017f4       0x20 ./Drivers/STM32L4xx_HAL_Driver/Src/stm32l4xx_hal_pwr_ex.o
                0x00000000080017f4                HAL_PWREx_EnableVddUSB
 .text.HAL_PWREx_EnableVddIO2
                0x0000000008001814       0x20 ./Drivers/STM32L4xx_HAL_Driver/Src/stm32l4xx_hal_pwr_ex.o
                0x0000000008001814                HAL_PWREx_EnableVddIO2
 .text.HAL_RCC_OscConfig
                0x0000000008001834      0x834 ./Drivers/STM32L4xx_HAL_Driver/Src/stm32l4xx_hal_rcc.o
                0x0000000008001834                HAL_RCC_OscConfig
 .text.HAL_RCC_ClockConfig
                0x0000000008002068      0x274 ./Drivers/STM32L4xx_HAL_Driver/Src/stm32l4xx_hal_rcc.o
                0x0000000008002068                HAL_RCC_ClockConfig
 .text.HAL_RCC_GetSysClockFreq
                0x00000000080022dc      0x118 ./Drivers/STM32L4xx_HAL_Driver/Src/stm32l4xx_hal_rcc.o
                0x00000000080022dc                HAL_RCC_GetSysClockFreq
 .text.HAL_RCC_GetHCLKFreq
                0x00000000080023f4       0x18 ./Drivers/STM32L4xx_HAL_Driver/Src/stm32l4xx_hal_rcc.o
                0x00000000080023f4                HAL_RCC_GetHCLKFreq
 .text.HAL_RCC_GetPCLK1Freq
                0x000000000800240c       0x2c ./Drivers/STM32L4xx_HAL_Driver/Src/stm32l4xx_hal_rcc.o
                0x000000000800240c                HAL_RCC_GetPCLK1Freq
 .text.HAL_RCC_GetPCLK2Freq
                0x0000000008002438       0x2c ./Drivers/STM32L4xx_HAL_Driver/Src/stm32l4xx_hal_rcc.o
                0x0000000008002438                HAL_RCC_GetPCLK2Freq
 .text.RCC_SetFlashLatencyFromMSIRange
                0x0000000008002464       0xb4 ./Drivers/STM32L4xx_HAL_Driver/Src/stm32l4xx_hal_rcc.o
 .text.RCC_GetSysClockFreqFromPLLSource
                0x0000000008002518       0xcc ./Drivers/STM32L4xx_HAL_Driver/Src/stm32l4xx_hal_rcc.o
 .text.HAL_RCCEx_PeriphCLKConfig
                0x00000000080025e4      0x660 ./Drivers/STM32L4xx_HAL_Driver/Src/stm32l4xx_hal_rcc_ex.o
                0x00000000080025e4                HAL_RCCEx_PeriphCLKConfig
 .text.RCCEx_PLLSAI1_Config
                0x0000000008002c44      0x1e8 ./Drivers/STM32L4xx_HAL_Driver/Src/stm32l4xx_hal_rcc_ex.o
 .text.RCCEx_PLLSAI2_Config
                0x0000000008002e2c      0x1e8 ./Drivers/STM32L4xx_HAL_Driver/Src/stm32l4xx_hal_rcc_ex.o
 .text.HAL_UART_Init
                0x0000000008003014       0xa0 ./Drivers/STM32L4xx_HAL_Driver/Src/stm32l4xx_hal_uart.o
                0x0000000008003014                HAL_UART_Init
 .text.HAL_UART_Transmit
                0x00000000080030b4      0x12e ./Drivers/STM32L4xx_HAL_Driver/Src/stm32l4xx_hal_uart.o
                0x00000000080030b4                HAL_UART_Transmit
 .text.HAL_UART_Receive
                0x00000000080031e2      0x1a8 ./Drivers/STM32L4xx_HAL_Driver/Src/stm32l4xx_hal_uart.o
                0x00000000080031e2                HAL_UART_Receive
 *fill*         0x000000000800338a        0x2 
 .text.UART_SetConfig
                0x000000000800338c      0x5f8 ./Drivers/STM32L4xx_HAL_Driver/Src/stm32l4xx_hal_uart.o
                0x000000000800338c                UART_SetConfig
 .text.UART_AdvFeatureConfig
                0x0000000008003984      0x144 ./Drivers/STM32L4xx_HAL_Driver/Src/stm32l4xx_hal_uart.o
                0x0000000008003984                UART_AdvFeatureConfig
 .text.UART_CheckIdleState
                0x0000000008003ac8       0x96 ./Drivers/STM32L4xx_HAL_Driver/Src/stm32l4xx_hal_uart.o
                0x0000000008003ac8                UART_CheckIdleState
 .text.UART_WaitOnFlagUntilTimeout
                0x0000000008003b5e      0x190 ./Drivers/STM32L4xx_HAL_Driver/Src/stm32l4xx_hal_uart.o
                0x0000000008003b5e                UART_WaitOnFlagUntilTimeout
 .text.HAL_UARTEx_DisableFifoMode
                0x0000000008003cee       0x72 ./Drivers/STM32L4xx_HAL_Driver/Src/stm32l4xx_hal_uart_ex.o
                0x0000000008003cee                HAL_UARTEx_DisableFifoMode
 .text.HAL_UARTEx_SetTxFifoThreshold
                0x0000000008003d60       0x7c ./Drivers/STM32L4xx_HAL_Driver/Src/stm32l4xx_hal_uart_ex.o
                0x0000000008003d60                HAL_UARTEx_SetTxFifoThreshold
 .text.HAL_UARTEx_SetRxFifoThreshold
                0x0000000008003ddc       0x7c ./Drivers/STM32L4xx_HAL_Driver/Src/stm32l4xx_hal_uart_ex.o
                0x0000000008003ddc                HAL_UARTEx_SetRxFifoThreshold
 .text.UARTEx_SetNbDataToProcess
                0x0000000008003e58       0x9c ./Drivers/STM32L4xx_HAL_Driver/Src/stm32l4xx_hal_uart_ex.o
 .text.USB_CoreInit
                0x0000000008003ef4       0x58 ./Drivers/STM32L4xx_HAL_Driver/Src/stm32l4xx_ll_usb.o
                0x0000000008003ef4                USB_CoreInit
 .text.USB_DisableGlobalInt
                0x0000000008003f4c       0x22 ./Drivers/STM32L4xx_HAL_Driver/Src/stm32l4xx_ll_usb.o
                0x0000000008003f4c                USB_DisableGlobalInt
 .text.USB_SetCurrentMode
                0x0000000008003f6e       0x98 ./Drivers/STM32L4xx_HAL_Driver/Src/stm32l4xx_ll_usb.o
                0x0000000008003f6e                USB_SetCurrentMode
 *fill*         0x0000000008004006        0x2 
 .text.USB_DevInit
                0x0000000008004008      0x298 ./Drivers/STM32L4xx_HAL_Driver/Src/stm32l4xx_ll_usb.o
                0x0000000008004008                USB_DevInit
 .text.USB_FlushTxFifo
                0x00000000080042a0       0x68 ./Drivers/STM32L4xx_HAL_Driver/Src/stm32l4xx_ll_usb.o
                0x00000000080042a0                USB_FlushTxFifo
 .text.USB_FlushRxFifo
                0x0000000008004308       0x60 ./Drivers/STM32L4xx_HAL_Driver/Src/stm32l4xx_ll_usb.o
                0x0000000008004308                USB_FlushRxFifo
 .text.USB_SetDevSpeed
                0x0000000008004368       0x32 ./Drivers/STM32L4xx_HAL_Driver/Src/stm32l4xx_ll_usb.o
                0x0000000008004368                USB_SetDevSpeed
 .text.USB_DevDisconnect
                0x000000000800439a       0x42 ./Drivers/STM32L4xx_HAL_Driver/Src/stm32l4xx_ll_usb.o
                0x000000000800439a                USB_DevDisconnect
 .text.USB_GetMode
                0x00000000080043dc       0x1c ./Drivers/STM32L4xx_HAL_Driver/Src/stm32l4xx_ll_usb.o
                0x00000000080043dc                USB_GetMode
 .text.USB_CoreReset
                0x00000000080043f8       0x68 ./Drivers/STM32L4xx_HAL_Driver/Src/stm32l4xx_ll_usb.o
 .text.__libc_init_array
                0x0000000008004460       0x48 c:/st/stm32cubeide_1.7.0/stm32cubeide/plugins/com.st.stm32cube.ide.mcu.externaltools.gnu-tools-for-stm32.10.3-2021.10.win32_1.0.0.202111181127/tools/bin/../lib/gcc/arm-none-eabi/10.3.1/../../../../arm-none-eabi/lib/thumb/v7e-m+fp/hard\libc_nano.a(lib_a-init.o)
                0x0000000008004460                __libc_init_array
 .text.memset   0x00000000080044a8       0x10 c:/st/stm32cubeide_1.7.0/stm32cubeide/plugins/com.st.stm32cube.ide.mcu.externaltools.gnu-tools-for-stm32.10.3-2021.10.win32_1.0.0.202111181127/tools/bin/../lib/gcc/arm-none-eabi/10.3.1/../../../../arm-none-eabi/lib/thumb/v7e-m+fp/hard\libc_nano.a(lib_a-memset.o)
                0x00000000080044a8                memset
 *(.glue_7)
 .glue_7        0x00000000080044b8        0x0 linker stubs
 *(.glue_7t)
 .glue_7t       0x00000000080044b8        0x0 linker stubs
 *(.eh_frame)
 .eh_frame      0x00000000080044b8        0x0 c:/st/stm32cubeide_1.7.0/stm32cubeide/plugins/com.st.stm32cube.ide.mcu.externaltools.gnu-tools-for-stm32.10.3-2021.10.win32_1.0.0.202111181127/tools/bin/../lib/gcc/arm-none-eabi/10.3.1/thumb/v7e-m+fp/hard/crtbegin.o
 *(.init)
 .init          0x00000000080044b8        0x4 c:/st/stm32cubeide_1.7.0/stm32cubeide/plugins/com.st.stm32cube.ide.mcu.externaltools.gnu-tools-for-stm32.10.3-2021.10.win32_1.0.0.202111181127/tools/bin/../lib/gcc/arm-none-eabi/10.3.1/thumb/v7e-m+fp/hard/crti.o
                0x00000000080044b8                _init
 .init          0x00000000080044bc        0x8 c:/st/stm32cubeide_1.7.0/stm32cubeide/plugins/com.st.stm32cube.ide.mcu.externaltools.gnu-tools-for-stm32.10.3-2021.10.win32_1.0.0.202111181127/tools/bin/../lib/gcc/arm-none-eabi/10.3.1/thumb/v7e-m+fp/hard/crtn.o
 *(.fini)
 .fini          0x00000000080044c4        0x4 c:/st/stm32cubeide_1.7.0/stm32cubeide/plugins/com.st.stm32cube.ide.mcu.externaltools.gnu-tools-for-stm32.10.3-2021.10.win32_1.0.0.202111181127/tools/bin/../lib/gcc/arm-none-eabi/10.3.1/thumb/v7e-m+fp/hard/crti.o
                0x00000000080044c4                _fini
 .fini          0x00000000080044c8        0x8 c:/st/stm32cubeide_1.7.0/stm32cubeide/plugins/com.st.stm32cube.ide.mcu.externaltools.gnu-tools-for-stm32.10.3-2021.10.win32_1.0.0.202111181127/tools/bin/../lib/gcc/arm-none-eabi/10.3.1/thumb/v7e-m+fp/hard/crtn.o
                0x00000000080044d0                . = ALIGN (0x4)
                0x00000000080044d0                _etext = .

.vfp11_veneer   0x00000000080044d0        0x0
 .vfp11_veneer  0x00000000080044d0        0x0 linker stubs

.v4_bx          0x00000000080044d0        0x0
 .v4_bx         0x00000000080044d0        0x0 linker stubs

.iplt           0x00000000080044d0        0x0
 .iplt          0x00000000080044d0        0x0 c:/st/stm32cubeide_1.7.0/stm32cubeide/plugins/com.st.stm32cube.ide.mcu.externaltools.gnu-tools-for-stm32.10.3-2021.10.win32_1.0.0.202111181127/tools/bin/../lib/gcc/arm-none-eabi/10.3.1/thumb/v7e-m+fp/hard/crtbegin.o

.rodata         0x00000000080044d0       0x78
                0x00000000080044d0                . = ALIGN (0x4)
 *(.rodata)
 .rodata        0x00000000080044d0        0x7 ./Core/Src/main.o
 *(.rodata*)
 *fill*         0x00000000080044d7        0x1 
 .rodata.AHBPrescTable
                0x00000000080044d8       0x10 ./Core/Src/system_stm32l4xx.o
                0x00000000080044d8                AHBPrescTable
 .rodata.APBPrescTable
                0x00000000080044e8        0x8 ./Core/Src/system_stm32l4xx.o
                0x00000000080044e8                APBPrescTable
 .rodata.MSIRangeTable
                0x00000000080044f0       0x30 ./Core/Src/system_stm32l4xx.o
                0x00000000080044f0                MSIRangeTable
 .rodata.UARTPrescTable
                0x0000000008004520       0x18 ./Drivers/STM32L4xx_HAL_Driver/Src/stm32l4xx_hal_uart.o
                0x0000000008004520                UARTPrescTable
 .rodata.numerator.1
                0x0000000008004538        0x8 ./Drivers/STM32L4xx_HAL_Driver/Src/stm32l4xx_hal_uart_ex.o
 .rodata.denominator.0
                0x0000000008004540        0x8 ./Drivers/STM32L4xx_HAL_Driver/Src/stm32l4xx_hal_uart_ex.o
                0x0000000008004548                . = ALIGN (0x4)

.ARM.extab      0x0000000008004548        0x0
                0x0000000008004548                . = ALIGN (0x4)
 *(.ARM.extab* .gnu.linkonce.armextab.*)
                0x0000000008004548                . = ALIGN (0x4)

.ARM            0x0000000008004548        0x8
                0x0000000008004548                . = ALIGN (0x4)
                0x0000000008004548                __exidx_start = .
 *(.ARM.exidx*)
 .ARM.exidx     0x0000000008004548        0x8 c:/st/stm32cubeide_1.7.0/stm32cubeide/plugins/com.st.stm32cube.ide.mcu.externaltools.gnu-tools-for-stm32.10.3-2021.10.win32_1.0.0.202111181127/tools/bin/../lib/gcc/arm-none-eabi/10.3.1/thumb/v7e-m+fp/hard\libgcc.a(_udivmoddi4.o)
                0x0000000008004550                __exidx_end = .
                0x0000000008004550                . = ALIGN (0x4)

.rel.dyn        0x0000000008004550        0x0
 .rel.iplt      0x0000000008004550        0x0 c:/st/stm32cubeide_1.7.0/stm32cubeide/plugins/com.st.stm32cube.ide.mcu.externaltools.gnu-tools-for-stm32.10.3-2021.10.win32_1.0.0.202111181127/tools/bin/../lib/gcc/arm-none-eabi/10.3.1/thumb/v7e-m+fp/hard/crtbegin.o

.preinit_array  0x0000000008004550        0x0
                0x0000000008004550                . = ALIGN (0x4)
                0x0000000008004550                PROVIDE (__preinit_array_start = .)
 *(.preinit_array*)
                0x0000000008004550                PROVIDE (__preinit_array_end = .)
                0x0000000008004550                . = ALIGN (0x4)

.init_array     0x0000000008004550        0x4
                0x0000000008004550                . = ALIGN (0x4)
                0x0000000008004550                PROVIDE (__init_array_start = .)
 *(SORT_BY_NAME(.init_array.*))
 *(.init_array*)
 .init_array    0x0000000008004550        0x4 c:/st/stm32cubeide_1.7.0/stm32cubeide/plugins/com.st.stm32cube.ide.mcu.externaltools.gnu-tools-for-stm32.10.3-2021.10.win32_1.0.0.202111181127/tools/bin/../lib/gcc/arm-none-eabi/10.3.1/thumb/v7e-m+fp/hard/crtbegin.o
                0x0000000008004554                PROVIDE (__init_array_end = .)
                0x0000000008004554                . = ALIGN (0x4)

.fini_array     0x0000000008004554        0x4
                0x0000000008004554                . = ALIGN (0x4)
                [!provide]                        PROVIDE (__fini_array_start = .)
 *(SORT_BY_NAME(.fini_array.*))
 *(.fini_array*)
 .fini_array    0x0000000008004554        0x4 c:/st/stm32cubeide_1.7.0/stm32cubeide/plugins/com.st.stm32cube.ide.mcu.externaltools.gnu-tools-for-stm32.10.3-2021.10.win32_1.0.0.202111181127/tools/bin/../lib/gcc/arm-none-eabi/10.3.1/thumb/v7e-m+fp/hard/crtbegin.o
                [!provide]                        PROVIDE (__fini_array_end = .)
                0x0000000008004558                . = ALIGN (0x4)
                0x0000000008004558                _sidata = LOADADDR (.data)

.data           0x0000000020000000        0xc load address 0x0000000008004558
                0x0000000020000000                . = ALIGN (0x4)
                0x0000000020000000                _sdata = .
 *(.data)
 *(.data*)
 .data.SystemCoreClock
                0x0000000020000000        0x4 ./Core/Src/system_stm32l4xx.o
                0x0000000020000000                SystemCoreClock
 .data.uwTickPrio
                0x0000000020000004        0x4 ./Drivers/STM32L4xx_HAL_Driver/Src/stm32l4xx_hal.o
                0x0000000020000004                uwTickPrio
 .data.uwTickFreq
                0x0000000020000008        0x1 ./Drivers/STM32L4xx_HAL_Driver/Src/stm32l4xx_hal.o
                0x0000000020000008                uwTickFreq
 *(.RamFunc)
 *(.RamFunc*)
                0x000000002000000c                . = ALIGN (0x4)
 *fill*         0x0000000020000009        0x3 
                0x000000002000000c                _edata = .

.igot.plt       0x000000002000000c        0x0 load address 0x0000000008004564
 .igot.plt      0x000000002000000c        0x0 c:/st/stm32cubeide_1.7.0/stm32cubeide/plugins/com.st.stm32cube.ide.mcu.externaltools.gnu-tools-for-stm32.10.3-2021.10.win32_1.0.0.202111181127/tools/bin/../lib/gcc/arm-none-eabi/10.3.1/thumb/v7e-m+fp/hard/crtbegin.o
                0x000000002000000c                . = ALIGN (0x4)

.bss            0x000000002000000c      0x808 load address 0x0000000008004564
                0x000000002000000c                _sbss = .
                0x000000002000000c                __bss_start__ = _sbss
 *(.bss)
 .bss           0x000000002000000c       0x1c c:/st/stm32cubeide_1.7.0/stm32cubeide/plugins/com.st.stm32cube.ide.mcu.externaltools.gnu-tools-for-stm32.10.3-2021.10.win32_1.0.0.202111181127/tools/bin/../lib/gcc/arm-none-eabi/10.3.1/thumb/v7e-m+fp/hard/crtbegin.o
 *(.bss*)
 .bss.hlpuart1  0x0000000020000028       0x90 ./Core/Src/main.o
                0x0000000020000028                hlpuart1
 .bss.huart1    0x00000000200000b8       0x90 ./Core/Src/main.o
                0x00000000200000b8                huart1
 .bss.huart3    0x0000000020000148       0x90 ./Core/Src/main.o
                0x0000000020000148                huart3
 .bss.hpcd_USB_OTG_FS
                0x00000000200001d8      0x50c ./Core/Src/main.o
                0x00000000200001d8                hpcd_USB_OTG_FS
 .bss.dataRec   0x00000000200006e4      0x12c ./Core/Src/main.o
                0x00000000200006e4                dataRec
 .bss.uwTick    0x0000000020000810        0x4 ./Drivers/STM32L4xx_HAL_Driver/Src/stm32l4xx_hal.o
                0x0000000020000810                uwTick
 *(COMMON)
                0x0000000020000814                . = ALIGN (0x4)
                0x0000000020000814                _ebss = .
                0x0000000020000814                __bss_end__ = _ebss

._user_heap_stack
                0x0000000020000814      0x604 load address 0x0000000008004564
                0x0000000020000818                . = ALIGN (0x8)
 *fill*         0x0000000020000814        0x4 
                [!provide]                        PROVIDE (end = .)
                0x0000000020000818                PROVIDE (_end = .)
                0x0000000020000a18                . = (. + _Min_Heap_Size)
 *fill*         0x0000000020000818      0x200 
                0x0000000020000e18                . = (. + _Min_Stack_Size)
 *fill*         0x0000000020000a18      0x400 
                0x0000000020000e18                . = ALIGN (0x8)

/DISCARD/
 libc.a(*)
 libm.a(*)
 libgcc.a(*)

.ARM.attributes
                0x0000000000000000       0x30
 *(.ARM.attributes)
 .ARM.attributes
                0x0000000000000000       0x1e c:/st/stm32cubeide_1.7.0/stm32cubeide/plugins/com.st.stm32cube.ide.mcu.externaltools.gnu-tools-for-stm32.10.3-2021.10.win32_1.0.0.202111181127/tools/bin/../lib/gcc/arm-none-eabi/10.3.1/thumb/v7e-m+fp/hard/crti.o
 .ARM.attributes
                0x000000000000001e       0x34 c:/st/stm32cubeide_1.7.0/stm32cubeide/plugins/com.st.stm32cube.ide.mcu.externaltools.gnu-tools-for-stm32.10.3-2021.10.win32_1.0.0.202111181127/tools/bin/../lib/gcc/arm-none-eabi/10.3.1/thumb/v7e-m+fp/hard/crtbegin.o
 .ARM.attributes
                0x0000000000000052       0x34 ./Core/Src/main.o
 .ARM.attributes
                0x0000000000000086       0x34 ./Core/Src/stm32l4xx_hal_msp.o
 .ARM.attributes
                0x00000000000000ba       0x34 ./Core/Src/stm32l4xx_it.o
 .ARM.attributes
                0x00000000000000ee       0x34 ./Core/Src/system_stm32l4xx.o
 .ARM.attributes
                0x0000000000000122       0x21 ./Core/Startup/startup_stm32l4r5zitx.o
 .ARM.attributes
                0x0000000000000143       0x34 ./Drivers/STM32L4xx_HAL_Driver/Src/stm32l4xx_hal.o
 .ARM.attributes
                0x0000000000000177       0x34 ./Drivers/STM32L4xx_HAL_Driver/Src/stm32l4xx_hal_cortex.o
 .ARM.attributes
                0x00000000000001ab       0x34 ./Drivers/STM32L4xx_HAL_Driver/Src/stm32l4xx_hal_gpio.o
 .ARM.attributes
                0x00000000000001df       0x34 ./Drivers/STM32L4xx_HAL_Driver/Src/stm32l4xx_hal_pcd.o
 .ARM.attributes
                0x0000000000000213       0x34 ./Drivers/STM32L4xx_HAL_Driver/Src/stm32l4xx_hal_pcd_ex.o
 .ARM.attributes
                0x0000000000000247       0x34 ./Drivers/STM32L4xx_HAL_Driver/Src/stm32l4xx_hal_pwr_ex.o
 .ARM.attributes
                0x000000000000027b       0x34 ./Drivers/STM32L4xx_HAL_Driver/Src/stm32l4xx_hal_rcc.o
 .ARM.attributes
                0x00000000000002af       0x34 ./Drivers/STM32L4xx_HAL_Driver/Src/stm32l4xx_hal_rcc_ex.o
 .ARM.attributes
                0x00000000000002e3       0x34 ./Drivers/STM32L4xx_HAL_Driver/Src/stm32l4xx_hal_uart.o
 .ARM.attributes
                0x0000000000000317       0x34 ./Drivers/STM32L4xx_HAL_Driver/Src/stm32l4xx_hal_uart_ex.o
 .ARM.attributes
                0x000000000000034b       0x34 ./Drivers/STM32L4xx_HAL_Driver/Src/stm32l4xx_ll_usb.o
 .ARM.attributes
                0x000000000000037f       0x34 c:/st/stm32cubeide_1.7.0/stm32cubeide/plugins/com.st.stm32cube.ide.mcu.externaltools.gnu-tools-for-stm32.10.3-2021.10.win32_1.0.0.202111181127/tools/bin/../lib/gcc/arm-none-eabi/10.3.1/../../../../arm-none-eabi/lib/thumb/v7e-m+fp/hard\libc_nano.a(lib_a-init.o)
 .ARM.attributes
                0x00000000000003b3       0x34 c:/st/stm32cubeide_1.7.0/stm32cubeide/plugins/com.st.stm32cube.ide.mcu.externaltools.gnu-tools-for-stm32.10.3-2021.10.win32_1.0.0.202111181127/tools/bin/../lib/gcc/arm-none-eabi/10.3.1/../../../../arm-none-eabi/lib/thumb/v7e-m+fp/hard\libc_nano.a(lib_a-memset.o)
 .ARM.attributes
                0x00000000000003e7       0x1e c:/st/stm32cubeide_1.7.0/stm32cubeide/plugins/com.st.stm32cube.ide.mcu.externaltools.gnu-tools-for-stm32.10.3-2021.10.win32_1.0.0.202111181127/tools/bin/../lib/gcc/arm-none-eabi/10.3.1/thumb/v7e-m+fp/hard\libgcc.a(_aeabi_uldivmod.o)
 .ARM.attributes
                0x0000000000000405       0x34 c:/st/stm32cubeide_1.7.0/stm32cubeide/plugins/com.st.stm32cube.ide.mcu.externaltools.gnu-tools-for-stm32.10.3-2021.10.win32_1.0.0.202111181127/tools/bin/../lib/gcc/arm-none-eabi/10.3.1/thumb/v7e-m+fp/hard\libgcc.a(_udivmoddi4.o)
 .ARM.attributes
                0x0000000000000439       0x1e c:/st/stm32cubeide_1.7.0/stm32cubeide/plugins/com.st.stm32cube.ide.mcu.externaltools.gnu-tools-for-stm32.10.3-2021.10.win32_1.0.0.202111181127/tools/bin/../lib/gcc/arm-none-eabi/10.3.1/thumb/v7e-m+fp/hard\libgcc.a(_dvmd_tls.o)
 .ARM.attributes
                0x0000000000000457       0x1e c:/st/stm32cubeide_1.7.0/stm32cubeide/plugins/com.st.stm32cube.ide.mcu.externaltools.gnu-tools-for-stm32.10.3-2021.10.win32_1.0.0.202111181127/tools/bin/../lib/gcc/arm-none-eabi/10.3.1/thumb/v7e-m+fp/hard/crtn.o
OUTPUT(TestingTime.elf elf32-littlearm)
LOAD linker stubs
LOAD c:/st/stm32cubeide_1.7.0/stm32cubeide/plugins/com.st.stm32cube.ide.mcu.externaltools.gnu-tools-for-stm32.10.3-2021.10.win32_1.0.0.202111181127/tools/bin/../lib/gcc/arm-none-eabi/10.3.1/../../../../arm-none-eabi/lib/thumb/v7e-m+fp/hard\libc.a
LOAD c:/st/stm32cubeide_1.7.0/stm32cubeide/plugins/com.st.stm32cube.ide.mcu.externaltools.gnu-tools-for-stm32.10.3-2021.10.win32_1.0.0.202111181127/tools/bin/../lib/gcc/arm-none-eabi/10.3.1/../../../../arm-none-eabi/lib/thumb/v7e-m+fp/hard\libm.a
LOAD c:/st/stm32cubeide_1.7.0/stm32cubeide/plugins/com.st.stm32cube.ide.mcu.externaltools.gnu-tools-for-stm32.10.3-2021.10.win32_1.0.0.202111181127/tools/bin/../lib/gcc/arm-none-eabi/10.3.1/thumb/v7e-m+fp/hard\libgcc.a

.debug_info     0x0000000000000000    0x1139f
 .debug_info    0x0000000000000000     0x169c ./Core/Src/main.o
 .debug_info    0x000000000000169c     0x157d ./Core/Src/stm32l4xx_hal_msp.o
 .debug_info    0x0000000000002c19      0x122 ./Core/Src/stm32l4xx_it.o
 .debug_info    0x0000000000002d3b      0x5fe ./Core/Src/system_stm32l4xx.o
 .debug_info    0x0000000000003339       0x22 ./Core/Startup/startup_stm32l4r5zitx.o
 .debug_info    0x000000000000335b      0xb93 ./Drivers/STM32L4xx_HAL_Driver/Src/stm32l4xx_hal.o
 .debug_info    0x0000000000003eee      0xe39 ./Drivers/STM32L4xx_HAL_Driver/Src/stm32l4xx_hal_cortex.o
 .debug_info    0x0000000000004d27      0x859 ./Drivers/STM32L4xx_HAL_Driver/Src/stm32l4xx_hal_gpio.o
 .debug_info    0x0000000000005580     0x1609 ./Drivers/STM32L4xx_HAL_Driver/Src/stm32l4xx_hal_pcd.o
 .debug_info    0x0000000000006b89      0x8e6 ./Drivers/STM32L4xx_HAL_Driver/Src/stm32l4xx_hal_pcd_ex.o
 .debug_info    0x000000000000746f      0xa5e ./Drivers/STM32L4xx_HAL_Driver/Src/stm32l4xx_hal_pwr_ex.o
 .debug_info    0x0000000000007ecd      0xe19 ./Drivers/STM32L4xx_HAL_Driver/Src/stm32l4xx_hal_rcc.o
 .debug_info    0x0000000000008ce6     0x11f3 ./Drivers/STM32L4xx_HAL_Driver/Src/stm32l4xx_hal_rcc_ex.o
 .debug_info    0x0000000000009ed9     0x4996 ./Drivers/STM32L4xx_HAL_Driver/Src/stm32l4xx_hal_uart.o
 .debug_info    0x000000000000e86f     0x106a ./Drivers/STM32L4xx_HAL_Driver/Src/stm32l4xx_hal_uart_ex.o
 .debug_info    0x000000000000f8d9     0x1ac6 ./Drivers/STM32L4xx_HAL_Driver/Src/stm32l4xx_ll_usb.o

.debug_abbrev   0x0000000000000000     0x22e6
 .debug_abbrev  0x0000000000000000      0x323 ./Core/Src/main.o
 .debug_abbrev  0x0000000000000323      0x256 ./Core/Src/stm32l4xx_hal_msp.o
 .debug_abbrev  0x0000000000000579       0x74 ./Core/Src/stm32l4xx_it.o
 .debug_abbrev  0x00000000000005ed      0x116 ./Core/Src/system_stm32l4xx.o
 .debug_abbrev  0x0000000000000703       0x12 ./Core/Startup/startup_stm32l4r5zitx.o
 .debug_abbrev  0x0000000000000715      0x23a ./Drivers/STM32L4xx_HAL_Driver/Src/stm32l4xx_hal.o
 .debug_abbrev  0x000000000000094f      0x316 ./Drivers/STM32L4xx_HAL_Driver/Src/stm32l4xx_hal_cortex.o
 .debug_abbrev  0x0000000000000c65      0x1bb ./Drivers/STM32L4xx_HAL_Driver/Src/stm32l4xx_hal_gpio.o
 .debug_abbrev  0x0000000000000e20      0x2b4 ./Drivers/STM32L4xx_HAL_Driver/Src/stm32l4xx_hal_pcd.o
 .debug_abbrev  0x00000000000010d4      0x24a ./Drivers/STM32L4xx_HAL_Driver/Src/stm32l4xx_hal_pcd_ex.o
 .debug_abbrev  0x000000000000131e      0x1f3 ./Drivers/STM32L4xx_HAL_Driver/Src/stm32l4xx_hal_pwr_ex.o
 .debug_abbrev  0x0000000000001511      0x2f9 ./Drivers/STM32L4xx_HAL_Driver/Src/stm32l4xx_hal_rcc.o
 .debug_abbrev  0x000000000000180a      0x299 ./Drivers/STM32L4xx_HAL_Driver/Src/stm32l4xx_hal_rcc_ex.o
 .debug_abbrev  0x0000000000001aa3      0x2f0 ./Drivers/STM32L4xx_HAL_Driver/Src/stm32l4xx_hal_uart.o
 .debug_abbrev  0x0000000000001d93      0x2bd ./Drivers/STM32L4xx_HAL_Driver/Src/stm32l4xx_hal_uart_ex.o
 .debug_abbrev  0x0000000000002050      0x296 ./Drivers/STM32L4xx_HAL_Driver/Src/stm32l4xx_ll_usb.o

.debug_aranges  0x0000000000000000      0xd28
 .debug_aranges
                0x0000000000000000       0x60 ./Core/Src/main.o
 .debug_aranges
                0x0000000000000060       0x40 ./Core/Src/stm32l4xx_hal_msp.o
 .debug_aranges
                0x00000000000000a0       0x60 ./Core/Src/stm32l4xx_it.o
 .debug_aranges
                0x0000000000000100       0x28 ./Core/Src/system_stm32l4xx.o
 .debug_aranges
                0x0000000000000128       0x28 ./Core/Startup/startup_stm32l4r5zitx.o
 .debug_aranges
                0x0000000000000150      0x130 ./Drivers/STM32L4xx_HAL_Driver/Src/stm32l4xx_hal.o
 .debug_aranges
                0x0000000000000280      0x118 ./Drivers/STM32L4xx_HAL_Driver/Src/stm32l4xx_hal_cortex.o
 .debug_aranges
                0x0000000000000398       0x58 ./Drivers/STM32L4xx_HAL_Driver/Src/stm32l4xx_hal_gpio.o
 .debug_aranges
                0x00000000000003f0      0x138 ./Drivers/STM32L4xx_HAL_Driver/Src/stm32l4xx_hal_pcd.o
 .debug_aranges
                0x0000000000000528       0x60 ./Drivers/STM32L4xx_HAL_Driver/Src/stm32l4xx_hal_pcd_ex.o
 .debug_aranges
                0x0000000000000588      0x170 ./Drivers/STM32L4xx_HAL_Driver/Src/stm32l4xx_hal_pwr_ex.o
 .debug_aranges
                0x00000000000006f8       0x98 ./Drivers/STM32L4xx_HAL_Driver/Src/stm32l4xx_hal_rcc.o
 .debug_aranges
                0x0000000000000790      0x110 ./Drivers/STM32L4xx_HAL_Driver/Src/stm32l4xx_hal_rcc_ex.o
 .debug_aranges
                0x00000000000008a0      0x248 ./Drivers/STM32L4xx_HAL_Driver/Src/stm32l4xx_hal_uart.o
 .debug_aranges
                0x0000000000000ae8       0xa0 ./Drivers/STM32L4xx_HAL_Driver/Src/stm32l4xx_hal_uart_ex.o
 .debug_aranges
                0x0000000000000b88      0x1a0 ./Drivers/STM32L4xx_HAL_Driver/Src/stm32l4xx_ll_usb.o

.debug_ranges   0x0000000000000000      0xc60
 .debug_ranges  0x0000000000000000       0x50 ./Core/Src/main.o
 .debug_ranges  0x0000000000000050       0x30 ./Core/Src/stm32l4xx_hal_msp.o
 .debug_ranges  0x0000000000000080       0x50 ./Core/Src/stm32l4xx_it.o
 .debug_ranges  0x00000000000000d0       0x18 ./Core/Src/system_stm32l4xx.o
 .debug_ranges  0x00000000000000e8       0x20 ./Core/Startup/startup_stm32l4r5zitx.o
 .debug_ranges  0x0000000000000108      0x120 ./Drivers/STM32L4xx_HAL_Driver/Src/stm32l4xx_hal.o
 .debug_ranges  0x0000000000000228      0x108 ./Drivers/STM32L4xx_HAL_Driver/Src/stm32l4xx_hal_cortex.o
 .debug_ranges  0x0000000000000330       0x48 ./Drivers/STM32L4xx_HAL_Driver/Src/stm32l4xx_hal_gpio.o
 .debug_ranges  0x0000000000000378      0x128 ./Drivers/STM32L4xx_HAL_Driver/Src/stm32l4xx_hal_pcd.o
 .debug_ranges  0x00000000000004a0       0x50 ./Drivers/STM32L4xx_HAL_Driver/Src/stm32l4xx_hal_pcd_ex.o
 .debug_ranges  0x00000000000004f0      0x160 ./Drivers/STM32L4xx_HAL_Driver/Src/stm32l4xx_hal_pwr_ex.o
 .debug_ranges  0x0000000000000650       0x88 ./Drivers/STM32L4xx_HAL_Driver/Src/stm32l4xx_hal_rcc.o
 .debug_ranges  0x00000000000006d8      0x100 ./Drivers/STM32L4xx_HAL_Driver/Src/stm32l4xx_hal_rcc_ex.o
 .debug_ranges  0x00000000000007d8      0x268 ./Drivers/STM32L4xx_HAL_Driver/Src/stm32l4xx_hal_uart.o
 .debug_ranges  0x0000000000000a40       0x90 ./Drivers/STM32L4xx_HAL_Driver/Src/stm32l4xx_hal_uart_ex.o
 .debug_ranges  0x0000000000000ad0      0x190 ./Drivers/STM32L4xx_HAL_Driver/Src/stm32l4xx_ll_usb.o

.debug_macro    0x0000000000000000    0x29c76
 .debug_macro   0x0000000000000000      0x2db ./Core/Src/main.o
 .debug_macro   0x00000000000002db      0xa78 ./Core/Src/main.o
 .debug_macro   0x0000000000000d53      0x1ad ./Core/Src/main.o
 .debug_macro   0x0000000000000f00       0x2e ./Core/Src/main.o
 .debug_macro   0x0000000000000f2e       0x28 ./Core/Src/main.o
 .debug_macro   0x0000000000000f56       0x22 ./Core/Src/main.o
 .debug_macro   0x0000000000000f78       0x8e ./Core/Src/main.o
 .debug_macro   0x0000000000001006       0x51 ./Core/Src/main.o
 .debug_macro   0x0000000000001057      0x103 ./Core/Src/main.o
 .debug_macro   0x000000000000115a       0x6a ./Core/Src/main.o
 .debug_macro   0x00000000000011c4      0x1df ./Core/Src/main.o
 .debug_macro   0x00000000000013a3       0x1c ./Core/Src/main.o
 .debug_macro   0x00000000000013bf       0x22 ./Core/Src/main.o
 .debug_macro   0x00000000000013e1       0xfb ./Core/Src/main.o
 .debug_macro   0x00000000000014dc     0x1011 ./Core/Src/main.o
 .debug_macro   0x00000000000024ed      0x11f ./Core/Src/main.o
 .debug_macro   0x000000000000260c    0x1cb71 ./Core/Src/main.o
 .debug_macro   0x000000000001f17d       0x6d ./Core/Src/main.o
 .debug_macro   0x000000000001f1ea     0x38ed ./Core/Src/main.o
 .debug_macro   0x0000000000022ad7      0x174 ./Core/Src/main.o
 .debug_macro   0x0000000000022c4b       0x5c ./Core/Src/main.o
 .debug_macro   0x0000000000022ca7     0x1884 ./Core/Src/main.o
 .debug_macro   0x000000000002452b      0x7dc ./Core/Src/main.o
 .debug_macro   0x0000000000024d07      0x1b9 ./Core/Src/main.o
 .debug_macro   0x0000000000024ec0      0x225 ./Core/Src/main.o
 .debug_macro   0x00000000000250e5      0x486 ./Core/Src/main.o
 .debug_macro   0x000000000002556b      0x1ce ./Core/Src/main.o
 .debug_macro   0x0000000000025739       0x43 ./Core/Src/main.o
 .debug_macro   0x000000000002577c      0x23d ./Core/Src/main.o
 .debug_macro   0x00000000000259b9      0x241 ./Core/Src/main.o
 .debug_macro   0x0000000000025bfa      0x416 ./Core/Src/main.o
 .debug_macro   0x0000000000026010       0x1c ./Core/Src/main.o
 .debug_macro   0x000000000002602c       0xf2 ./Core/Src/main.o
 .debug_macro   0x000000000002611e      0x22c ./Core/Src/main.o
 .debug_macro   0x000000000002634a       0x61 ./Core/Src/main.o
 .debug_macro   0x00000000000263ab       0xa5 ./Core/Src/main.o
 .debug_macro   0x0000000000026450      0x1f4 ./Core/Src/main.o
 .debug_macro   0x0000000000026644       0x97 ./Core/Src/main.o
 .debug_macro   0x00000000000266db      0x122 ./Core/Src/main.o
 .debug_macro   0x00000000000267fd      0x3f6 ./Core/Src/main.o
 .debug_macro   0x0000000000026bf3      0x67e ./Core/Src/main.o
 .debug_macro   0x0000000000027271       0xa6 ./Core/Src/main.o
 .debug_macro   0x0000000000027317      0x432 ./Core/Src/main.o
 .debug_macro   0x0000000000027749       0xd0 ./Core/Src/main.o
 .debug_macro   0x0000000000027819       0x1e ./Core/Src/main.o
 .debug_macro   0x0000000000027837       0x52 ./Core/Src/main.o
 .debug_macro   0x0000000000027889       0x3c ./Core/Src/main.o
 .debug_macro   0x00000000000278c5       0x34 ./Core/Src/main.o
 .debug_macro   0x00000000000278f9       0x16 ./Core/Src/main.o
 .debug_macro   0x000000000002790f       0x35 ./Core/Src/main.o
 .debug_macro   0x0000000000027944       0x16 ./Core/Src/main.o
 .debug_macro   0x000000000002795a       0x43 ./Core/Src/main.o
 .debug_macro   0x000000000002799d       0x34 ./Core/Src/main.o
 .debug_macro   0x00000000000279d1       0x10 ./Core/Src/main.o
 .debug_macro   0x00000000000279e1       0x58 ./Core/Src/main.o
 .debug_macro   0x0000000000027a39       0x71 ./Core/Src/main.o
 .debug_macro   0x0000000000027aaa       0x1c ./Core/Src/main.o
 .debug_macro   0x0000000000027ac6      0x12a ./Core/Src/main.o
 .debug_macro   0x0000000000027bf0      0x341 ./Core/Src/main.o
 .debug_macro   0x0000000000027f31       0x16 ./Core/Src/main.o
 .debug_macro   0x0000000000027f47       0x29 ./Core/Src/main.o
 .debug_macro   0x0000000000027f70       0x22 ./Core/Src/main.o
 .debug_macro   0x0000000000027f92      0x206 ./Core/Src/stm32l4xx_hal_msp.o
 .debug_macro   0x0000000000028198      0x210 ./Core/Src/stm32l4xx_it.o
 .debug_macro   0x00000000000283a8      0x1f7 ./Core/Src/system_stm32l4xx.o
 .debug_macro   0x000000000002859f      0x245 ./Drivers/STM32L4xx_HAL_Driver/Src/stm32l4xx_hal.o
 .debug_macro   0x00000000000287e4      0x1f7 ./Drivers/STM32L4xx_HAL_Driver/Src/stm32l4xx_hal_cortex.o
 .debug_macro   0x00000000000289db      0x1fe ./Drivers/STM32L4xx_HAL_Driver/Src/stm32l4xx_hal_gpio.o
 .debug_macro   0x0000000000028bd9      0x203 ./Drivers/STM32L4xx_HAL_Driver/Src/stm32l4xx_hal_pcd.o
 .debug_macro   0x0000000000028ddc      0x1f7 ./Drivers/STM32L4xx_HAL_Driver/Src/stm32l4xx_hal_pcd_ex.o
 .debug_macro   0x0000000000028fd3      0x221 ./Drivers/STM32L4xx_HAL_Driver/Src/stm32l4xx_hal_pwr_ex.o
 .debug_macro   0x00000000000291f4      0x239 ./Drivers/STM32L4xx_HAL_Driver/Src/stm32l4xx_hal_rcc.o
 .debug_macro   0x000000000002942d      0x22d ./Drivers/STM32L4xx_HAL_Driver/Src/stm32l4xx_hal_rcc_ex.o
 .debug_macro   0x000000000002965a      0x222 ./Drivers/STM32L4xx_HAL_Driver/Src/stm32l4xx_hal_uart.o
 .debug_macro   0x000000000002987c      0x203 ./Drivers/STM32L4xx_HAL_Driver/Src/stm32l4xx_hal_uart_ex.o
 .debug_macro   0x0000000000029a7f      0x1f7 ./Drivers/STM32L4xx_HAL_Driver/Src/stm32l4xx_ll_usb.o

.debug_line     0x0000000000000000     0xfc1a
 .debug_line    0x0000000000000000      0xac1 ./Core/Src/main.o
 .debug_line    0x0000000000000ac1      0x88f ./Core/Src/stm32l4xx_hal_msp.o
 .debug_line    0x0000000000001350      0x7dc ./Core/Src/stm32l4xx_it.o
 .debug_line    0x0000000000001b2c      0x7b1 ./Core/Src/system_stm32l4xx.o
 .debug_line    0x00000000000022dd       0x88 ./Core/Startup/startup_stm32l4r5zitx.o
 .debug_line    0x0000000000002365      0xb09 ./Drivers/STM32L4xx_HAL_Driver/Src/stm32l4xx_hal.o
 .debug_line    0x0000000000002e6e      0xcb0 ./Drivers/STM32L4xx_HAL_Driver/Src/stm32l4xx_hal_cortex.o
 .debug_line    0x0000000000003b1e      0xb65 ./Drivers/STM32L4xx_HAL_Driver/Src/stm32l4xx_hal_gpio.o
 .debug_line    0x0000000000004683     0x132b ./Drivers/STM32L4xx_HAL_Driver/Src/stm32l4xx_hal_pcd.o
 .debug_line    0x00000000000059ae      0x8e9 ./Drivers/STM32L4xx_HAL_Driver/Src/stm32l4xx_hal_pcd_ex.o
 .debug_line    0x0000000000006297      0xd76 ./Drivers/STM32L4xx_HAL_Driver/Src/stm32l4xx_hal_pwr_ex.o
 .debug_line    0x000000000000700d     0x105d ./Drivers/STM32L4xx_HAL_Driver/Src/stm32l4xx_hal_rcc.o
 .debug_line    0x000000000000806a     0x1931 ./Drivers/STM32L4xx_HAL_Driver/Src/stm32l4xx_hal_rcc_ex.o
 .debug_line    0x000000000000999b     0x3b7c ./Drivers/STM32L4xx_HAL_Driver/Src/stm32l4xx_hal_uart.o
 .debug_line    0x000000000000d517      0xda5 ./Drivers/STM32L4xx_HAL_Driver/Src/stm32l4xx_hal_uart_ex.o
 .debug_line    0x000000000000e2bc     0x195e ./Drivers/STM32L4xx_HAL_Driver/Src/stm32l4xx_ll_usb.o

.debug_str      0x0000000000000000   0x100320
 .debug_str     0x0000000000000000    0xfc61b ./Core/Src/main.o
                                      0xfc98b (size before relaxing)
 .debug_str     0x00000000000fc61b      0x335 ./Core/Src/stm32l4xx_hal_msp.o
                                      0xf9a79 (size before relaxing)
 .debug_str     0x00000000000fc950       0xc9 ./Core/Src/stm32l4xx_it.o
                                      0xf8c64 (size before relaxing)
 .debug_str     0x00000000000fca19       0xf2 ./Core/Src/system_stm32l4xx.o
                                      0xf8af5 (size before relaxing)
 .debug_str     0x00000000000fcb0b       0x36 ./Core/Startup/startup_stm32l4r5zitx.o
                                         0x82 (size before relaxing)
 .debug_str     0x00000000000fcb41      0xac0 ./Drivers/STM32L4xx_HAL_Driver/Src/stm32l4xx_hal.o
                                      0xf96c5 (size before relaxing)
 .debug_str     0x00000000000fd601      0x344 ./Drivers/STM32L4xx_HAL_Driver/Src/stm32l4xx_hal_cortex.o
                                      0xf9354 (size before relaxing)
 .debug_str     0x00000000000fd945      0x110 ./Drivers/STM32L4xx_HAL_Driver/Src/stm32l4xx_hal_gpio.o
                                      0xf8c6f (size before relaxing)
 .debug_str     0x00000000000fda55      0x7fa ./Drivers/STM32L4xx_HAL_Driver/Src/stm32l4xx_hal_pcd.o
                                      0xf954b (size before relaxing)
 .debug_str     0x00000000000fe24f      0x174 ./Drivers/STM32L4xx_HAL_Driver/Src/stm32l4xx_hal_pcd_ex.o
                                      0xf8f08 (size before relaxing)
 .debug_str     0x00000000000fe3c3      0x57a ./Drivers/STM32L4xx_HAL_Driver/Src/stm32l4xx_hal_pwr_ex.o
                                      0xf90c8 (size before relaxing)
 .debug_str     0x00000000000fe93d      0x3be ./Drivers/STM32L4xx_HAL_Driver/Src/stm32l4xx_hal_rcc.o
                                      0xf9168 (size before relaxing)
 .debug_str     0x00000000000fecfb      0x5ce ./Drivers/STM32L4xx_HAL_Driver/Src/stm32l4xx_hal_rcc_ex.o
                                      0xf9529 (size before relaxing)
 .debug_str     0x00000000000ff2c9      0x9bd ./Drivers/STM32L4xx_HAL_Driver/Src/stm32l4xx_hal_uart.o
                                      0xf9a71 (size before relaxing)
 .debug_str     0x00000000000ffc86      0x251 ./Drivers/STM32L4xx_HAL_Driver/Src/stm32l4xx_hal_uart_ex.o
                                      0xf9267 (size before relaxing)
 .debug_str     0x00000000000ffed7      0x449 ./Drivers/STM32L4xx_HAL_Driver/Src/stm32l4xx_ll_usb.o
                                      0xf93ef (size before relaxing)

.comment        0x0000000000000000       0x50
 .comment       0x0000000000000000       0x50 ./Core/Src/main.o
                                         0x51 (size before relaxing)
 .comment       0x0000000000000050       0x51 ./Core/Src/stm32l4xx_hal_msp.o
 .comment       0x0000000000000050       0x51 ./Core/Src/stm32l4xx_it.o
 .comment       0x0000000000000050       0x51 ./Core/Src/system_stm32l4xx.o
 .comment       0x0000000000000050       0x51 ./Drivers/STM32L4xx_HAL_Driver/Src/stm32l4xx_hal.o
 .comment       0x0000000000000050       0x51 ./Drivers/STM32L4xx_HAL_Driver/Src/stm32l4xx_hal_cortex.o
 .comment       0x0000000000000050       0x51 ./Drivers/STM32L4xx_HAL_Driver/Src/stm32l4xx_hal_gpio.o
 .comment       0x0000000000000050       0x51 ./Drivers/STM32L4xx_HAL_Driver/Src/stm32l4xx_hal_pcd.o
 .comment       0x0000000000000050       0x51 ./Drivers/STM32L4xx_HAL_Driver/Src/stm32l4xx_hal_pcd_ex.o
 .comment       0x0000000000000050       0x51 ./Drivers/STM32L4xx_HAL_Driver/Src/stm32l4xx_hal_pwr_ex.o
 .comment       0x0000000000000050       0x51 ./Drivers/STM32L4xx_HAL_Driver/Src/stm32l4xx_hal_rcc.o
 .comment       0x0000000000000050       0x51 ./Drivers/STM32L4xx_HAL_Driver/Src/stm32l4xx_hal_rcc_ex.o
 .comment       0x0000000000000050       0x51 ./Drivers/STM32L4xx_HAL_Driver/Src/stm32l4xx_hal_uart.o
 .comment       0x0000000000000050       0x51 ./Drivers/STM32L4xx_HAL_Driver/Src/stm32l4xx_hal_uart_ex.o
 .comment       0x0000000000000050       0x51 ./Drivers/STM32L4xx_HAL_Driver/Src/stm32l4xx_ll_usb.o

.debug_frame    0x0000000000000000     0x36b0
 .debug_frame   0x0000000000000000      0x124 ./Core/Src/main.o
 .debug_frame   0x0000000000000124       0xd0 ./Core/Src/stm32l4xx_hal_msp.o
 .debug_frame   0x00000000000001f4      0x104 ./Core/Src/stm32l4xx_it.o
 .debug_frame   0x00000000000002f8       0x58 ./Core/Src/system_stm32l4xx.o
 .debug_frame   0x0000000000000350      0x498 ./Drivers/STM32L4xx_HAL_Driver/Src/stm32l4xx_hal.o
 .debug_frame   0x00000000000007e8      0x498 ./Drivers/STM32L4xx_HAL_Driver/Src/stm32l4xx_hal_cortex.o
 .debug_frame   0x0000000000000c80      0x14c ./Drivers/STM32L4xx_HAL_Driver/Src/stm32l4xx_hal_gpio.o
 .debug_frame   0x0000000000000dcc      0x568 ./Drivers/STM32L4xx_HAL_Driver/Src/stm32l4xx_hal_pcd.o
 .debug_frame   0x0000000000001334      0x174 ./Drivers/STM32L4xx_HAL_Driver/Src/stm32l4xx_hal_pcd_ex.o
 .debug_frame   0x00000000000014a8      0x5c4 ./Drivers/STM32L4xx_HAL_Driver/Src/stm32l4xx_hal_pwr_ex.o
 .debug_frame   0x0000000000001a6c      0x248 ./Drivers/STM32L4xx_HAL_Driver/Src/stm32l4xx_hal_rcc.o
 .debug_frame   0x0000000000001cb4      0x464 ./Drivers/STM32L4xx_HAL_Driver/Src/stm32l4xx_hal_rcc_ex.o
 .debug_frame   0x0000000000002118      0xa94 ./Drivers/STM32L4xx_HAL_Driver/Src/stm32l4xx_hal_uart.o
 .debug_frame   0x0000000000002bac      0x29c ./Drivers/STM32L4xx_HAL_Driver/Src/stm32l4xx_hal_uart_ex.o
 .debug_frame   0x0000000000002e48      0x7bc ./Drivers/STM32L4xx_HAL_Driver/Src/stm32l4xx_ll_usb.o
 .debug_frame   0x0000000000003604       0x2c c:/st/stm32cubeide_1.7.0/stm32cubeide/plugins/com.st.stm32cube.ide.mcu.externaltools.gnu-tools-for-stm32.10.3-2021.10.win32_1.0.0.202111181127/tools/bin/../lib/gcc/arm-none-eabi/10.3.1/../../../../arm-none-eabi/lib/thumb/v7e-m+fp/hard\libc_nano.a(lib_a-init.o)
 .debug_frame   0x0000000000003630       0x20 c:/st/stm32cubeide_1.7.0/stm32cubeide/plugins/com.st.stm32cube.ide.mcu.externaltools.gnu-tools-for-stm32.10.3-2021.10.win32_1.0.0.202111181127/tools/bin/../lib/gcc/arm-none-eabi/10.3.1/../../../../arm-none-eabi/lib/thumb/v7e-m+fp/hard\libc_nano.a(lib_a-memset.o)
 .debug_frame   0x0000000000003650       0x2c c:/st/stm32cubeide_1.7.0/stm32cubeide/plugins/com.st.stm32cube.ide.mcu.externaltools.gnu-tools-for-stm32.10.3-2021.10.win32_1.0.0.202111181127/tools/bin/../lib/gcc/arm-none-eabi/10.3.1/thumb/v7e-m+fp/hard\libgcc.a(_aeabi_uldivmod.o)
 .debug_frame   0x000000000000367c       0x34 c:/st/stm32cubeide_1.7.0/stm32cubeide/plugins/com.st.stm32cube.ide.mcu.externaltools.gnu-tools-for-stm32.10.3-2021.10.win32_1.0.0.202111181127/tools/bin/../lib/gcc/arm-none-eabi/10.3.1/thumb/v7e-m+fp/hard\libgcc.a(_udivmoddi4.o)
