../Core/Src/main.c:83:5:main	24	static
../Core/Src/main.c:150:6:SystemClock_Config	96	static
../Core/Src/main.c:199:13:MX_ADC1_Init	56	static
../Core/Src/main.c:267:13:MX_LPUART1_UART_Init	8	static
../Core/Src/main.c:312:13:MX_USART1_UART_Init	8	static
../Core/Src/main.c:357:13:MX_USART3_UART_Init	8	static
../Core/Src/main.c:402:13:MX_USB_OTG_FS_PCD_Init	8	static
../Core/Src/main.c:434:13:MX_GPIO_Init	56	static
../Core/Src/main.c:482:6:HAL_UART_RxCpltCallback	16	static
../Core/Src/main.c:496:6:Error_Handler	4	static,ignoring_inline_asm
