stm32l4xx_ll_adc.h:2506:22:LL_ADC_SetCommonPathInternalCh	16	static
stm32l4xx_ll_adc.h:2587:26:LL_ADC_GetCommonPathInternalCh	16	static
stm32l4xx_ll_adc.h:2631:22:LL_ADC_SetCalibrationFactor	24	static
stm32l4xx_ll_adc.h:2654:26:LL_ADC_GetCalibrationFactor	16	static
stm32l4xx_ll_adc.h:2926:22:LL_ADC_SetOffset	32	static
stm32l4xx_ll_adc.h:3005:26:LL_ADC_GetOffsetChannel	24	static
stm32l4xx_ll_adc.h:3064:22:LL_ADC_SetOffsetState	32	static
stm32l4xx_ll_adc.h:3112:22:LL_ADC_SetSamplingTimeCommonConfig	16	static
stm32l4xx_ll_adc.h:3245:26:LL_ADC_REG_IsTriggerSourceSWStart	16	static
stm32l4xx_ll_adc.h:3971:26:LL_ADC_INJ_IsTriggerSourceSWStart	16	static
stm32l4xx_ll_adc.h:4287:26:LL_ADC_INJ_GetTrigAuto	16	static
stm32l4xx_ll_adc.h:4333:22:LL_ADC_INJ_SetQueueMode	16	static
stm32l4xx_ll_adc.h:4713:22:LL_ADC_SetChannelSamplingTime	32	static
stm32l4xx_ll_adc.h:4867:22:LL_ADC_SetChannelSingleDiff	24	static
stm32l4xx_ll_adc.h:5899:22:LL_ADC_EnableDeepPowerDown	16	static
stm32l4xx_ll_adc.h:5974:22:LL_ADC_DisableInternalRegulator	16	static
stm32l4xx_ll_adc.h:6045:26:LL_ADC_IsEnabled	16	static
stm32l4xx_ll_adc.h:6084:22:LL_ADC_StartCalibration	16	static
stm32l4xx_ll_adc.h:6100:26:LL_ADC_IsCalibrationOnGoing	16	static
stm32l4xx_ll_adc.h:6167:26:LL_ADC_REG_IsConversionOngoing	16	static
stm32l4xx_ll_adc.h:6314:22:LL_ADC_INJ_StartConversion	16	static
stm32l4xx_ll_adc.h:6350:26:LL_ADC_INJ_IsConversionOngoing	16	static
stm32l4xx_hal_adc_ex.c:118:19:HAL_ADCEx_Calibration_Start	24	static
stm32l4xx_hal_adc_ex.c:192:10:HAL_ADCEx_Calibration_GetValue	16	static
stm32l4xx_hal_adc_ex.c:212:19:HAL_ADCEx_Calibration_SetValue	40	static
stm32l4xx_hal_adc_ex.c:269:19:HAL_ADCEx_InjectedStart	24	static
stm32l4xx_hal_adc_ex.c:418:19:HAL_ADCEx_InjectedStop	24	static
stm32l4xx_hal_adc_ex.c:473:19:HAL_ADCEx_InjectedPollForConversion	40	static
stm32l4xx_hal_adc_ex.c:614:19:HAL_ADCEx_InjectedStart_IT	24	static
stm32l4xx_hal_adc_ex.c:787:19:HAL_ADCEx_InjectedStop_IT	24	static
stm32l4xx_hal_adc_ex.c:1144:10:HAL_ADCEx_InjectedGetValue	24	static
stm32l4xx_hal_adc_ex.c:1179:13:HAL_ADCEx_InjectedConvCpltCallback	16	static
stm32l4xx_hal_adc_ex.c:1198:13:HAL_ADCEx_InjectedQueueOverflowCallback	16	static
stm32l4xx_hal_adc_ex.c:1213:13:HAL_ADCEx_LevelOutOfWindow2Callback	16	static
stm32l4xx_hal_adc_ex.c:1228:13:HAL_ADCEx_LevelOutOfWindow3Callback	16	static
stm32l4xx_hal_adc_ex.c:1244:13:HAL_ADCEx_EndOfSamplingCallback	16	static
stm32l4xx_hal_adc_ex.c:1261:19:HAL_ADCEx_RegularStop	24	static
stm32l4xx_hal_adc_ex.c:1319:19:HAL_ADCEx_RegularStop_IT	24	static
stm32l4xx_hal_adc_ex.c:1379:19:HAL_ADCEx_RegularStop_DMA	24	static
stm32l4xx_hal_adc_ex.c:1651:19:HAL_ADCEx_InjectedConfigChannel	224	static,ignoring_inline_asm
stm32l4xx_hal_adc_ex.c:2213:19:HAL_ADCEx_EnableInjectedQueue	32	static
stm32l4xx_hal_adc_ex.c:2254:19:HAL_ADCEx_DisableInjectedQueue	32	static
stm32l4xx_hal_adc_ex.c:2291:19:HAL_ADCEx_DisableVoltageRegulator	24	static
stm32l4xx_hal_adc_ex.c:2328:19:HAL_ADCEx_EnterADCDeepPowerDownMode	24	static
