Component: ARM Compiler 5.06 update 4 (build 422) Tool: armlink [4d35d2]

==============================================================================

Section Cross References

    stm32l4xx_hal_flash_ex.o(i.FLASH_FlushCaches) refers to stm32l4xx_hal_flash.o(.bss) for pFlash
    stm32l4xx_hal_flash_ex.o(i.FLASH_OB_PCROPConfig) refers to stm32l4xx_hal_flash.o(i.FLASH_WaitForLastOperation) for FLASH_WaitForLastOperation
    stm32l4xx_hal_flash_ex.o(i.FLASH_OB_UserConfig) refers to stm32l4xx_hal_flash.o(i.FLASH_WaitForLastOperation) for FLASH_WaitForLastOperation
    stm32l4xx_hal_flash_ex.o(i.HAL_FLASHEx_Erase) refers to stm32l4xx_hal_flash.o(i.FLASH_WaitForLastOperation) for FLASH_WaitForLastOperation
    stm32l4xx_hal_flash_ex.o(i.HAL_FLASHEx_Erase) refers to stm32l4xx_hal_flash_ex.o(i.FLASH_MassErase) for FLASH_MassErase
    stm32l4xx_hal_flash_ex.o(i.HAL_FLASHEx_Erase) refers to stm32l4xx_hal_flash_ex.o(i.FLASH_PageErase) for FLASH_PageErase
    stm32l4xx_hal_flash_ex.o(i.HAL_FLASHEx_Erase) refers to stm32l4xx_hal_flash_ex.o(i.FLASH_FlushCaches) for FLASH_FlushCaches
    stm32l4xx_hal_flash_ex.o(i.HAL_FLASHEx_Erase) refers to stm32l4xx_hal_flash.o(.bss) for pFlash
    stm32l4xx_hal_flash_ex.o(i.HAL_FLASHEx_Erase_IT) refers to stm32l4xx_hal_flash_ex.o(i.FLASH_PageErase) for FLASH_PageErase
    stm32l4xx_hal_flash_ex.o(i.HAL_FLASHEx_Erase_IT) refers to stm32l4xx_hal_flash_ex.o(i.FLASH_MassErase) for FLASH_MassErase
    stm32l4xx_hal_flash_ex.o(i.HAL_FLASHEx_Erase_IT) refers to stm32l4xx_hal_flash.o(.bss) for pFlash
    stm32l4xx_hal_flash_ex.o(i.HAL_FLASHEx_OBProgram) refers to stm32l4xx_hal_flash.o(i.FLASH_WaitForLastOperation) for FLASH_WaitForLastOperation
    stm32l4xx_hal_flash_ex.o(i.HAL_FLASHEx_OBProgram) refers to stm32l4xx_hal_flash_ex.o(i.FLASH_OB_UserConfig) for FLASH_OB_UserConfig
    stm32l4xx_hal_flash_ex.o(i.HAL_FLASHEx_OBProgram) refers to stm32l4xx_hal_flash_ex.o(i.FLASH_OB_PCROPConfig) for FLASH_OB_PCROPConfig
    stm32l4xx_hal_flash_ex.o(i.HAL_FLASHEx_OBProgram) refers to stm32l4xx_hal_flash.o(.bss) for pFlash
    stm32l4xx_hal_pwr.o(i.HAL_PWR_EnterSLEEPMode) refers to stm32l4xx_hal_pwr_ex.o(i.HAL_PWREx_EnableLowPowerRunMode) for HAL_PWREx_EnableLowPowerRunMode
    stm32l4xx_hal_pwr.o(i.HAL_PWR_EnterSLEEPMode) refers to stm32l4xx_hal_pwr_ex.o(i.HAL_PWREx_DisableLowPowerRunMode) for HAL_PWREx_DisableLowPowerRunMode
    stm32l4xx_hal_pwr.o(i.HAL_PWR_EnterSTOPMode) refers to stm32l4xx_hal_pwr_ex.o(i.HAL_PWREx_EnterSTOP0Mode) for HAL_PWREx_EnterSTOP0Mode
    stm32l4xx_hal_pwr.o(i.HAL_PWR_EnterSTOPMode) refers to stm32l4xx_hal_pwr_ex.o(i.HAL_PWREx_EnterSTOP1Mode) for HAL_PWREx_EnterSTOP1Mode
    stm32l4xx_hal_uart_ex.o(i.HAL_MultiProcessorEx_AddressLength_Set) refers to stm32l4xx_hal_uart.o(i.UART_CheckIdleState) for UART_CheckIdleState
    stm32l4xx_hal_uart_ex.o(i.HAL_RS485Ex_Init) refers to usart.o(i.HAL_UART_MspInit) for HAL_UART_MspInit
    stm32l4xx_hal_uart_ex.o(i.HAL_RS485Ex_Init) refers to stm32l4xx_hal_uart.o(i.UART_SetConfig) for UART_SetConfig
    stm32l4xx_hal_uart_ex.o(i.HAL_RS485Ex_Init) refers to stm32l4xx_hal_uart.o(i.UART_AdvFeatureConfig) for UART_AdvFeatureConfig
    stm32l4xx_hal_uart_ex.o(i.HAL_RS485Ex_Init) refers to stm32l4xx_hal_uart.o(i.UART_CheckIdleState) for UART_CheckIdleState
    stm32l4xx_hal_uart_ex.o(i.HAL_UARTEx_StopModeWakeUpSourceConfig) refers to stm32l4xx_hal.o(i.HAL_GetTick) for HAL_GetTick
    stm32l4xx_hal_uart_ex.o(i.HAL_UARTEx_StopModeWakeUpSourceConfig) refers to stm32l4xx_hal_uart.o(i.UART_WaitOnFlagUntilTimeout) for UART_WaitOnFlagUntilTimeout
    stm32l4xx_hal_flash.o(i.FLASH_SetErrorCode) refers to stm32l4xx_hal_flash.o(.bss) for .bss
    stm32l4xx_hal_flash.o(i.FLASH_WaitForLastOperation) refers to stm32l4xx_hal.o(i.HAL_GetTick) for HAL_GetTick
    stm32l4xx_hal_flash.o(i.FLASH_WaitForLastOperation) refers to stm32l4xx_hal_flash.o(i.FLASH_SetErrorCode) for FLASH_SetErrorCode
    stm32l4xx_hal_flash.o(i.HAL_FLASH_GetError) refers to stm32l4xx_hal_flash.o(.bss) for .bss
    stm32l4xx_hal_flash.o(i.HAL_FLASH_IRQHandler) refers to stm32l4xx_hal_flash.o(i.FLASH_SetErrorCode) for FLASH_SetErrorCode
    stm32l4xx_hal_flash.o(i.HAL_FLASH_IRQHandler) refers to stm32l4xx_hal_flash_ex.o(i.FLASH_FlushCaches) for FLASH_FlushCaches
    stm32l4xx_hal_flash.o(i.HAL_FLASH_IRQHandler) refers to stm32l4xx_hal_flash.o(i.HAL_FLASH_OperationErrorCallback) for HAL_FLASH_OperationErrorCallback
    stm32l4xx_hal_flash.o(i.HAL_FLASH_IRQHandler) refers to stm32l4xx_hal_flash.o(i.HAL_FLASH_EndOfOperationCallback) for HAL_FLASH_EndOfOperationCallback
    stm32l4xx_hal_flash.o(i.HAL_FLASH_IRQHandler) refers to stm32l4xx_hal_flash_ex.o(i.FLASH_PageErase) for FLASH_PageErase
    stm32l4xx_hal_flash.o(i.HAL_FLASH_IRQHandler) refers to stm32l4xx_hal_flash.o(.bss) for .bss
    stm32l4xx_hal_flash.o(i.HAL_FLASH_OB_Launch) refers to stm32l4xx_hal_flash.o(i.FLASH_WaitForLastOperation) for FLASH_WaitForLastOperation
[...]
    Removing stm32l4xx_hal_i2c.o(i.HAL_I2C_ListenCpltCallback), (2 bytes).
    Removing stm32l4xx_hal_i2c.o(i.HAL_I2C_MasterRxCpltCallback), (2 bytes).
    Removing stm32l4xx_hal_i2c.o(i.HAL_I2C_MasterTxCpltCallback), (2 bytes).
    Removing stm32l4xx_hal_i2c.o(i.HAL_I2C_Master_Abort_IT), (96 bytes).
    Removing stm32l4xx_hal_i2c.o(i.HAL_I2C_Master_Receive), (310 bytes).
    Removing stm32l4xx_hal_i2c.o(i.HAL_I2C_Master_Receive_DMA), (244 bytes).
    Removing stm32l4xx_hal_i2c.o(i.HAL_I2C_Master_Receive_IT), (136 bytes).
    Removing stm32l4xx_hal_i2c.o(i.HAL_I2C_Master_Sequential_Receive_IT), (128 bytes).
    Removing stm32l4xx_hal_i2c.o(i.HAL_I2C_Master_Sequential_Transmit_IT), (124 bytes).
    Removing stm32l4xx_hal_i2c.o(i.HAL_I2C_Master_Transmit), (306 bytes).
    Removing stm32l4xx_hal_i2c.o(i.HAL_I2C_Master_Transmit_DMA), (248 bytes).
    Removing stm32l4xx_hal_i2c.o(i.HAL_I2C_Master_Transmit_IT), (136 bytes).
    Removing stm32l4xx_hal_i2c.o(i.HAL_I2C_MemRxCpltCallback), (2 bytes).
    Removing stm32l4xx_hal_i2c.o(i.HAL_I2C_MemTxCpltCallback), (2 bytes).
    Removing stm32l4xx_hal_i2c.o(i.HAL_I2C_Mem_Read), (374 bytes).
    Removing stm32l4xx_hal_i2c.o(i.HAL_I2C_Mem_Read_DMA), (270 bytes).
    Removing stm32l4xx_hal_i2c.o(i.HAL_I2C_Mem_Read_IT), (210 bytes).
    Removing stm32l4xx_hal_i2c.o(i.HAL_I2C_Mem_Write), (366 bytes).
    Removing stm32l4xx_hal_i2c.o(i.HAL_I2C_Mem_Write_DMA), (266 bytes).
    Removing stm32l4xx_hal_i2c.o(i.HAL_I2C_Mem_Write_IT), (206 bytes).
    Removing stm32l4xx_hal_i2c.o(i.HAL_I2C_MspDeInit), (2 bytes).
    Removing stm32l4xx_hal_i2c.o(i.HAL_I2C_MspInit), (2 bytes).
    Removing stm32l4xx_hal_i2c.o(i.HAL_I2C_SlaveRxCpltCallback), (2 bytes).
    Removing stm32l4xx_hal_i2c.o(i.HAL_I2C_SlaveTxCpltCallback), (2 bytes).
    Removing stm32l4xx_hal_i2c.o(i.HAL_I2C_Slave_Receive), (320 bytes).
    Removing stm32l4xx_hal_i2c.o(i.HAL_I2C_Slave_Receive_DMA), (164 bytes).
    Removing stm32l4xx_hal_i2c.o(i.HAL_I2C_Slave_Receive_IT), (92 bytes).
    Removing stm32l4xx_hal_i2c.o(i.HAL_I2C_Slave_Sequential_Receive_IT), (152 bytes).
    Removing stm32l4xx_hal_i2c.o(i.HAL_I2C_Slave_Sequential_Transmit_IT), (152 bytes).
    Removing stm32l4xx_hal_i2c.o(i.HAL_I2C_Slave_Transmit), (320 bytes).
    Removing stm32l4xx_hal_i2c.o(i.HAL_I2C_Slave_Transmit_DMA), (156 bytes).
    Removing stm32l4xx_hal_i2c.o(i.HAL_I2C_Slave_Transmit_IT), (92 bytes).
    Removing stm32l4xx_hal_i2c.o(i.I2C_DMAAbort), (50 bytes).
    Removing stm32l4xx_hal_i2c.o(i.I2C_DMAError), (18 bytes).
    Removing stm32l4xx_hal_i2c.o(i.I2C_DMAMasterReceiveCplt), (66 bytes).
    Removing stm32l4xx_hal_i2c.o(i.I2C_DMAMasterTransmitCplt), (66 bytes).
    Removing stm32l4xx_hal_i2c.o(i.I2C_DMASlaveReceiveCplt), (2 bytes).
    Removing stm32l4xx_hal_i2c.o(i.I2C_DMASlaveTransmitCplt), (2 bytes).
    Removing stm32l4xx_hal_i2c.o(i.I2C_Disable_IRQ), (86 bytes).
    Removing stm32l4xx_hal_i2c.o(i.I2C_Enable_IRQ), (96 bytes).
    Removing stm32l4xx_hal_i2c.o(i.I2C_Flush_TXDR), (34 bytes).
    Removing stm32l4xx_hal_i2c.o(i.I2C_ITAddrCplt), (136 bytes).
    Removing stm32l4xx_hal_i2c.o(i.I2C_ITError), (224 bytes).
    Removing stm32l4xx_hal_i2c.o(i.I2C_ITListenCplt), (92 bytes).
    Removing stm32l4xx_hal_i2c.o(i.I2C_ITMasterCplt), (180 bytes).
    Removing stm32l4xx_hal_i2c.o(i.I2C_ITMasterSequentialCplt), (76 bytes).
    Removing stm32l4xx_hal_i2c.o(i.I2C_ITSlaveCplt), (240 bytes).
    Removing stm32l4xx_hal_i2c.o(i.I2C_ITSlaveSequentialCplt), (84 bytes).
    Removing stm32l4xx_hal_i2c.o(i.I2C_IsAcknowledgeFailed), (124 bytes).
    Removing stm32l4xx_hal_i2c.o(i.I2C_Master_ISR_DMA), (196 bytes).
    Removing stm32l4xx_hal_i2c.o(i.I2C_Master_ISR_IT), (288 bytes).
    Removing stm32l4xx_hal_i2c.o(i.I2C_RequestMemoryRead), (112 bytes).
    Removing stm32l4xx_hal_i2c.o(i.I2C_RequestMemoryWrite), (112 bytes).
    Removing stm32l4xx_hal_i2c.o(i.I2C_Slave_ISR_DMA), (106 bytes).
    Removing stm32l4xx_hal_i2c.o(i.I2C_Slave_ISR_IT), (272 bytes).
    Removing stm32l4xx_hal_i2c.o(i.I2C_TransferConfig), (44 bytes).
    Removing stm32l4xx_hal_i2c.o(i.I2C_WaitOnFlagUntilTimeout), (82 bytes).
    Removing stm32l4xx_hal_i2c.o(i.I2C_WaitOnRXNEFlagUntilTimeout), (136 bytes).
    Removing stm32l4xx_hal_i2c.o(i.I2C_WaitOnSTOPFlagUntilTimeout), (78 bytes).
    Removing stm32l4xx_hal_i2c.o(i.I2C_WaitOnTXISFlagUntilTimeout), (82 bytes).
    Removing stm32l4xx_hal_pwr_ex.o(.rev16_text), (4 bytes).
    Removing stm32l4xx_hal_pwr_ex.o(.revsh_text), (4 bytes).
    Removing stm32l4xx_hal_pwr_ex.o(.rrx_text), (6 bytes).
    Removing stm32l4xx_hal_pwr_ex.o(i.HAL_PWREx_ConfigPVM), (304 bytes).
    Removing stm32l4xx_hal_pwr_ex.o(i.HAL_PWREx_DisableBatteryCharging), (16 bytes).
    Removing stm32l4xx_hal_pwr_ex.o(i.HAL_PWREx_DisableGPIOPullDown), (88 bytes).
    Removing stm32l4xx_hal_pwr_ex.o(i.HAL_PWREx_DisableGPIOPullUp), (84 bytes).
    Removing stm32l4xx_hal_pwr_ex.o(i.HAL_PWREx_DisableInternalWakeUpLine), (16 bytes).
    Removing stm32l4xx_hal_pwr_ex.o(i.HAL_PWREx_DisableLowPowerRunMode), (64 bytes).
    Removing stm32l4xx_hal_pwr_ex.o(i.HAL_PWREx_DisablePVM1), (16 bytes).
    Removing stm32l4xx_hal_pwr_ex.o(i.HAL_PWREx_DisablePVM3), (16 bytes).
    Removing stm32l4xx_hal_pwr_ex.o(i.HAL_PWREx_DisablePVM4), (16 bytes).
    Removing stm32l4xx_hal_pwr_ex.o(i.HAL_PWREx_DisablePullUpPullDownConfig), (16 bytes).
    Removing stm32l4xx_hal_pwr_ex.o(i.HAL_PWREx_DisableSRAM2ContentRetention), (16 bytes).
    Removing stm32l4xx_hal_pwr_ex.o(i.HAL_PWREx_DisableVddUSB), (16 bytes).
    Removing stm32l4xx_hal_pwr_ex.o(i.HAL_PWREx_EnableBatteryCharging), (28 bytes).
    Removing stm32l4xx_hal_pwr_ex.o(i.HAL_PWREx_EnableGPIOPullDown), (128 bytes).
    Removing stm32l4xx_hal_pwr_ex.o(i.HAL_PWREx_EnableGPIOPullUp), (128 bytes).
    Removing stm32l4xx_hal_pwr_ex.o(i.HAL_PWREx_EnableInternalWakeUpLine), (16 bytes).
    Removing stm32l4xx_hal_pwr_ex.o(i.HAL_PWREx_EnableLowPowerRunMode), (16 bytes).
    Removing stm32l4xx_hal_pwr_ex.o(i.HAL_PWREx_EnablePVM1), (16 bytes).
    Removing stm32l4xx_hal_pwr_ex.o(i.HAL_PWREx_EnablePVM3), (16 bytes).
    Removing stm32l4xx_hal_pwr_ex.o(i.HAL_PWREx_EnablePVM4), (16 bytes).
    Removing stm32l4xx_hal_pwr_ex.o(i.HAL_PWREx_EnablePullUpPullDownConfig), (16 bytes).
    Removing stm32l4xx_hal_pwr_ex.o(i.HAL_PWREx_EnableSRAM2ContentRetention), (16 bytes).
    Removing stm32l4xx_hal_pwr_ex.o(i.HAL_PWREx_EnableVddUSB), (16 bytes).
    Removing stm32l4xx_hal_pwr_ex.o(i.HAL_PWREx_EnterSHUTDOWNMode), (36 bytes).
    Removing stm32l4xx_hal_pwr_ex.o(i.HAL_PWREx_EnterSTOP0Mode), (52 bytes).
    Removing stm32l4xx_hal_pwr_ex.o(i.HAL_PWREx_EnterSTOP1Mode), (56 bytes).
    Removing stm32l4xx_hal_pwr_ex.o(i.HAL_PWREx_EnterSTOP2Mode), (56 bytes).
    Removing stm32l4xx_hal_pwr_ex.o(i.HAL_PWREx_PVD_PVM_IRQHandler), (72 bytes).
    Removing stm32l4xx_hal_pwr_ex.o(i.HAL_PWREx_PVM1Callback), (2 bytes).
    Removing stm32l4xx_hal_pwr_ex.o(i.HAL_PWREx_PVM3Callback), (2 bytes).
    Removing stm32l4xx_hal_pwr_ex.o(i.HAL_PWREx_PVM4Callback), (2 bytes).
    Removing stm32l4xx_hal_cortex.o(.rev16_text), (4 bytes).
    Removing stm32l4xx_hal_cortex.o(.revsh_text), (4 bytes).
    Removing stm32l4xx_hal_cortex.o(.rrx_text), (6 bytes).
    Removing stm32l4xx_hal_cortex.o(i.HAL_MPU_ConfigRegion), (84 bytes).
    Removing stm32l4xx_hal_cortex.o(i.HAL_NVIC_ClearPendingIRQ), (22 bytes).
    Removing stm32l4xx_hal_cortex.o(i.HAL_NVIC_DisableIRQ), (22 bytes).
    Removing stm32l4xx_hal_cortex.o(i.HAL_NVIC_EnableIRQ), (22 bytes).
    Removing stm32l4xx_hal_cortex.o(i.HAL_NVIC_GetActive), (32 bytes).
    Removing stm32l4xx_hal_cortex.o(i.HAL_NVIC_GetPendingIRQ), (32 bytes).
    Removing stm32l4xx_hal_cortex.o(i.HAL_NVIC_GetPriority), (82 bytes).
    Removing stm32l4xx_hal_cortex.o(i.HAL_NVIC_GetPriorityGrouping), (16 bytes).
    Removing stm32l4xx_hal_cortex.o(i.HAL_NVIC_SetPendingIRQ), (22 bytes).
    Removing stm32l4xx_hal_cortex.o(i.HAL_NVIC_SystemReset), (36 bytes).
    Removing stm32l4xx_hal_rcc.o(.rev16_text), (4 bytes).
    Removing stm32l4xx_hal_rcc.o(.revsh_text), (4 bytes).
    Removing stm32l4xx_hal_rcc.o(.rrx_text), (6 bytes).
    Removing stm32l4xx_hal_rcc.o(i.HAL_RCC_CSSCallback), (2 bytes).
    Removing stm32l4xx_hal_rcc.o(i.HAL_RCC_DeInit), (100 bytes).
    Removing stm32l4xx_hal_rcc.o(i.HAL_RCC_EnableCSS), (16 bytes).
    Removing stm32l4xx_hal_rcc.o(i.HAL_RCC_GetClockConfig), (64 bytes).
    Removing stm32l4xx_hal_rcc.o(i.HAL_RCC_GetOscConfig), (228 bytes).
    Removing stm32l4xx_hal_rcc.o(i.HAL_RCC_MCOConfig), (72 bytes).
    Removing stm32l4xx_hal_rcc.o(i.HAL_RCC_NMI_IRQHandler), (24 bytes).
    Removing startup_stm32l433xx.o(HEAP), (512 bytes).
    Removing system_stm32l4xx.o(.rev16_text), (4 bytes).
    Removing system_stm32l4xx.o(.revsh_text), (4 bytes).
    Removing system_stm32l4xx.o(.rrx_text), (6 bytes).
    Removing system_stm32l4xx.o(i.SystemCoreClockUpdate), (168 bytes).
    Removing stm32l4xx_hal_msp.o(.rev16_text), (4 bytes).
    Removing stm32l4xx_hal_msp.o(.revsh_text), (4 bytes).
    Removing stm32l4xx_hal_msp.o(.rrx_text), (6 bytes).
    Removing main.o(.rev16_text), (4 bytes).
    Removing main.o(.revsh_text), (4 bytes).
    Removing main.o(.rrx_text), (6 bytes).
    Removing usart.o(.rev16_text), (4 bytes).
    Removing usart.o(.revsh_text), (4 bytes).
    Removing usart.o(.rrx_text), (6 bytes).
    Removing usart.o(i.HAL_UART_MspDeInit), (40 bytes).
    Removing gpio.o(.rev16_text), (4 bytes).
    Removing gpio.o(.revsh_text), (4 bytes).
    Removing gpio.o(.rrx_text), (6 bytes).
    Removing quadspi.o(.rev16_text), (4 bytes).
    Removing quadspi.o(.revsh_text), (4 bytes).
    Removing quadspi.o(.rrx_text), (6 bytes).
    Removing quadspi.o(i.HAL_QSPI_MspDeInit), (60 bytes).
    Removing stm32l4xx_it.o(.rev16_text), (4 bytes).
    Removing stm32l4xx_it.o(.revsh_text), (4 bytes).
    Removing stm32l4xx_it.o(.rrx_text), (6 bytes).
    Removing guimenu.o(.rev16_text), (4 bytes).
    Removing guimenu.o(.revsh_text), (4 bytes).
    Removing guimenu.o(.rrx_text), (6 bytes).
    Removing guimenu.o(i.guiFRAMDDRWrite), (416 bytes).
    Removing qspifram.o(.rev16_text), (4 bytes).
    Removing qspifram.o(.revsh_text), (4 bytes).
    Removing qspifram.o(.rrx_text), (6 bytes).
    Removing qspifram.o(i.Detect_Mode), (374 bytes).
    Removing qspifram.o(i.FRAM_DDRFastRead), (108 bytes).
    Removing qspifram.o(i.FRAM_DDRFastWrite), (92 bytes).
    Removing qspifram.o(i.FRAM_DDRWrite), (84 bytes).
    Removing qspifram.o(i.FRAM_WRDI), (52 bytes).
    Removing qspifram.o(i.Read_Device_Status), (100 bytes).
    Removing dadd.o(.text), (350 bytes).
    Removing dmul.o(.text), (234 bytes).
    Removing ddiv.o(.text), (222 bytes).
    Removing dfixul.o(.text), (48 bytes).
    Removing cdrcmple.o(.text), (48 bytes).
    Removing depilogue.o(.text), (186 bytes).

436 unused section(s) (total 28206 bytes) removed from the image.

==============================================================================

Image Symbol Table

    Local Symbols

    Symbol Name                              Value     Ov Type        Size  Object(Section)

    ../Drivers/STM32L4xx_HAL_Driver/Src/stm32l4xx_hal.c 0x00000000   Number         0  stm32l4xx_hal.o ABSOLUTE
    ../Drivers/STM32L4xx_HAL_Driver/Src/stm32l4xx_hal_cortex.c 0x00000000   Number         0  stm32l4xx_hal_cortex.o ABSOLUTE
    ../Drivers/STM32L4xx_HAL_Driver/Src/stm32l4xx_hal_dma.c 0x00000000   Number         0  stm32l4xx_hal_dma.o ABSOLUTE
    ../Drivers/STM32L4xx_HAL_Driver/Src/stm32l4xx_hal_dma_ex.c 0x00000000   Number         0  stm32l4xx_hal_dma_ex.o ABSOLUTE
    ../Drivers/STM32L4xx_HAL_Driver/Src/stm32l4xx_hal_flash.c 0x00000000   Number         0  stm32l4xx_hal_flash.o ABSOLUTE
    ../Drivers/STM32L4xx_HAL_Driver/Src/stm32l4xx_hal_flash_ex.c 0x00000000   Number         0  stm32l4xx_hal_flash_ex.o ABSOLUTE
    ../Drivers/STM32L4xx_HAL_Driver/Src/stm32l4xx_hal_flash_ramfunc.c 0x00000000   Number         0  stm32l4xx_hal_flash_ramfunc.o ABSOLUTE
    ../Drivers/STM32L4xx_HAL_Driver/Src/stm32l4xx_hal_gpio.c 0x00000000   Number         0  stm32l4xx_hal_gpio.o ABSOLUTE
    ../Drivers/STM32L4xx_HAL_Driver/Src/stm32l4xx_hal_i2c.c 0x00000000   Number         0  stm32l4xx_hal_i2c.o ABSOLUTE
    ../Drivers/STM32L4xx_HAL_Driver/Src/stm32l4xx_hal_i2c_ex.c 0x00000000   Number         0  stm32l4xx_hal_i2c_ex.o ABSOLUTE
    ../Drivers/STM32L4xx_HAL_Driver/Src/stm32l4xx_hal_pwr.c 0x00000000   Number         0  stm32l4xx_hal_pwr.o ABSOLUTE
    ../Drivers/STM32L4xx_HAL_Driver/Src/stm32l4xx_hal_pwr_ex.c 0x00000000   Number         0  stm32l4xx_hal_pwr_ex.o ABSOLUTE
    ../Drivers/STM32L4xx_HAL_Driver/Src/stm32l4xx_hal_qspi.c 0x00000000   Number         0  stm32l4xx_hal_qspi.o ABSOLUTE
    ../Drivers/STM32L4xx_HAL_Driver/Src/stm32l4xx_hal_rcc.c 0x00000000   Number         0  stm32l4xx_hal_rcc.o ABSOLUTE
    ../Drivers/STM32L4xx_HAL_Driver/Src/stm32l4xx_hal_rcc_ex.c 0x00000000   Number         0  stm32l4xx_hal_rcc_ex.o ABSOLUTE
    ../Drivers/STM32L4xx_HAL_Driver/Src/stm32l4xx_hal_tim.c 0x00000000   Number         0  stm32l4xx_hal_tim.o ABSOLUTE
    ../Drivers/STM32L4xx_HAL_Driver/Src/stm32l4xx_hal_tim_ex.c 0x00000000   Number         0  stm32l4xx_hal_tim_ex.o ABSOLUTE
    ../Drivers/STM32L4xx_HAL_Driver/Src/stm32l4xx_hal_uart.c 0x00000000   Number         0  stm32l4xx_hal_uart.o ABSOLUTE
    ../Drivers/STM32L4xx_HAL_Driver/Src/stm32l4xx_hal_uart_ex.c 0x00000000   Number         0  stm32l4xx_hal_uart_ex.o ABSOLUTE
    ../Src/gpio.c                            0x00000000   Number         0  gpio.o ABSOLUTE
    ../Src/main.c                            0x00000000   Number         0  main.o ABSOLUTE
    ../Src/quadspi.c                         0x00000000   Number         0  quadspi.o ABSOLUTE
    ../Src/stm32l4xx_hal_msp.c               0x00000000   Number         0  stm32l4xx_hal_msp.o ABSOLUTE
    ../Src/stm32l4xx_it.c                    0x00000000   Number         0  stm32l4xx_it.o ABSOLUTE
    ../Src/system_stm32l4xx.c                0x00000000   Number         0  system_stm32l4xx.o ABSOLUTE
    ../Src/usart.c                           0x00000000   Number         0  usart.o ABSOLUTE
    ../clib/microlib/ctype/ctype.c           0x00000000   Number         0  ctype_c.o ABSOLUTE
    ../clib/microlib/ctype/ctype.c           0x00000000   Number         0  isspace_c.o ABSOLUTE
    ../clib/microlib/division.c              0x00000000   Number         0  uidiv.o ABSOLUTE
    ../clib/microlib/division.c              0x00000000   Number         0  uldiv.o ABSOLUTE
    ../clib/microlib/init/entry.s            0x00000000   Number         0  entry.o ABSOLUTE
    ../clib/microlib/init/entry.s            0x00000000   Number         0  entry8a.o ABSOLUTE
    ../clib/microlib/init/entry.s            0x00000000   Number         0  entry11b.o ABSOLUTE
    ../clib/microlib/init/entry.s            0x00000000   Number         0  entry11a.o ABSOLUTE
    ../clib/microlib/init/entry.s            0x00000000   Number         0  entry10b.o ABSOLUTE
    ../clib/microlib/init/entry.s            0x00000000   Number         0  entry10a.o ABSOLUTE
    ../clib/microlib/init/entry.s            0x00000000   Number         0  entry9b.o ABSOLUTE
    ../clib/microlib/init/entry.s            0x00000000   Number         0  entry9a.o ABSOLUTE
    ../clib/microlib/init/entry.s            0x00000000   Number         0  entry8b.o ABSOLUTE
    ../clib/microlib/init/entry.s            0x00000000   Number         0  entry7b.o ABSOLUTE
    ../clib/microlib/init/entry.s            0x00000000   Number         0  entry7a.o ABSOLUTE
    ../clib/microlib/init/entry.s            0x00000000   Number         0  entry5.o ABSOLUTE
    ../clib/microlib/init/entry.s            0x00000000   Number         0  entry2.o ABSOLUTE
    ../clib/microlib/longlong.c              0x00000000   Number         0  llsshr.o ABSOLUTE
    ../clib/microlib/longlong.c              0x00000000   Number         0  llshl.o ABSOLUTE
    ../clib/microlib/longlong.c              0x00000000   Number         0  llushr.o ABSOLUTE
    ../clib/microlib/printf/printf.c         0x00000000   Number         0  printf2.o ABSOLUTE
    ../clib/microlib/printf/printf.c         0x00000000   Number         0  printf1.o ABSOLUTE
    ../clib/microlib/printf/printf.c         0x00000000   Number         0  printf0.o ABSOLUTE
    ../clib/microlib/printf/printf.c         0x00000000   Number         0  printfb.o ABSOLUTE
    ../clib/microlib/printf/printf.c         0x00000000   Number         0  printf8.o ABSOLUTE
    ../clib/microlib/printf/printf.c         0x00000000   Number         0  printf7.o ABSOLUTE
    ../clib/microlib/printf/printf.c         0x00000000   Number         0  printf6.o ABSOLUTE
    ../clib/microlib/printf/printf.c         0x00000000   Number         0  printf5.o ABSOLUTE
    ../clib/microlib/printf/printf.c         0x00000000   Number         0  printf4.o ABSOLUTE
    ../clib/microlib/printf/printf.c         0x00000000   Number         0  printf3.o ABSOLUTE
    ../clib/microlib/printf/printf.c         0x00000000   Number         0  printfa.o ABSOLUTE
    ../clib/microlib/printf/stubs.s          0x00000000   Number         0  stubs.o ABSOLUTE
    ../clib/microlib/stdio/fgetc.c           0x00000000   Number         0  fgetc_b.o ABSOLUTE
    ../clib/microlib/stdio/semi.s            0x00000000   Number         0  semi.o ABSOLUTE
    ../clib/microlib/stdio/streams.c         0x00000000   Number         0  stdout.o ABSOLUTE
    ../clib/microlib/stdio/streams.c         0x00000000   Number         0  stdin.o ABSOLUTE
    ../clib/microlib/stubs.s                 0x00000000   Number         0  iusefp.o ABSOLUTE
    ../clib/microlib/stubs.s                 0x00000000   Number         0  iusesemig.o ABSOLUTE
    ../clib/scanf.c                          0x00000000   Number         0  scanf_char.o ABSOLUTE
    ../clib/scanf.c                          0x00000000   Number         0  _chval.o ABSOLUTE
    ../clib/scanf.c                          0x00000000   Number         0  scanf_char_file.o ABSOLUTE
    ../clib/scanf.c                          0x00000000   Number         0  _scanf.o ABSOLUTE
    ../clib/scanf.c                          0x00000000   Number         0  _scanf_int.o ABSOLUTE
    ../clib/scanf.c                          0x00000000   Number         0  __0scanf.o ABSOLUTE
    ../fplib/microlib/fpadd.c                0x00000000   Number         0  dadd.o ABSOLUTE
    ../fplib/microlib/fpdiv.c                0x00000000   Number         0  ddiv.o ABSOLUTE
    ../fplib/microlib/fpepilogue.c           0x00000000   Number         0  depilogue.o ABSOLUTE
    ../fplib/microlib/fpfix.c                0x00000000   Number         0  dfixul.o ABSOLUTE
    ../fplib/microlib/fpmul.c                0x00000000   Number         0  dmul.o ABSOLUTE
    ..\Drivers\STM32L4xx_HAL_Driver\Src\stm32l4xx_hal.c 0x00000000   Number         0  stm32l4xx_hal.o ABSOLUTE
    ..\Drivers\STM32L4xx_HAL_Driver\Src\stm32l4xx_hal_cortex.c 0x00000000   Number         0  stm32l4xx_hal_cortex.o ABSOLUTE
    ..\Drivers\STM32L4xx_HAL_Driver\Src\stm32l4xx_hal_dma.c 0x00000000   Number         0  stm32l4xx_hal_dma.o ABSOLUTE
    ..\Drivers\STM32L4xx_HAL_Driver\Src\stm32l4xx_hal_dma_ex.c 0x00000000   Number         0  stm32l4xx_hal_dma_ex.o ABSOLUTE
    ..\Drivers\STM32L4xx_HAL_Driver\Src\stm32l4xx_hal_flash.c 0x00000000   Number         0  stm32l4xx_hal_flash.o ABSOLUTE
    ..\Drivers\STM32L4xx_HAL_Driver\Src\stm32l4xx_hal_flash_ex.c 0x00000000   Number         0  stm32l4xx_hal_flash_ex.o ABSOLUTE
    ..\Drivers\STM32L4xx_HAL_Driver\Src\stm32l4xx_hal_flash_ramfunc.c 0x00000000   Number         0  stm32l4xx_hal_flash_ramfunc.o ABSOLUTE
    ..\Drivers\STM32L4xx_HAL_Driver\Src\stm32l4xx_hal_gpio.c 0x00000000   Number         0  stm32l4xx_hal_gpio.o ABSOLUTE
    ..\Drivers\STM32L4xx_HAL_Driver\Src\stm32l4xx_hal_i2c.c 0x00000000   Number         0  stm32l4xx_hal_i2c.o ABSOLUTE
    ..\Drivers\STM32L4xx_HAL_Driver\Src\stm32l4xx_hal_i2c_ex.c 0x00000000   Number         0  stm32l4xx_hal_i2c_ex.o ABSOLUTE
    ..\Drivers\STM32L4xx_HAL_Driver\Src\stm32l4xx_hal_pwr.c 0x00000000   Number         0  stm32l4xx_hal_pwr.o ABSOLUTE
    ..\Drivers\STM32L4xx_HAL_Driver\Src\stm32l4xx_hal_pwr_ex.c 0x00000000   Number         0  stm32l4xx_hal_pwr_ex.o ABSOLUTE
    ..\Drivers\STM32L4xx_HAL_Driver\Src\stm32l4xx_hal_qspi.c 0x00000000   Number         0  stm32l4xx_hal_qspi.o ABSOLUTE
    ..\Drivers\STM32L4xx_HAL_Driver\Src\stm32l4xx_hal_rcc.c 0x00000000   Number         0  stm32l4xx_hal_rcc.o ABSOLUTE
    ..\Drivers\STM32L4xx_HAL_Driver\Src\stm32l4xx_hal_rcc_ex.c 0x00000000   Number         0  stm32l4xx_hal_rcc_ex.o ABSOLUTE
    ..\Drivers\STM32L4xx_HAL_Driver\Src\stm32l4xx_hal_tim.c 0x00000000   Number         0  stm32l4xx_hal_tim.o ABSOLUTE
    ..\Drivers\STM32L4xx_HAL_Driver\Src\stm32l4xx_hal_tim_ex.c 0x00000000   Number         0  stm32l4xx_hal_tim_ex.o ABSOLUTE
    ..\Drivers\STM32L4xx_HAL_Driver\Src\stm32l4xx_hal_uart.c 0x00000000   Number         0  stm32l4xx_hal_uart.o ABSOLUTE
    ..\Drivers\STM32L4xx_HAL_Driver\Src\stm32l4xx_hal_uart_ex.c 0x00000000   Number         0  stm32l4xx_hal_uart_ex.o ABSOLUTE
    ..\Src\gpio.c                            0x00000000   Number         0  gpio.o ABSOLUTE
    ..\Src\guiMENU.c                         0x00000000   Number         0  guimenu.o ABSOLUTE
    ..\Src\main.c                            0x00000000   Number         0  main.o ABSOLUTE
    ..\Src\qspiFRAM.c                        0x00000000   Number         0  qspifram.o ABSOLUTE
    ..\Src\quadspi.c                         0x00000000   Number         0  quadspi.o ABSOLUTE
    ..\Src\stm32l4xx_hal_msp.c               0x00000000   Number         0  stm32l4xx_hal_msp.o ABSOLUTE
    ..\Src\stm32l4xx_it.c                    0x00000000   Number         0  stm32l4xx_it.o ABSOLUTE
    ..\Src\system_stm32l4xx.c                0x00000000   Number         0  system_stm32l4xx.o ABSOLUTE
    ..\Src\usart.c                           0x00000000   Number         0  usart.o ABSOLUTE
    ..\\Src\\guiMENU.c                       0x00000000   Number         0  guimenu.o ABSOLUTE
    ..\\Src\\qspiFRAM.c                      0x00000000   Number         0  qspifram.o ABSOLUTE
    cdrcmple.s                               0x00000000   Number         0  cdrcmple.o ABSOLUTE
    dc.s                                     0x00000000   Number         0  dc.o ABSOLUTE
    handlers.s                               0x00000000   Number         0  handlers.o ABSOLUTE
    init.s                                   0x00000000   Number         0  init.o ABSOLUTE
    startup_stm32l433xx.s                    0x00000000   Number         0  startup_stm32l433xx.o ABSOLUTE
    RESET                                    0x08000000   Section      396  startup_stm32l433xx.o(RESET)
    .ARM.Collect$$$$00000000                 0x0800018c   Section        0  entry.o(.ARM.Collect$$$$00000000)
    .ARM.Collect$$$$00000001                 0x0800018c   Section        4  entry2.o(.ARM.Collect$$$$00000001)
    .ARM.Collect$$$$00000004                 0x08000190   Section        4  entry5.o(.ARM.Collect$$$$00000004)
    .ARM.Collect$$$$00000008                 0x08000194   Section        0  entry7b.o(.ARM.Collect$$$$00000008)
    .ARM.Collect$$$$0000000A                 0x08000194   Section        0  entry8b.o(.ARM.Collect$$$$0000000A)
    .ARM.Collect$$$$0000000B                 0x08000194   Section        8  entry9a.o(.ARM.Collect$$$$0000000B)
    .ARM.Collect$$$$0000000D                 0x0800019c   Section        0  entry10a.o(.ARM.Collect$$$$0000000D)
    .ARM.Collect$$$$0000000F                 0x0800019c   Section        0  entry11a.o(.ARM.Collect$$$$0000000F)
    .ARM.Collect$$$$00002712                 0x0800019c   Section        4  entry2.o(.ARM.Collect$$$$00002712)
    __lit__00000000                          0x0800019c   Data           4  entry2.o(.ARM.Collect$$$$00002712)
    .text                                    0x080001a0   Section       36  startup_stm32l433xx.o(.text)
    $v0                                      0x080001a0   Number         0  startup_stm32l433xx.o(.text)
    .text                                    0x080001c4   Section        0  uldiv.o(.text)
    .text                                    0x0800022c   Section        0  __0scanf.o(.text)
    .text                                    0x0800024c   Section        0  _scanf_int.o(.text)
    .text                                    0x0800039e   Section        0  llshl.o(.text)
    .text                                    0x080003bc   Section        0  llushr.o(.text)
    .text                                    0x080003dc   Section        0  _chval.o(.text)
    .text                                    0x080003f8   Section        0  scanf_char_file.o(.text)
    .text                                    0x0800040c   Section       36  init.o(.text)
    .text                                    0x08000430   Section        0  fgetc_b.o(.text)
    .text                                    0x0800045c   Section        0  scanf_char.o(.text)
    _scanf_char_input                        0x0800045d   Thumb Code    12  scanf_char.o(.text)
    .text                                    0x08000484   Section        0  semi.o(.text)
    .text                                    0x08000484   Section        0  isspace_c.o(.text)
    .text                                    0x08000490   Section        0  _scanf.o(.text)
    .text                                    0x080007c2   Section        0  iusesemig.o(.text)
    .text                                    0x080007c4   Section        0  ctype_c.o(.text)
    i.Display_Menu_Commands                  0x080007ec   Section        0  guimenu.o(i.Display_Menu_Commands)
    i.FRAM_DID                               0x08000ed4   Section        0  qspifram.o(i.FRAM_DID)
    i.FRAM_DIORRead                          0x08000f20   Section        0  qspifram.o(i.FRAM_DIORRead)
    i.FRAM_DIOW                              0x08000f88   Section        0  qspifram.o(i.FRAM_DIOW)
    i.FRAM_DIW                               0x08000fec   Section        0  qspifram.o(i.FRAM_DIW)
    i.FRAM_DORRead                           0x08001050   Section        0  qspifram.o(i.FRAM_DORRead)
    i.FRAM_DPIEN                             0x080010b8   Section        0  qspifram.o(i.FRAM_DPIEN)
    i.FRAM_FastRead                          0x080010ec   Section        0  qspifram.o(i.FRAM_FastRead)
    i.FRAM_Fast_Write                        0x08001148   Section        0  qspifram.o(i.FRAM_Fast_Write)
    i.FRAM_Get_Memory_Latency                0x080011a0   Section        0  qspifram.o(i.FRAM_Get_Memory_Latency)
    i.FRAM_Get_Register_Latency              0x080011bc   Section        0  qspifram.o(i.FRAM_Get_Register_Latency)
    i.FRAM_Interface_Reset                   0x080011d8   Section        0  qspifram.o(i.FRAM_Interface_Reset)
    i.FRAM_QIORRead                          0x08001290   Section        0  qspifram.o(i.FRAM_QIORRead)
    i.FRAM_QIOW                              0x08001304   Section        0  qspifram.o(i.FRAM_QIOW)
    i.FRAM_QIW                               0x08001374   Section        0  qspifram.o(i.FRAM_QIW)
    i.FRAM_QORRead                           0x080013e0   Section        0  qspifram.o(i.FRAM_QORRead)
    i.FRAM_QPIEN                             0x08001450   Section        0  qspifram.o(i.FRAM_QPIEN)
    i.FRAM_QUAD_DISABLE                      0x08001484   Section        0  qspifram.o(i.FRAM_QUAD_DISABLE)
    i.FRAM_QUAD_ENABLE                       0x080014bc   Section        0  qspifram.o(i.FRAM_QUAD_ENABLE)
    i.FRAM_RDAR                              0x080014f4   Section        0  qspifram.o(i.FRAM_RDAR)
    i.FRAM_RDCR1                             0x08001548   Section        0  qspifram.o(i.FRAM_RDCR1)
    i.FRAM_RDCR2                             0x08001594   Section        0  qspifram.o(i.FRAM_RDCR2)
    i.FRAM_RDCR4                             0x080015e0   Section        0  qspifram.o(i.FRAM_RDCR4)
    i.FRAM_RDCR5                             0x0800162c   Section        0  qspifram.o(i.FRAM_RDCR5)
    i.FRAM_RDSN                              0x08001678   Section        0  qspifram.o(i.FRAM_RDSN)
    i.FRAM_RDSR1                             0x080016c4   Section        0  qspifram.o(i.FRAM_RDSR1)
    i.FRAM_RDSR2                             0x08001714   Section        0  qspifram.o(i.FRAM_RDSR2)
    i.FRAM_RUID                              0x08001764   Section        0  qspifram.o(i.FRAM_RUID)
    i.FRAM_Read                              0x080017b0   Section        0  qspifram.o(i.FRAM_Read)
    i.FRAM_SPIEN                             0x08001814   Section        0  qspifram.o(i.FRAM_SPIEN)
    i.FRAM_Set_Memory_Latency                0x08001848   Section        0  qspifram.o(i.FRAM_Set_Memory_Latency)
    i.FRAM_Set_Register_Latency              0x08001888   Section        0  qspifram.o(i.FRAM_Set_Register_Latency)
    i.FRAM_WRAR                              0x080018c4   Section        0  qspifram.o(i.FRAM_WRAR)
    i.FRAM_WREN                              0x08001914   Section        0  qspifram.o(i.FRAM_WREN)
    i.FRAM_WRR                               0x08001948   Section        0  qspifram.o(i.FRAM_WRR)
    i.FRAM_WRSN                              0x0800198c   Section        0  qspifram.o(i.FRAM_WRSN)
    i.FRAM_Write                             0x080019d4   Section        0  qspifram.o(i.FRAM_Write)
    i.GUI_Menu                               0x08001a2c   Section        0  guimenu.o(i.GUI_Menu)
    i.HAL_GPIO_Init                          0x08001cb8   Section        0  stm32l4xx_hal_gpio.o(i.HAL_GPIO_Init)
    i.HAL_GetTick                            0x08001e48   Section        0  stm32l4xx_hal.o(i.HAL_GetTick)
    i.HAL_IncTick                            0x08001e54   Section        0  stm32l4xx_hal.o(i.HAL_IncTick)
    i.HAL_Init                               0x08001e64   Section        0  stm32l4xx_hal.o(i.HAL_Init)
    i.HAL_InitTick                           0x08001e88   Section        0  stm32l4xx_hal.o(i.HAL_InitTick)
    i.HAL_MspInit                            0x08001eb0   Section        0  stm32l4xx_hal_msp.o(i.HAL_MspInit)
    i.HAL_NVIC_SetPriority                   0x08001f30   Section        0  stm32l4xx_hal_cortex.o(i.HAL_NVIC_SetPriority)
    i.HAL_NVIC_SetPriorityGrouping           0x08001f70   Section        0  stm32l4xx_hal_cortex.o(i.HAL_NVIC_SetPriorityGrouping)
    i.HAL_PWREx_ControlVoltageScaling        0x08001f94   Section        0  stm32l4xx_hal_pwr_ex.o(i.HAL_PWREx_ControlVoltageScaling)
    i.HAL_PWREx_GetVoltageRange              0x08001ff8   Section        0  stm32l4xx_hal_pwr_ex.o(i.HAL_PWREx_GetVoltageRange)
    i.HAL_QSPI_Command                       0x08002008   Section        0  stm32l4xx_hal_qspi.o(i.HAL_QSPI_Command)
    i.HAL_QSPI_Init                          0x08002094   Section        0  stm32l4xx_hal_qspi.o(i.HAL_QSPI_Init)
    i.HAL_QSPI_MspInit                       0x0800214c   Section        0  quadspi.o(i.HAL_QSPI_MspInit)
    i.HAL_QSPI_Receive                       0x080021c8   Section        0  stm32l4xx_hal_qspi.o(i.HAL_QSPI_Receive)
    i.HAL_QSPI_Transmit                      0x0800228c   Section        0  stm32l4xx_hal_qspi.o(i.HAL_QSPI_Transmit)
    i.HAL_RCCEx_PeriphCLKConfig              0x08002348   Section        0  stm32l4xx_hal_rcc_ex.o(i.HAL_RCCEx_PeriphCLKConfig)
    i.HAL_RCC_ClockConfig                    0x08002638   Section        0  stm32l4xx_hal_rcc.o(i.HAL_RCC_ClockConfig)
    i.HAL_RCC_GetHCLKFreq                    0x080027b0   Section        0  stm32l4xx_hal_rcc.o(i.HAL_RCC_GetHCLKFreq)
    i.HAL_RCC_GetPCLK1Freq                   0x080027bc   Section        0  stm32l4xx_hal_rcc.o(i.HAL_RCC_GetPCLK1Freq)
    i.HAL_RCC_GetPCLK2Freq                   0x080027dc   Section        0  stm32l4xx_hal_rcc.o(i.HAL_RCC_GetPCLK2Freq)
    i.HAL_RCC_GetSysClockFreq                0x080027fc   Section        0  stm32l4xx_hal_rcc.o(i.HAL_RCC_GetSysClockFreq)
    i.HAL_RCC_OscConfig                      0x080028c0   Section        0  stm32l4xx_hal_rcc.o(i.HAL_RCC_OscConfig)
    i.HAL_SYSTICK_CLKSourceConfig            0x08002d70   Section        0  stm32l4xx_hal_cortex.o(i.HAL_SYSTICK_CLKSourceConfig)
    i.HAL_SYSTICK_Callback                   0x08002d88   Section        0  stm32l4xx_hal_cortex.o(i.HAL_SYSTICK_Callback)
    i.HAL_SYSTICK_Config                     0x08002d8a   Section        0  stm32l4xx_hal_cortex.o(i.HAL_SYSTICK_Config)
    i.HAL_SYSTICK_IRQHandler                 0x08002db2   Section        0  stm32l4xx_hal_cortex.o(i.HAL_SYSTICK_IRQHandler)
    i.HAL_UART_Init                          0x08002dba   Section        0  stm32l4xx_hal_uart.o(i.HAL_UART_Init)
    i.HAL_UART_MspInit                       0x08002e24   Section        0  usart.o(i.HAL_UART_MspInit)
    i.HAL_UART_Receive                       0x08002e6c   Section        0  stm32l4xx_hal_uart.o(i.HAL_UART_Receive)
    i.HAL_UART_Transmit                      0x08002f56   Section        0  stm32l4xx_hal_uart.o(i.HAL_UART_Transmit)
    i.MX_GPIO_Init                           0x08003008   Section        0  gpio.o(i.MX_GPIO_Init)
    i.MX_LPUART1_UART_Init                   0x08003054   Section        0  usart.o(i.MX_LPUART1_UART_Init)
    i.MX_QUADSPI_Init                        0x080030a4   Section        0  quadspi.o(i.MX_QUADSPI_Init)
    i.NVIC_SetPriority                       0x080030f8   Section        0  stm32l4xx_hal_cortex.o(i.NVIC_SetPriority)
    NVIC_SetPriority                         0x080030f9   Thumb Code    32  stm32l4xx_hal_cortex.o(i.NVIC_SetPriority)
    i.PendSV_Handler                         0x08003118   Section        0  stm32l4xx_it.o(i.PendSV_Handler)
    i.QSPI_Config                            0x0800311a   Section        0  stm32l4xx_hal_qspi.o(i.QSPI_Config)
    QSPI_Config                              0x0800311b   Thumb Code   350  stm32l4xx_hal_qspi.o(i.QSPI_Config)
    i.QSPI_WaitFlagStateUntilTimeout         0x08003278   Section        0  stm32l4xx_hal_qspi.o(i.QSPI_WaitFlagStateUntilTimeout)
    QSPI_WaitFlagStateUntilTimeout           0x08003279   Thumb Code    72  stm32l4xx_hal_qspi.o(i.QSPI_WaitFlagStateUntilTimeout)
    i.RCCEx_PLLSAI1_Config                   0x080032c0   Section        0  stm32l4xx_hal_rcc_ex.o(i.RCCEx_PLLSAI1_Config)
    RCCEx_PLLSAI1_Config                     0x080032c1   Thumb Code   278  stm32l4xx_hal_rcc_ex.o(i.RCCEx_PLLSAI1_Config)
    i.RCC_SetFlashLatencyFromMSIRange        0x080033ec   Section        0  stm32l4xx_hal_rcc.o(i.RCC_SetFlashLatencyFromMSIRange)
    RCC_SetFlashLatencyFromMSIRange          0x080033ed   Thumb Code   116  stm32l4xx_hal_rcc.o(i.RCC_SetFlashLatencyFromMSIRange)
    i.Read_ID                                0x08003468   Section        0  qspifram.o(i.Read_ID)
    i.SVC_Handler                            0x0800352c   Section        0  stm32l4xx_it.o(i.SVC_Handler)
    i.SysTick_Handler                        0x0800352e   Section        0  stm32l4xx_it.o(i.SysTick_Handler)
    i.SystemClock_Config                     0x0800353c   Section        0  main.o(i.SystemClock_Config)
    i.SystemInit                             0x080035c8   Section        0  system_stm32l4xx.o(i.SystemInit)
    i.TestFRAMDPI                            0x0800360c   Section        0  guimenu.o(i.TestFRAMDPI)
    i.TestFRAMQPI                            0x080038d0   Section        0  guimenu.o(i.TestFRAMQPI)
    i.TestFRAMRegisters                      0x08003c68   Section        0  guimenu.o(i.TestFRAMRegisters)
    i.TestFRAMSPI                            0x08004104   Section        0  guimenu.o(i.TestFRAMSPI)
    i.UART_AdvFeatureConfig                  0x080047ac   Section        0  stm32l4xx_hal_uart.o(i.UART_AdvFeatureConfig)
    i.UART_CheckIdleState                    0x08004874   Section        0  stm32l4xx_hal_uart.o(i.UART_CheckIdleState)
    i.UART_SetConfig                         0x080048d0   Section        0  stm32l4xx_hal_uart.o(i.UART_SetConfig)
    i.UART_WaitOnFlagUntilTimeout            0x08004b24   Section        0  stm32l4xx_hal_uart.o(i.UART_WaitOnFlagUntilTimeout)
    i._Error_Handler                         0x08004b88   Section        0  main.o(i._Error_Handler)
    i.__0printf$8                            0x08004b8c   Section        0  printf8.o(i.__0printf$8)
    i.__scatterload_copy                     0x08004bac   Section       14  handlers.o(i.__scatterload_copy)
    i.__scatterload_null                     0x08004bba   Section        2  handlers.o(i.__scatterload_null)
    i.__scatterload_zeroinit                 0x08004bbc   Section       14  handlers.o(i.__scatterload_zeroinit)
    i._printf_core                           0x08004bcc   Section        0  printf8.o(i._printf_core)
    _printf_core                             0x08004bcd   Thumb Code   996  printf8.o(i._printf_core)
    i._printf_post_padding                   0x08004fe2   Section        0  printf8.o(i._printf_post_padding)
    _printf_post_padding                     0x08004fe3   Thumb Code    36  printf8.o(i._printf_post_padding)
    i._printf_pre_padding                    0x08005006   Section        0  printf8.o(i._printf_pre_padding)
    _printf_pre_padding                      0x08005007   Thumb Code    46  printf8.o(i._printf_pre_padding)
    i.fgetc                                  0x08005034   Section        0  usart.o(i.fgetc)
    i.fputc                                  0x0800505c   Section        0  usart.o(i.fputc)
    i.guiFRAMDIORRead                        0x08005074   Section        0  guimenu.o(i.guiFRAMDIORRead)
    i.guiFRAMDIOWWrite                       0x08005158   Section        0  guimenu.o(i.guiFRAMDIOWWrite)
    i.guiFRAMDIWWrite                        0x080052f8   Section        0  guimenu.o(i.guiFRAMDIWWrite)
    i.guiFRAMDORRead                         0x08005498   Section        0  guimenu.o(i.guiFRAMDORRead)
    i.guiFRAMFastRead                        0x0800557c   Section        0  guimenu.o(i.guiFRAMFastRead)
    i.guiFRAMFastWrite                       0x08005664   Section        0  guimenu.o(i.guiFRAMFastWrite)
    i.guiFRAMQIORRead                        0x08005804   Section        0  guimenu.o(i.guiFRAMQIORRead)
    i.guiFRAMQIOWWrite                       0x080058e8   Section        0  guimenu.o(i.guiFRAMQIOWWrite)
    i.guiFRAMQIWWrite                        0x08005a88   Section        0  guimenu.o(i.guiFRAMQIWWrite)
    i.guiFRAMQORRead                         0x08005c28   Section        0  guimenu.o(i.guiFRAMQORRead)
    i.guiFRAMRead                            0x08005d0c   Section        0  guimenu.o(i.guiFRAMRead)
    i.guiFRAMWrite                           0x08005e40   Section        0  guimenu.o(i.guiFRAMWrite)
    i.guiGetMemLatency                       0x08005fe0   Section        0  guimenu.o(i.guiGetMemLatency)
    i.guiGetRegLatency                       0x08006018   Section        0  guimenu.o(i.guiGetRegLatency)
    i.guiReadAnyReg                          0x08006054   Section        0  guimenu.o(i.guiReadAnyReg)
    i.guiReadCR1                             0x080060a4   Section        0  guimenu.o(i.guiReadCR1)
    i.guiReadCR2                             0x080060d8   Section        0  guimenu.o(i.guiReadCR2)
    i.guiReadCR4                             0x0800610c   Section        0  guimenu.o(i.guiReadCR4)
    i.guiReadCR5                             0x08006140   Section        0  guimenu.o(i.guiReadCR5)
    i.guiReadID                              0x08006174   Section        0  guimenu.o(i.guiReadID)
    i.guiReadSN                              0x080061b8   Section        0  guimenu.o(i.guiReadSN)
    i.guiReadSR1                             0x080061f8   Section        0  guimenu.o(i.guiReadSR1)
    i.guiReadSR2                             0x08006230   Section        0  guimenu.o(i.guiReadSR2)
    i.guiReadUID                             0x08006264   Section        0  guimenu.o(i.guiReadUID)
    i.guiSetMemLatency                       0x080062a8   Section        0  guimenu.o(i.guiSetMemLatency)
    i.guiSetRegLatency                       0x080062e4   Section        0  guimenu.o(i.guiSetRegLatency)
    i.guiWriteAnyReg                         0x08006320   Section        0  guimenu.o(i.guiWriteAnyReg)
    i.guiWriteSN                             0x08006374   Section        0  guimenu.o(i.guiWriteSN)
    i.main                                   0x08006400   Section        0  main.o(i.main)
    .constdata                               0x08006444   Section       64  system_stm32l4xx.o(.constdata)
    .constdata                               0x08006484   Section        8  system_stm32l4xx.o(.constdata)
    .constdata                               0x0800648c   Section       64  ctype_c.o(.constdata)
    .conststring                             0x080064cc   Section      845  guimenu.o(.conststring)
    .data                                    0x20000000   Section        4  stm32l4xx_hal.o(.data)
    .data                                    0x20000004   Section        4  system_stm32l4xx.o(.data)
    .data                                    0x20000008   Section        4  stdin.o(.data)
    .data                                    0x2000000c   Section        4  stdout.o(.data)
    .data                                    0x20000010   Section        3  fgetc_b.o(.data)
    ungetc_sp                                0x20000010   Data           1  fgetc_b.o(.data)
    ungetc_stack                             0x20000011   Data           2  fgetc_b.o(.data)
    .bss                                     0x20000014   Section      120  usart.o(.bss)
    .bss                                     0x2000008c   Section       76  quadspi.o(.bss)
    .bss                                     0x200000d8   Section       60  qspifram.o(.bss)
    .bss                                     0x20000114   Section     8192  qspifram.o(.bss)
    STACK                                    0x20002118   Section     1024  startup_stm32l433xx.o(STACK)

    Global Symbols

    Symbol Name                              Value     Ov Type        Size  Object(Section)

    BuildAttributes$$THM_ISAv4$E$P$D$K$B$S$7EM$VFPi3$EXTD16$VFPS$VFMA$PE$A:L22UL41UL21$X:L11$S22US41US21$IEEE1$IW$USESV6$~STKCKD$USESV7$~SHL$OSPACE$ROPI$EBA8$MICROLIB$REQ8$PRES8$EABIv2 0x00000000   Number         0  anon$$obj.o ABSOLUTE
    __ARM_use_no_argv                        0x00000000   Number         0  main.o ABSOLUTE
    _printf_a                                0x00000000   Number         0  stubs.o ABSOLUTE
    _printf_c                                0x00000000   Number         0  stubs.o ABSOLUTE
    _printf_charcount                        0x00000000   Number         0  stubs.o ABSOLUTE
    _printf_d                                0x00000000   Number         0  stubs.o ABSOLUTE
    _printf_e                                0x00000000   Number         0  stubs.o ABSOLUTE
    _printf_f                                0x00000000   Number         0  stubs.o ABSOLUTE
    _printf_flags                            0x00000000   Number         0  stubs.o ABSOLUTE
    _printf_fp_dec                           0x00000000   Number         0  stubs.o ABSOLUTE
    _printf_fp_hex                           0x00000000   Number         0  stubs.o ABSOLUTE
    _printf_g                                0x00000000   Number         0  stubs.o ABSOLUTE
    _printf_i                                0x00000000   Number         0  stubs.o ABSOLUTE
    _printf_int_dec                          0x00000000   Number         0  stubs.o ABSOLUTE
    _printf_l                                0x00000000   Number         0  stubs.o ABSOLUTE
    _printf_lc                               0x00000000   Number         0  stubs.o ABSOLUTE
    _printf_ll                               0x00000000   Number         0  stubs.o ABSOLUTE
    _printf_lld                              0x00000000   Number         0  stubs.o ABSOLUTE
    _printf_lli                              0x00000000   Number         0  stubs.o ABSOLUTE
    _printf_llo                              0x00000000   Number         0  stubs.o ABSOLUTE
    _printf_llu                              0x00000000   Number         0  stubs.o ABSOLUTE
    _printf_llx                              0x00000000   Number         0  stubs.o ABSOLUTE
    _printf_longlong_dec                     0x00000000   Number         0  stubs.o ABSOLUTE
    _printf_longlong_hex                     0x00000000   Number         0  stubs.o ABSOLUTE
    _printf_longlong_oct                     0x00000000   Number         0  stubs.o ABSOLUTE
    _printf_ls                               0x00000000   Number         0  stubs.o ABSOLUTE
    _printf_mbtowc                           0x00000000   Number         0  stubs.o ABSOLUTE
    _printf_n                                0x00000000   Number         0  stubs.o ABSOLUTE
    _printf_o                                0x00000000   Number         0  stubs.o ABSOLUTE
    _printf_p                                0x00000000   Number         0  stubs.o ABSOLUTE
    _printf_percent                          0x00000000   Number         0  stubs.o ABSOLUTE
    _printf_pre_padding                      0x00000000   Number         0  stubs.o ABSOLUTE
    _printf_return_value                     0x00000000   Number         0  stubs.o ABSOLUTE
    _printf_s                                0x00000000   Number         0  stubs.o ABSOLUTE
    _printf_sizespec                         0x00000000   Number         0  stubs.o ABSOLUTE
    _printf_str                              0x00000000   Number         0  stubs.o ABSOLUTE
    _printf_truncate_signed                  0x00000000   Number         0  stubs.o ABSOLUTE
    _printf_truncate_unsigned                0x00000000   Number         0  stubs.o ABSOLUTE
    _printf_u                                0x00000000   Number         0  stubs.o ABSOLUTE
    _printf_wc                               0x00000000   Number         0  stubs.o ABSOLUTE
    _printf_wctomb                           0x00000000   Number         0  stubs.o ABSOLUTE
    _printf_widthprec                        0x00000000   Number         0  stubs.o ABSOLUTE
    _printf_x                                0x00000000   Number         0  stubs.o ABSOLUTE
    __cpp_initialize__aeabi_                  - Undefined Weak Reference
    __cxa_finalize                            - Undefined Weak Reference
    __decompress                              - Undefined Weak Reference
    _clock_init                               - Undefined Weak Reference
    _microlib_exit                            - Undefined Weak Reference
    _scanf_longlong                           - Undefined Weak Reference
    _scanf_real                               - Undefined Weak Reference
    _scanf_string                             - Undefined Weak Reference
    __Vectors_Size                           0x0000018c   Number         0  startup_stm32l433xx.o ABSOLUTE
    __Vectors                                0x08000000   Data           4  startup_stm32l433xx.o(RESET)
    __Vectors_End                            0x0800018c   Data           0  startup_stm32l433xx.o(RESET)
    __main                                   0x0800018d   Thumb Code     0  entry.o(.ARM.Collect$$$$00000000)
    _main_stk                                0x0800018d   Thumb Code     0  entry2.o(.ARM.Collect$$$$00000001)
    _main_scatterload                        0x08000191   Thumb Code     0  entry5.o(.ARM.Collect$$$$00000004)
    __main_after_scatterload                 0x08000195   Thumb Code     0  entry5.o(.ARM.Collect$$$$00000004)
    _main_clock                              0x08000195   Thumb Code     0  entry7b.o(.ARM.Collect$$$$00000008)
    _main_cpp_init                           0x08000195   Thumb Code     0  entry8b.o(.ARM.Collect$$$$0000000A)
    _main_init                               0x08000195   Thumb Code     0  entry9a.o(.ARM.Collect$$$$0000000B)
    __rt_final_cpp                           0x0800019d   Thumb Code     0  entry10a.o(.ARM.Collect$$$$0000000D)
    __rt_final_exit                          0x0800019d   Thumb Code     0  entry11a.o(.ARM.Collect$$$$0000000F)
    Reset_Handler                            0x080001a1   Thumb Code     8  startup_stm32l433xx.o(.text)
    NMI_Handler                              0x080001a9   Thumb Code     2  startup_stm32l433xx.o(.text)
    HardFault_Handler                        0x080001ab   Thumb Code     2  startup_stm32l433xx.o(.text)
    MemManage_Handler                        0x080001ad   Thumb Code     2  startup_stm32l433xx.o(.text)
    BusFault_Handler                         0x080001af   Thumb Code     2  startup_stm32l433xx.o(.text)
    UsageFault_Handler                       0x080001b1   Thumb Code     2  startup_stm32l433xx.o(.text)
    DebugMon_Handler                         0x080001b5   Thumb Code     2  startup_stm32l433xx.o(.text)
    ADC1_IRQHandler                          0x080001bb   Thumb Code     0  startup_stm32l433xx.o(.text)
    CAN1_RX0_IRQHandler                      0x080001bb   Thumb Code     0  startup_stm32l433xx.o(.text)
    CAN1_RX1_IRQHandler                      0x080001bb   Thumb Code     0  startup_stm32l433xx.o(.text)
    CAN1_SCE_IRQHandler                      0x080001bb   Thumb Code     0  startup_stm32l433xx.o(.text)
    CAN1_TX_IRQHandler                       0x080001bb   Thumb Code     0  startup_stm32l433xx.o(.text)
    COMP_IRQHandler                          0x080001bb   Thumb Code     0  startup_stm32l433xx.o(.text)
    CRS_IRQHandler                           0x080001bb   Thumb Code     0  startup_stm32l433xx.o(.text)
    DMA1_Channel1_IRQHandler                 0x080001bb   Thumb Code     0  startup_stm32l433xx.o(.text)
    DMA1_Channel2_IRQHandler                 0x080001bb   Thumb Code     0  startup_stm32l433xx.o(.text)
    DMA1_Channel3_IRQHandler                 0x080001bb   Thumb Code     0  startup_stm32l433xx.o(.text)
    DMA1_Channel4_IRQHandler                 0x080001bb   Thumb Code     0  startup_stm32l433xx.o(.text)
    DMA1_Channel5_IRQHandler                 0x080001bb   Thumb Code     0  startup_stm32l433xx.o(.text)
    DMA1_Channel6_IRQHandler                 0x080001bb   Thumb Code     0  startup_stm32l433xx.o(.text)
    DMA1_Channel7_IRQHandler                 0x080001bb   Thumb Code     0  startup_stm32l433xx.o(.text)
    DMA2_Channel1_IRQHandler                 0x080001bb   Thumb Code     0  startup_stm32l433xx.o(.text)
    DMA2_Channel2_IRQHandler                 0x080001bb   Thumb Code     0  startup_stm32l433xx.o(.text)
    DMA2_Channel3_IRQHandler                 0x080001bb   Thumb Code     0  startup_stm32l433xx.o(.text)
    DMA2_Channel4_IRQHandler                 0x080001bb   Thumb Code     0  startup_stm32l433xx.o(.text)
    DMA2_Channel5_IRQHandler                 0x080001bb   Thumb Code     0  startup_stm32l433xx.o(.text)
    DMA2_Channel6_IRQHandler                 0x080001bb   Thumb Code     0  startup_stm32l433xx.o(.text)
    DMA2_Channel7_IRQHandler                 0x080001bb   Thumb Code     0  startup_stm32l433xx.o(.text)
    EXTI0_IRQHandler                         0x080001bb   Thumb Code     0  startup_stm32l433xx.o(.text)
    EXTI15_10_IRQHandler                     0x080001bb   Thumb Code     0  startup_stm32l433xx.o(.text)
    EXTI1_IRQHandler                         0x080001bb   Thumb Code     0  startup_stm32l433xx.o(.text)
    EXTI2_IRQHandler                         0x080001bb   Thumb Code     0  startup_stm32l433xx.o(.text)
    EXTI3_IRQHandler                         0x080001bb   Thumb Code     0  startup_stm32l433xx.o(.text)
    EXTI4_IRQHandler                         0x080001bb   Thumb Code     0  startup_stm32l433xx.o(.text)
    EXTI9_5_IRQHandler                       0x080001bb   Thumb Code     0  startup_stm32l433xx.o(.text)
    FLASH_IRQHandler                         0x080001bb   Thumb Code     0  startup_stm32l433xx.o(.text)
    FPU_IRQHandler                           0x080001bb   Thumb Code     0  startup_stm32l433xx.o(.text)
    I2C1_ER_IRQHandler                       0x080001bb   Thumb Code     0  startup_stm32l433xx.o(.text)
    I2C1_EV_IRQHandler                       0x080001bb   Thumb Code     0  startup_stm32l433xx.o(.text)
    I2C2_ER_IRQHandler                       0x080001bb   Thumb Code     0  startup_stm32l433xx.o(.text)
    I2C2_EV_IRQHandler                       0x080001bb   Thumb Code     0  startup_stm32l433xx.o(.text)
    I2C3_ER_IRQHandler                       0x080001bb   Thumb Code     0  startup_stm32l433xx.o(.text)
    I2C3_EV_IRQHandler                       0x080001bb   Thumb Code     0  startup_stm32l433xx.o(.text)
    LCD_IRQHandler                           0x080001bb   Thumb Code     0  startup_stm32l433xx.o(.text)
    LPTIM1_IRQHandler                        0x080001bb   Thumb Code     0  startup_stm32l433xx.o(.text)
    LPTIM2_IRQHandler                        0x080001bb   Thumb Code     0  startup_stm32l433xx.o(.text)
    LPUART1_IRQHandler                       0x080001bb   Thumb Code     0  startup_stm32l433xx.o(.text)
    PVD_PVM_IRQHandler                       0x080001bb   Thumb Code     0  startup_stm32l433xx.o(.text)
    QUADSPI_IRQHandler                       0x080001bb   Thumb Code     0  startup_stm32l433xx.o(.text)
    RCC_IRQHandler                           0x080001bb   Thumb Code     0  startup_stm32l433xx.o(.text)
    RNG_IRQHandler                           0x080001bb   Thumb Code     0  startup_stm32l433xx.o(.text)
    RTC_Alarm_IRQHandler                     0x080001bb   Thumb Code     0  startup_stm32l433xx.o(.text)
    RTC_WKUP_IRQHandler                      0x080001bb   Thumb Code     0  startup_stm32l433xx.o(.text)
    SAI1_IRQHandler                          0x080001bb   Thumb Code     0  startup_stm32l433xx.o(.text)
    SDMMC1_IRQHandler                        0x080001bb   Thumb Code     0  startup_stm32l433xx.o(.text)
    SPI1_IRQHandler                          0x080001bb   Thumb Code     0  startup_stm32l433xx.o(.text)
    SPI2_IRQHandler                          0x080001bb   Thumb Code     0  startup_stm32l433xx.o(.text)
    SPI3_IRQHandler                          0x080001bb   Thumb Code     0  startup_stm32l433xx.o(.text)
    SWPMI1_IRQHandler                        0x080001bb   Thumb Code     0  startup_stm32l433xx.o(.text)
    TAMP_STAMP_IRQHandler                    0x080001bb   Thumb Code     0  startup_stm32l433xx.o(.text)
    TIM1_BRK_TIM15_IRQHandler                0x080001bb   Thumb Code     0  startup_stm32l433xx.o(.text)
    TIM1_CC_IRQHandler                       0x080001bb   Thumb Code     0  startup_stm32l433xx.o(.text)
    TIM1_TRG_COM_IRQHandler                  0x080001bb   Thumb Code     0  startup_stm32l433xx.o(.text)
    TIM1_UP_TIM16_IRQHandler                 0x080001bb   Thumb Code     0  startup_stm32l433xx.o(.text)
    TIM2_IRQHandler                          0x080001bb   Thumb Code     0  startup_stm32l433xx.o(.text)
    TIM6_DAC_IRQHandler                      0x080001bb   Thumb Code     0  startup_stm32l433xx.o(.text)
    TIM7_IRQHandler                          0x080001bb   Thumb Code     0  startup_stm32l433xx.o(.text)
    TSC_IRQHandler                           0x080001bb   Thumb Code     0  startup_stm32l433xx.o(.text)
    USART1_IRQHandler                        0x080001bb   Thumb Code     0  startup_stm32l433xx.o(.text)
    USART2_IRQHandler                        0x080001bb   Thumb Code     0  startup_stm32l433xx.o(.text)
    USART3_IRQHandler                        0x080001bb   Thumb Code     0  startup_stm32l433xx.o(.text)
    USB_IRQHandler                           0x080001bb   Thumb Code     0  startup_stm32l433xx.o(.text)
    WWDG_IRQHandler                          0x080001bb   Thumb Code     0  startup_stm32l433xx.o(.text)
    __aeabi_uldivmod                         0x080001c5   Thumb Code    98  uldiv.o(.text)
    __0scanf                                 0x0800022d   Thumb Code    26  __0scanf.o(.text)
    _scanf_int                               0x0800024d   Thumb Code   332  _scanf_int.o(.text)
    __aeabi_llsl                             0x0800039f   Thumb Code    30  llshl.o(.text)
    _ll_shift_l                              0x0800039f   Thumb Code     0  llshl.o(.text)
    __aeabi_llsr                             0x080003bd   Thumb Code    32  llushr.o(.text)
    _ll_ushift_r                             0x080003bd   Thumb Code     0  llushr.o(.text)
    _chval                                   0x080003dd   Thumb Code    28  _chval.o(.text)
    __vfscanf_char_file                      0x080003f9   Thumb Code    12  scanf_char_file.o(.text)
    __scatterload                            0x0800040d   Thumb Code    28  init.o(.text)
    __scatterload_rt2                        0x0800040d   Thumb Code     0  init.o(.text)
    _fgetc$bs                                0x08000431   Thumb Code    28  fgetc_b.o(.text)
    __backspace                              0x0800044d   Thumb Code    10  fgetc_b.o(.text)
    __vfscanf_char                           0x08000469   Thumb Code    20  scanf_char.o(.text)
    __semihosting_library_function           0x08000485   Thumb Code     0  semi.o(.text)
    isspace                                  0x08000485   Thumb Code    10  isspace_c.o(.text)
    __vfscanf                                0x08000491   Thumb Code   808  _scanf.o(.text)
    __I$use$semihosting$fgetc                0x080007c3   Thumb Code     0  iusesemig.o(.text)
    __ctype_lookup                           0x080007c5   Thumb Code    34  ctype_c.o(.text)
    Display_Menu_Commands                    0x080007ed   Thumb Code  1298  guimenu.o(i.Display_Menu_Commands)
    FRAM_DID                                 0x08000ed5   Thumb Code    66  qspifram.o(i.FRAM_DID)
    FRAM_DIORRead                            0x08000f21   Thumb Code    94  qspifram.o(i.FRAM_DIORRead)
    FRAM_DIOW                                0x08000f89   Thumb Code    90  qspifram.o(i.FRAM_DIOW)
    FRAM_DIW                                 0x08000fed   Thumb Code    90  qspifram.o(i.FRAM_DIW)
    FRAM_DORRead                             0x08001051   Thumb Code    94  qspifram.o(i.FRAM_DORRead)
    FRAM_DPIEN                               0x080010b9   Thumb Code    48  qspifram.o(i.FRAM_DPIEN)
    FRAM_FastRead                            0x080010ed   Thumb Code    84  qspifram.o(i.FRAM_FastRead)
    FRAM_Fast_Write                          0x08001149   Thumb Code    80  qspifram.o(i.FRAM_Fast_Write)
    FRAM_Get_Memory_Latency                  0x080011a1   Thumb Code    22  qspifram.o(i.FRAM_Get_Memory_Latency)
    FRAM_Get_Register_Latency                0x080011bd   Thumb Code    22  qspifram.o(i.FRAM_Get_Register_Latency)
    FRAM_Interface_Reset                     0x080011d9   Thumb Code   172  qspifram.o(i.FRAM_Interface_Reset)
    FRAM_QIORRead                            0x08001291   Thumb Code   106  qspifram.o(i.FRAM_QIORRead)
    FRAM_QIOW                                0x08001305   Thumb Code   102  qspifram.o(i.FRAM_QIOW)
    FRAM_QIW                                 0x08001375   Thumb Code   100  qspifram.o(i.FRAM_QIW)
    FRAM_QORRead                             0x080013e1   Thumb Code   104  qspifram.o(i.FRAM_QORRead)
    FRAM_QPIEN                               0x08001451   Thumb Code    48  qspifram.o(i.FRAM_QPIEN)
    FRAM_QUAD_DISABLE                        0x08001485   Thumb Code    50  qspifram.o(i.FRAM_QUAD_DISABLE)
    FRAM_QUAD_ENABLE                         0x080014bd   Thumb Code    50  qspifram.o(i.FRAM_QUAD_ENABLE)
    FRAM_RDAR                                0x080014f5   Thumb Code    76  qspifram.o(i.FRAM_RDAR)
    FRAM_RDCR1                               0x08001549   Thumb Code    66  qspifram.o(i.FRAM_RDCR1)
    FRAM_RDCR2                               0x08001595   Thumb Code    66  qspifram.o(i.FRAM_RDCR2)
    FRAM_RDCR4                               0x080015e1   Thumb Code    66  qspifram.o(i.FRAM_RDCR4)
    FRAM_RDCR5                               0x0800162d   Thumb Code    66  qspifram.o(i.FRAM_RDCR5)
    FRAM_RDSN                                0x08001679   Thumb Code    66  qspifram.o(i.FRAM_RDSN)
    FRAM_RDSR1                               0x080016c5   Thumb Code    72  qspifram.o(i.FRAM_RDSR1)
    FRAM_RDSR2                               0x08001715   Thumb Code    72  qspifram.o(i.FRAM_RDSR2)
    FRAM_RUID                                0x08001765   Thumb Code    66  qspifram.o(i.FRAM_RUID)
    FRAM_Read                                0x080017b1   Thumb Code    90  qspifram.o(i.FRAM_Read)
    FRAM_SPIEN                               0x08001815   Thumb Code    46  qspifram.o(i.FRAM_SPIEN)
    FRAM_Set_Memory_Latency                  0x08001849   Thumb Code    60  qspifram.o(i.FRAM_Set_Memory_Latency)
    FRAM_Set_Register_Latency                0x08001889   Thumb Code    54  qspifram.o(i.FRAM_Set_Register_Latency)
    FRAM_WRAR                                0x080018c5   Thumb Code    72  qspifram.o(i.FRAM_WRAR)
    FRAM_WREN                                0x08001915   Thumb Code    44  qspifram.o(i.FRAM_WREN)
    FRAM_WRR                                 0x08001949   Thumb Code    60  qspifram.o(i.FRAM_WRR)
    FRAM_WRSN                                0x0800198d   Thumb Code    62  qspifram.o(i.FRAM_WRSN)
    FRAM_Write                               0x080019d5   Thumb Code    80  qspifram.o(i.FRAM_Write)
    GUI_Menu                                 0x08001a2d   Thumb Code   548  guimenu.o(i.GUI_Menu)
    HAL_GPIO_Init                            0x08001cb9   Thumb Code   364  stm32l4xx_hal_gpio.o(i.HAL_GPIO_Init)
    HAL_GetTick                              0x08001e49   Thumb Code     6  stm32l4xx_hal.o(i.HAL_GetTick)
    HAL_IncTick                              0x08001e55   Thumb Code    10  stm32l4xx_hal.o(i.HAL_IncTick)
    HAL_Init                                 0x08001e65   Thumb Code    32  stm32l4xx_hal.o(i.HAL_Init)
    HAL_InitTick                             0x08001e89   Thumb Code    34  stm32l4xx_hal.o(i.HAL_InitTick)
    HAL_MspInit                              0x08001eb1   Thumb Code   122  stm32l4xx_hal_msp.o(i.HAL_MspInit)
    HAL_NVIC_SetPriority                     0x08001f31   Thumb Code    60  stm32l4xx_hal_cortex.o(i.HAL_NVIC_SetPriority)
    HAL_NVIC_SetPriorityGrouping             0x08001f71   Thumb Code    26  stm32l4xx_hal_cortex.o(i.HAL_NVIC_SetPriorityGrouping)
    HAL_PWREx_ControlVoltageScaling          0x08001f95   Thumb Code    86  stm32l4xx_hal_pwr_ex.o(i.HAL_PWREx_ControlVoltageScaling)
    HAL_PWREx_GetVoltageRange                0x08001ff9   Thumb Code    10  stm32l4xx_hal_pwr_ex.o(i.HAL_PWREx_GetVoltageRange)
    HAL_QSPI_Command                         0x08002009   Thumb Code   134  stm32l4xx_hal_qspi.o(i.HAL_QSPI_Command)
    HAL_QSPI_Init                            0x08002095   Thumb Code   174  stm32l4xx_hal_qspi.o(i.HAL_QSPI_Init)
    HAL_QSPI_MspInit                         0x0800214d   Thumb Code   110  quadspi.o(i.HAL_QSPI_MspInit)
    HAL_QSPI_Receive                         0x080021c9   Thumb Code   188  stm32l4xx_hal_qspi.o(i.HAL_QSPI_Receive)
    HAL_QSPI_Transmit                        0x0800228d   Thumb Code   180  stm32l4xx_hal_qspi.o(i.HAL_QSPI_Transmit)
    HAL_RCCEx_PeriphCLKConfig                0x08002349   Thumb Code   736  stm32l4xx_hal_rcc_ex.o(i.HAL_RCCEx_PeriphCLKConfig)
    HAL_RCC_ClockConfig                      0x08002639   Thumb Code   358  stm32l4xx_hal_rcc.o(i.HAL_RCC_ClockConfig)
    HAL_RCC_GetHCLKFreq                      0x080027b1   Thumb Code     6  stm32l4xx_hal_rcc.o(i.HAL_RCC_GetHCLKFreq)
    HAL_RCC_GetPCLK1Freq                     0x080027bd   Thumb Code    20  stm32l4xx_hal_rcc.o(i.HAL_RCC_GetPCLK1Freq)
    HAL_RCC_GetPCLK2Freq                     0x080027dd   Thumb Code    20  stm32l4xx_hal_rcc.o(i.HAL_RCC_GetPCLK2Freq)
    HAL_RCC_GetSysClockFreq                  0x080027fd   Thumb Code   182  stm32l4xx_hal_rcc.o(i.HAL_RCC_GetSysClockFreq)
    HAL_RCC_OscConfig                        0x080028c1   Thumb Code  1194  stm32l4xx_hal_rcc.o(i.HAL_RCC_OscConfig)
    HAL_SYSTICK_CLKSourceConfig              0x08002d71   Thumb Code    24  stm32l4xx_hal_cortex.o(i.HAL_SYSTICK_CLKSourceConfig)
    HAL_SYSTICK_Callback                     0x08002d89   Thumb Code     2  stm32l4xx_hal_cortex.o(i.HAL_SYSTICK_Callback)
    HAL_SYSTICK_Config                       0x08002d8b   Thumb Code    40  stm32l4xx_hal_cortex.o(i.HAL_SYSTICK_Config)
    HAL_SYSTICK_IRQHandler                   0x08002db3   Thumb Code     8  stm32l4xx_hal_cortex.o(i.HAL_SYSTICK_IRQHandler)
    HAL_UART_Init                            0x08002dbb   Thumb Code   106  stm32l4xx_hal_uart.o(i.HAL_UART_Init)
    HAL_UART_MspInit                         0x08002e25   Thumb Code    64  usart.o(i.HAL_UART_MspInit)
    HAL_UART_Receive                         0x08002e6d   Thumb Code   228  stm32l4xx_hal_uart.o(i.HAL_UART_Receive)
    HAL_UART_Transmit                        0x08002f57   Thumb Code   176  stm32l4xx_hal_uart.o(i.HAL_UART_Transmit)
    MX_GPIO_Init                             0x08003009   Thumb Code    70  gpio.o(i.MX_GPIO_Init)
    MX_LPUART1_UART_Init                     0x08003055   Thumb Code    54  usart.o(i.MX_LPUART1_UART_Init)
    MX_QUADSPI_Init                          0x080030a5   Thumb Code    54  quadspi.o(i.MX_QUADSPI_Init)
    PendSV_Handler                           0x08003119   Thumb Code     2  stm32l4xx_it.o(i.PendSV_Handler)
    Read_ID                                  0x08003469   Thumb Code   178  qspifram.o(i.Read_ID)
    SVC_Handler                              0x0800352d   Thumb Code     2  stm32l4xx_it.o(i.SVC_Handler)
    SysTick_Handler                          0x0800352f   Thumb Code    14  stm32l4xx_it.o(i.SysTick_Handler)
    SystemClock_Config                       0x0800353d   Thumb Code   138  main.o(i.SystemClock_Config)
    SystemInit                               0x080035c9   Thumb Code    56  system_stm32l4xx.o(i.SystemInit)
    TestFRAMDPI                              0x0800360d   Thumb Code   426  guimenu.o(i.TestFRAMDPI)
    TestFRAMQPI                              0x080038d1   Thumb Code   560  guimenu.o(i.TestFRAMQPI)
    TestFRAMRegisters                        0x08003c69   Thumb Code   926  guimenu.o(i.TestFRAMRegisters)
    TestFRAMSPI                              0x08004105   Thumb Code  1628  guimenu.o(i.TestFRAMSPI)
    UART_AdvFeatureConfig                    0x080047ad   Thumb Code   200  stm32l4xx_hal_uart.o(i.UART_AdvFeatureConfig)
    UART_CheckIdleState                      0x08004875   Thumb Code    92  stm32l4xx_hal_uart.o(i.UART_CheckIdleState)
    UART_SetConfig                           0x080048d1   Thumb Code   554  stm32l4xx_hal_uart.o(i.UART_SetConfig)
    UART_WaitOnFlagUntilTimeout              0x08004b25   Thumb Code   100  stm32l4xx_hal_uart.o(i.UART_WaitOnFlagUntilTimeout)
    _Error_Handler                           0x08004b89   Thumb Code     2  main.o(i._Error_Handler)
    __0printf$8                              0x08004b8d   Thumb Code    22  printf8.o(i.__0printf$8)
    __1printf$8                              0x08004b8d   Thumb Code     0  printf8.o(i.__0printf$8)
    __2printf                                0x08004b8d   Thumb Code     0  printf8.o(i.__0printf$8)
    __scatterload_copy                       0x08004bad   Thumb Code    14  handlers.o(i.__scatterload_copy)
    __scatterload_null                       0x08004bbb   Thumb Code     2  handlers.o(i.__scatterload_null)
    __scatterload_zeroinit                   0x08004bbd   Thumb Code    14  handlers.o(i.__scatterload_zeroinit)
    fgetc                                    0x08005035   Thumb Code    36  usart.o(i.fgetc)
    fputc                                    0x0800505d   Thumb Code    20  usart.o(i.fputc)
    guiFRAMDIORRead                          0x08005075   Thumb Code    86  guimenu.o(i.guiFRAMDIORRead)
    guiFRAMDIOWWrite                         0x08005159   Thumb Code   280  guimenu.o(i.guiFRAMDIOWWrite)
    guiFRAMDIWWrite                          0x080052f9   Thumb Code   280  guimenu.o(i.guiFRAMDIWWrite)
    guiFRAMDORRead                           0x08005499   Thumb Code    86  guimenu.o(i.guiFRAMDORRead)
    guiFRAMFastRead                          0x0800557d   Thumb Code    86  guimenu.o(i.guiFRAMFastRead)
    guiFRAMFastWrite                         0x08005665   Thumb Code   280  guimenu.o(i.guiFRAMFastWrite)
    guiFRAMQIORRead                          0x08005805   Thumb Code    86  guimenu.o(i.guiFRAMQIORRead)
    guiFRAMQIOWWrite                         0x080058e9   Thumb Code   280  guimenu.o(i.guiFRAMQIOWWrite)
    guiFRAMQIWWrite                          0x08005a89   Thumb Code   280  guimenu.o(i.guiFRAMQIWWrite)
    guiFRAMQORRead                           0x08005c29   Thumb Code    86  guimenu.o(i.guiFRAMQORRead)
    guiFRAMRead                              0x08005d0d   Thumb Code   122  guimenu.o(i.guiFRAMRead)
    guiFRAMWrite                             0x08005e41   Thumb Code   280  guimenu.o(i.guiFRAMWrite)
    guiGetMemLatency                         0x08005fe1   Thumb Code    22  guimenu.o(i.guiGetMemLatency)
    guiGetRegLatency                         0x08006019   Thumb Code    22  guimenu.o(i.guiGetRegLatency)
    guiReadAnyReg                            0x08006055   Thumb Code    36  guimenu.o(i.guiReadAnyReg)
    guiReadCR1                               0x080060a5   Thumb Code    36  guimenu.o(i.guiReadCR1)
    guiReadCR2                               0x080060d9   Thumb Code    36  guimenu.o(i.guiReadCR2)
    guiReadCR4                               0x0800610d   Thumb Code    36  guimenu.o(i.guiReadCR4)
    guiReadCR5                               0x08006141   Thumb Code    36  guimenu.o(i.guiReadCR5)
    guiReadID                                0x08006175   Thumb Code    44  guimenu.o(i.guiReadID)
    guiReadSN                                0x080061b9   Thumb Code    38  guimenu.o(i.guiReadSN)
    guiReadSR1                               0x080061f9   Thumb Code    36  guimenu.o(i.guiReadSR1)
    guiReadSR2                               0x08006231   Thumb Code    36  guimenu.o(i.guiReadSR2)
    guiReadUID                               0x08006265   Thumb Code    44  guimenu.o(i.guiReadUID)
    guiSetMemLatency                         0x080062a9   Thumb Code    26  guimenu.o(i.guiSetMemLatency)
    guiSetRegLatency                         0x080062e5   Thumb Code    26  guimenu.o(i.guiSetRegLatency)
    guiWriteAnyReg                           0x08006321   Thumb Code    40  guimenu.o(i.guiWriteAnyReg)
    guiWriteSN                               0x08006375   Thumb Code    74  guimenu.o(i.guiWriteSN)
    main                                     0x08006401   Thumb Code    38  main.o(i.main)
    AHBPrescTable                            0x08006444   Data          16  system_stm32l4xx.o(.constdata)
    MSIRangeTable                            0x08006454   Data          48  system_stm32l4xx.o(.constdata)
    APBPrescTable                            0x08006484   Data           8  system_stm32l4xx.o(.constdata)
    __ctype_categories                       0x0800648c   Data          64  ctype_c.o(.constdata)
    Region$$Table$$Base                      0x0800681c   Number         0  anon$$obj.o(Region$$Table)
    Region$$Table$$Limit                     0x0800683c   Number         0  anon$$obj.o(Region$$Table)
    uwTick                                   0x20000000   Data           4  stm32l4xx_hal.o(.data)
    SystemCoreClock                          0x20000004   Data           4  system_stm32l4xx.o(.data)
    __stdin                                  0x20000008   Data           4  stdin.o(.data)
    __stdout                                 0x2000000c   Data           4  stdout.o(.data)
    hlpuart1                                 0x20000014   Data         120  usart.o(.bss)
    hqspi                                    0x2000008c   Data          76  quadspi.o(.bss)
    FRAM                                     0x200000d8   Data          60  qspifram.o(.bss)
    databuffer                               0x20000114   Data        8192  qspifram.o(.bss)
    __initial_sp                             0x20002518   Data           0  startup_stm32l433xx.o(STACK)



==============================================================================

Memory Map of the image

  Image Entry point : 0x0800018d

  Load Region LR_IROM1 (Base: 0x08000000, Size: 0x00006850, Max: 0x00040000, ABSOLUTE)

    Execution Region ER_IROM1 (Base: 0x08000000, Size: 0x0000683c, Max: 0x00040000, ABSOLUTE)

    Base Addr    Size         Type   Attr      Idx    E Section Name        Object

    0x08000000   0x0000018c   Data   RO         2617    RESET               startup_stm32l433xx.o
    0x0800018c   0x00000000   Code   RO         3408  * .ARM.Collect$$$$00000000  mc_w.l(entry.o)
    0x0800018c   0x00000004   Code   RO         3678    .ARM.Collect$$$$00000001  mc_w.l(entry2.o)
    0x08000190   0x00000004   Code   RO         3681    .ARM.Collect$$$$00000004  mc_w.l(entry5.o)
    0x08000194   0x00000000   Code   RO         3683    .ARM.Collect$$$$00000008  mc_w.l(entry7b.o)
    0x08000194   0x00000000   Code   RO         3685    .ARM.Collect$$$$0000000A  mc_w.l(entry8b.o)
    0x08000194   0x00000008   Code   RO         3686    .ARM.Collect$$$$0000000B  mc_w.l(entry9a.o)
    0x0800019c   0x00000000   Code   RO         3688    .ARM.Collect$$$$0000000D  mc_w.l(entry10a.o)
    0x0800019c   0x00000000   Code   RO         3690    .ARM.Collect$$$$0000000F  mc_w.l(entry11a.o)
    0x0800019c   0x00000004   Code   RO         3679    .ARM.Collect$$$$00002712  mc_w.l(entry2.o)
    0x080001a0   0x00000024   Code   RO         2618    .text               startup_stm32l433xx.o
    0x080001c4   0x00000068   Code   RO         3411    .text               mc_w.l(uldiv.o)
    0x0800022c   0x00000020   Code   RO         3674    .text               mc_w.l(__0scanf.o)
    0x0800024c   0x00000152   Code   RO         3676    .text               mc_w.l(_scanf_int.o)
    0x0800039e   0x0000001e   Code   RO         3696    .text               mc_w.l(llshl.o)
    0x080003bc   0x00000020   Code   RO         3698    .text               mc_w.l(llushr.o)
    0x080003dc   0x0000001c   Code   RO         3700    .text               mc_w.l(_chval.o)
    0x080003f8   0x00000014   Code   RO         3702    .text               mc_w.l(scanf_char_file.o)
    0x0800040c   0x00000024   Code   RO         3715    .text               mc_w.l(init.o)
    0x08000430   0x0000002c   Code   RO         3717    .text               mc_w.l(fgetc_b.o)
    0x0800045c   0x00000028   Code   RO         3722    .text               mc_w.l(scanf_char.o)
    0x08000484   0x00000000   Code   RO         3726    .text               mc_w.l(semi.o)
    0x08000484   0x0000000a   Code   RO         3727    .text               mc_w.l(isspace_c.o)
    0x0800048e   0x00000002   PAD
    0x08000490   0x00000332   Code   RO         3729    .text               mc_w.l(_scanf.o)
    0x080007c2   0x00000000   Code   RO         3731    .text               mc_w.l(iusesemig.o)
    0x080007c2   0x00000002   PAD
    0x080007c4   0x00000028   Code   RO         3732    .text               mc_w.l(ctype_c.o)
    0x080007ec   0x000006e8   Code   RO         2911    i.Display_Menu_Commands  guimenu.o
    0x08000ed4   0x0000004c   Code   RO         3135    i.FRAM_DID          qspifram.o
    0x08000f20   0x00000068   Code   RO         3136    i.FRAM_DIORRead     qspifram.o
    0x08000f88   0x00000064   Code   RO         3137    i.FRAM_DIOW         qspifram.o
    0x08000fec   0x00000064   Code   RO         3138    i.FRAM_DIW          qspifram.o
    0x08001050   0x00000068   Code   RO         3139    i.FRAM_DORRead      qspifram.o
    0x080010b8   0x00000034   Code   RO         3140    i.FRAM_DPIEN        qspifram.o
    0x080010ec   0x0000005c   Code   RO         3141    i.FRAM_FastRead     qspifram.o
    0x08001148   0x00000058   Code   RO         3142    i.FRAM_Fast_Write   qspifram.o
    0x080011a0   0x0000001c   Code   RO         3143    i.FRAM_Get_Memory_Latency  qspifram.o
    0x080011bc   0x0000001c   Code   RO         3144    i.FRAM_Get_Register_Latency  qspifram.o
    0x080011d8   0x000000b6   Code   RO         3145    i.FRAM_Interface_Reset  qspifram.o
    0x0800128e   0x00000002   PAD
    0x08001290   0x00000074   Code   RO         3146    i.FRAM_QIORRead     qspifram.o
    0x08001304   0x00000070   Code   RO         3147    i.FRAM_QIOW         qspifram.o
    0x08001374   0x0000006c   Code   RO         3148    i.FRAM_QIW          qspifram.o
    0x080013e0   0x00000070   Code   RO         3149    i.FRAM_QORRead      qspifram.o
    0x08001450   0x00000034   Code   RO         3150    i.FRAM_QPIEN        qspifram.o
    0x08001484   0x00000038   Code   RO         3151    i.FRAM_QUAD_DISABLE  qspifram.o
    0x080014bc   0x00000038   Code   RO         3152    i.FRAM_QUAD_ENABLE  qspifram.o
    0x080014f4   0x00000054   Code   RO         3153    i.FRAM_RDAR         qspifram.o
    0x08001548   0x0000004c   Code   RO         3154    i.FRAM_RDCR1        qspifram.o
    0x08001594   0x0000004c   Code   RO         3155    i.FRAM_RDCR2        qspifram.o
    0x080015e0   0x0000004c   Code   RO         3156    i.FRAM_RDCR4        qspifram.o
    0x0800162c   0x0000004c   Code   RO         3157    i.FRAM_RDCR5        qspifram.o
    0x08001678   0x0000004c   Code   RO         3158    i.FRAM_RDSN         qspifram.o
    0x080016c4   0x00000050   Code   RO         3159    i.FRAM_RDSR1        qspifram.o
    0x08001714   0x00000050   Code   RO         3160    i.FRAM_RDSR2        qspifram.o
    0x08001764   0x0000004c   Code   RO         3161    i.FRAM_RUID         qspifram.o
    0x080017b0   0x00000064   Code   RO         3162    i.FRAM_Read         qspifram.o
    0x08001814   0x00000034   Code   RO         3163    i.FRAM_SPIEN        qspifram.o
    0x08001848   0x00000040   Code   RO         3164    i.FRAM_Set_Memory_Latency  qspifram.o
    0x08001888   0x0000003c   Code   RO         3165    i.FRAM_Set_Register_Latency  qspifram.o
    0x080018c4   0x00000050   Code   RO         3166    i.FRAM_WRAR         qspifram.o
    0x08001914   0x00000034   Code   RO         3168    i.FRAM_WREN         qspifram.o
    0x08001948   0x00000044   Code   RO         3169    i.FRAM_WRR          qspifram.o
    0x0800198c   0x00000048   Code   RO         3170    i.FRAM_WRSN         qspifram.o
    0x080019d4   0x00000058   Code   RO         3171    i.FRAM_Write        qspifram.o
    0x08001a2c   0x0000028c   Code   RO         2912    i.GUI_Menu          guimenu.o
    0x08001cb8   0x0000018e   Code   RO         1687    i.HAL_GPIO_Init     stm32l4xx_hal_gpio.o
    0x08001e46   0x00000002   PAD
    0x08001e48   0x0000000c   Code   RO         1482    i.HAL_GetTick       stm32l4xx_hal.o
    0x08001e54   0x00000010   Code   RO         1486    i.HAL_IncTick       stm32l4xx_hal.o
    0x08001e64   0x00000024   Code   RO         1487    i.HAL_Init          stm32l4xx_hal.o
    0x08001e88   0x00000028   Code   RO         1488    i.HAL_InitTick      stm32l4xx_hal.o
    0x08001eb0   0x00000080   Code   RO         2663    i.HAL_MspInit       stm32l4xx_hal_msp.o
    0x08001f30   0x00000040   Code   RO         2403    i.HAL_NVIC_SetPriority  stm32l4xx_hal_cortex.o
    0x08001f70   0x00000024   Code   RO         2404    i.HAL_NVIC_SetPriorityGrouping  stm32l4xx_hal_cortex.o
    0x08001f94   0x00000064   Code   RO         2179    i.HAL_PWREx_ControlVoltageScaling  stm32l4xx_hal_pwr_ex.o
    0x08001ff8   0x00000010   Code   RO         2206    i.HAL_PWREx_GetVoltageRange  stm32l4xx_hal_pwr_ex.o
    0x08002008   0x0000008c   Code   RO          566    i.HAL_QSPI_Command  stm32l4xx_hal_qspi.o
    0x08002094   0x000000b8   Code   RO          575    i.HAL_QSPI_Init     stm32l4xx_hal_qspi.o
    0x0800214c   0x0000007c   Code   RO         2831    i.HAL_QSPI_MspInit  quadspi.o
    0x080021c8   0x000000c2   Code   RO          579    i.HAL_QSPI_Receive  stm32l4xx_hal_qspi.o
    0x0800228a   0x00000002   PAD
    0x0800228c   0x000000ba   Code   RO          588    i.HAL_QSPI_Transmit  stm32l4xx_hal_qspi.o
    0x08002346   0x00000002   PAD
    0x08002348   0x000002ee   Code   RO          838    i.HAL_RCCEx_PeriphCLKConfig  stm32l4xx_hal_rcc_ex.o
    0x08002636   0x00000002   PAD
    0x08002638   0x00000178   Code   RO         2518    i.HAL_RCC_ClockConfig  stm32l4xx_hal_rcc.o
    0x080027b0   0x0000000c   Code   RO         2522    i.HAL_RCC_GetHCLKFreq  stm32l4xx_hal_rcc.o
    0x080027bc   0x00000020   Code   RO         2524    i.HAL_RCC_GetPCLK1Freq  stm32l4xx_hal_rcc.o
    0x080027dc   0x00000020   Code   RO         2525    i.HAL_RCC_GetPCLK2Freq  stm32l4xx_hal_rcc.o
    0x080027fc   0x000000c4   Code   RO         2526    i.HAL_RCC_GetSysClockFreq  stm32l4xx_hal_rcc.o
    0x080028c0   0x000004b0   Code   RO         2529    i.HAL_RCC_OscConfig  stm32l4xx_hal_rcc.o
    0x08002d70   0x00000018   Code   RO         2406    i.HAL_SYSTICK_CLKSourceConfig  stm32l4xx_hal_cortex.o
    0x08002d88   0x00000002   Code   RO         2407    i.HAL_SYSTICK_Callback  stm32l4xx_hal_cortex.o
    0x08002d8a   0x00000028   Code   RO         2408    i.HAL_SYSTICK_Config  stm32l4xx_hal_cortex.o
    0x08002db2   0x00000008   Code   RO         2409    i.HAL_SYSTICK_IRQHandler  stm32l4xx_hal_cortex.o
    0x08002dba   0x0000006a   Code   RO         1141    i.HAL_UART_Init     stm32l4xx_hal_uart.o
    0x08002e24   0x00000048   Code   RO         2750    i.HAL_UART_MspInit  usart.o
    0x08002e6c   0x000000ea   Code   RO         1144    i.HAL_UART_Receive  stm32l4xx_hal_uart.o
    0x08002f56   0x000000b0   Code   RO         1149    i.HAL_UART_Transmit  stm32l4xx_hal_uart.o
    0x08003006   0x00000002   PAD
    0x08003008   0x0000004c   Code   RO         2806    i.MX_GPIO_Init      gpio.o
    0x08003054   0x00000050   Code   RO         2751    i.MX_LPUART1_UART_Init  usart.o
    0x080030a4   0x00000054   Code   RO         2832    i.MX_QUADSPI_Init   quadspi.o
    0x080030f8   0x00000020   Code   RO         2410    i.NVIC_SetPriority  stm32l4xx_hal_cortex.o
    0x08003118   0x00000002   Code   RO         2872    i.PendSV_Handler    stm32l4xx_it.o
    0x0800311a   0x0000015e   Code   RO          593    i.QSPI_Config       stm32l4xx_hal_qspi.o
    0x08003278   0x00000048   Code   RO          600    i.QSPI_WaitFlagStateUntilTimeout  stm32l4xx_hal_qspi.o
    0x080032c0   0x0000012c   Code   RO          841    i.RCCEx_PLLSAI1_Config  stm32l4xx_hal_rcc_ex.o
    0x080033ec   0x0000007c   Code   RO         2530    i.RCC_SetFlashLatencyFromMSIRange  stm32l4xx_hal_rcc.o
    0x08003468   0x000000c4   Code   RO         3173    i.Read_ID           qspifram.o
    0x0800352c   0x00000002   Code   RO         2873    i.SVC_Handler       stm32l4xx_it.o
    0x0800352e   0x0000000e   Code   RO         2874    i.SysTick_Handler   stm32l4xx_it.o
    0x0800353c   0x0000008a   Code   RO         2687    i.SystemClock_Config  main.o
    0x080035c6   0x00000002   PAD
    0x080035c8   0x00000044   Code   RO         2626    i.SystemInit        system_stm32l4xx.o
    0x0800360c   0x000002c4   Code   RO         2913    i.TestFRAMDPI       guimenu.o
    0x080038d0   0x00000398   Code   RO         2914    i.TestFRAMQPI       guimenu.o
    0x08003c68   0x0000049c   Code   RO         2915    i.TestFRAMRegisters  guimenu.o
    0x08004104   0x000006a8   Code   RO         2916    i.TestFRAMSPI       guimenu.o
    0x080047ac   0x000000c8   Code   RO         1154    i.UART_AdvFeatureConfig  stm32l4xx_hal_uart.o
    0x08004874   0x0000005c   Code   RO         1155    i.UART_CheckIdleState  stm32l4xx_hal_uart.o
    0x080048d0   0x00000254   Code   RO         1170    i.UART_SetConfig    stm32l4xx_hal_uart.o
    0x08004b24   0x00000064   Code   RO         1173    i.UART_WaitOnFlagUntilTimeout  stm32l4xx_hal_uart.o
    0x08004b88   0x00000002   Code   RO         2688    i._Error_Handler    main.o
    0x08004b8a   0x00000002   PAD
    0x08004b8c   0x00000020   Code   RO         3620    i.__0printf$8       mc_w.l(printf8.o)
    0x08004bac   0x0000000e   Code   RO         3737    i.__scatterload_copy  mc_w.l(handlers.o)
    0x08004bba   0x00000002   Code   RO         3738    i.__scatterload_null  mc_w.l(handlers.o)
    0x08004bbc   0x0000000e   Code   RO         3739    i.__scatterload_zeroinit  mc_w.l(handlers.o)
    0x08004bca   0x00000002   PAD
    0x08004bcc   0x00000416   Code   RO         3627    i._printf_core      mc_w.l(printf8.o)
    0x08004fe2   0x00000024   Code   RO         3628    i._printf_post_padding  mc_w.l(printf8.o)
    0x08005006   0x0000002e   Code   RO         3629    i._printf_pre_padding  mc_w.l(printf8.o)
    0x08005034   0x00000028   Code   RO         2752    i.fgetc             usart.o
    0x0800505c   0x00000018   Code   RO         2753    i.fputc             usart.o
    0x08005074   0x000000e4   Code   RO         2918    i.guiFRAMDIORRead   guimenu.o
    0x08005158   0x000001a0   Code   RO         2919    i.guiFRAMDIOWWrite  guimenu.o
    0x080052f8   0x000001a0   Code   RO         2920    i.guiFRAMDIWWrite   guimenu.o
    0x08005498   0x000000e4   Code   RO         2921    i.guiFRAMDORRead    guimenu.o
    0x0800557c   0x000000e8   Code   RO         2922    i.guiFRAMFastRead   guimenu.o
    0x08005664   0x000001a0   Code   RO         2923    i.guiFRAMFastWrite  guimenu.o
    0x08005804   0x000000e4   Code   RO         2924    i.guiFRAMQIORRead   guimenu.o
    0x080058e8   0x000001a0   Code   RO         2925    i.guiFRAMQIOWWrite  guimenu.o
    0x08005a88   0x000001a0   Code   RO         2926    i.guiFRAMQIWWrite   guimenu.o
    0x08005c28   0x000000e4   Code   RO         2927    i.guiFRAMQORRead    guimenu.o
    0x08005d0c   0x00000134   Code   RO         2928    i.guiFRAMRead       guimenu.o
    0x08005e40   0x000001a0   Code   RO         2929    i.guiFRAMWrite      guimenu.o
    0x08005fe0   0x00000038   Code   RO         2930    i.guiGetMemLatency  guimenu.o
    0x08006018   0x0000003c   Code   RO         2931    i.guiGetRegLatency  guimenu.o
    0x08006054   0x00000050   Code   RO         2932    i.guiReadAnyReg     guimenu.o
    0x080060a4   0x00000034   Code   RO         2933    i.guiReadCR1        guimenu.o
    0x080060d8   0x00000034   Code   RO         2934    i.guiReadCR2        guimenu.o
    0x0800610c   0x00000034   Code   RO         2935    i.guiReadCR4        guimenu.o
    0x08006140   0x00000034   Code   RO         2936    i.guiReadCR5        guimenu.o
    0x08006174   0x00000044   Code   RO         2937    i.guiReadID         guimenu.o
    0x080061b8   0x00000040   Code   RO         2938    i.guiReadSN         guimenu.o
    0x080061f8   0x00000038   Code   RO         2939    i.guiReadSR1        guimenu.o
    0x08006230   0x00000034   Code   RO         2940    i.guiReadSR2        guimenu.o
    0x08006264   0x00000044   Code   RO         2941    i.guiReadUID        guimenu.o
    0x080062a8   0x0000003c   Code   RO         2942    i.guiSetMemLatency  guimenu.o
    0x080062e4   0x0000003c   Code   RO         2943    i.guiSetRegLatency  guimenu.o
    0x08006320   0x00000054   Code   RO         2944    i.guiWriteAnyReg    guimenu.o
    0x08006374   0x0000008c   Code   RO         2945    i.guiWriteSN        guimenu.o
    0x08006400   0x00000044   Code   RO         2689    i.main              main.o
    0x08006444   0x00000040   Data   RO         2627    .constdata          system_stm32l4xx.o
    0x08006484   0x00000008   Data   RO         2628    .constdata          system_stm32l4xx.o
    0x0800648c   0x00000040   Data   RO         3733    .constdata          mc_w.l(ctype_c.o)
    0x080064cc   0x0000034d   Data   RO         2946    .conststring        guimenu.o
    0x08006819   0x00000003   PAD
    0x0800681c   0x00000020   Data   RO         3735    Region$$Table       anon$$obj.o


    Execution Region RW_IRAM1 (Base: 0x20000000, Size: 0x00002518, Max: 0x0000c000, ABSOLUTE)

    Base Addr    Size         Type   Attr      Idx    E Section Name        Object

    0x20000000   0x00000004   Data   RW         1503    .data               stm32l4xx_hal.o
    0x20000004   0x00000004   Data   RW         2629    .data               system_stm32l4xx.o
    0x20000008   0x00000004   Data   RW         3692    .data               mc_w.l(stdin.o)
    0x2000000c   0x00000004   Data   RW         3693    .data               mc_w.l(stdout.o)
    0x20000010   0x00000003   Data   RW         3718    .data               mc_w.l(fgetc_b.o)
    0x20000013   0x00000001   PAD
    0x20000014   0x00000078   Zero   RW         2754    .bss                usart.o
    0x2000008c   0x0000004c   Zero   RW         2833    .bss                quadspi.o
    0x200000d8   0x0000003c   Zero   RW         3174    .bss                qspifram.o
    0x20000114   0x00002000   Zero   RW         3175    .bss                qspifram.o
    0x20002114   0x00000004   PAD
    0x20002118   0x00000400   Zero   RW         2615    STACK               startup_stm32l433xx.o


==============================================================================

Image component sizes


      Code (inc. data)   RO Data    RW Data    ZI Data      Debug   Object Name

        76          6          0          0          0        883   gpio.o
     11936       5336        845          0          0      26034   guimenu.o
       208         30          0          0          0       4197   main.o
      3098        308          0          0       8252      25556   qspifram.o
       208         44          0          0         76       1753   quadspi.o
        36          8        396          0       1024        824   startup_stm32l433xx.o
       104         22          0          4          0       3635   stm32l4xx_hal.o
       206         14          0          0          0      31616   stm32l4xx_hal_cortex.o
         0          0          0          0          0     673720   stm32l4xx_hal_flash_ex.o
       398         28          0          0          0       1868   stm32l4xx_hal_gpio.o
       128          6          0          0          0        942   stm32l4xx_hal_msp.o
       116         20          0          0          0       1402   stm32l4xx_hal_pwr_ex.o
      1126         10          0          0          0       7128   stm32l4xx_hal_qspi.o
      1972         96          0          0          0       7472   stm32l4xx_hal_rcc.o
      1050         30          0          0          0       3064   stm32l4xx_hal_rcc_ex.o
      1504         62          0          0          0       7708   stm32l4xx_hal_uart.o
        18          0          0          0          0       1449   stm32l4xx_it.o
        68         12         72          4          0       1269   system_stm32l4xx.o
       216         42          0          0        120       2917   usart.o

    ----------------------------------------------------------------------
     22484       6074       1348          8       9476     803437   Object Totals
         0          0         32          0          0          0   (incl. Generated)
        16          0          3          0          4          0   (incl. Padding)

    ----------------------------------------------------------------------

      Code (inc. data)   RO Data    RW Data    ZI Data      Debug   Library Member Name

        32          6          0          0          0         84   __0scanf.o
        28          0          0          0          0         68   _chval.o
       818          4          0          0          0        112   _scanf.o
       338          0          0          0          0         96   _scanf_int.o
        40          6         64          0          0         68   ctype_c.o
         0          0          0          0          0          0   entry.o
         0          0          0          0          0          0   entry10a.o
         0          0          0          0          0          0   entry11a.o
         8          4          0          0          0          0   entry2.o
         4          0          0          0          0          0   entry5.o
         0          0          0          0          0          0   entry7b.o
         0          0          0          0          0          0   entry8b.o
         8          4          0          0          0          0   entry9a.o
        44          6          0          3          0        144   fgetc_b.o
        30          0          0          0          0          0   handlers.o
        36          8          0          0          0         68   init.o
        10          0          0          0          0         68   isspace_c.o
         0          0          0          0          0          0   iusesemig.o
        30          0          0          0          0         68   llshl.o
        32          0          0          0          0         68   llushr.o
      1160         54          0          0          0        352   printf8.o
        40          8          0          0          0         84   scanf_char.o
        20          8          0          0          0         68   scanf_char_file.o
         0          0          0          0          0          0   semi.o
         0          0          0          4          0          0   stdin.o
         0          0          0          4          0          0   stdout.o
       104          0          0          0          0         92   uldiv.o

    ----------------------------------------------------------------------
      2788        108         64         12          0       1440   Library Totals
         6          0          0          1          0          0   (incl. Padding)

    ----------------------------------------------------------------------

      Code (inc. data)   RO Data    RW Data    ZI Data      Debug   Library Name

      2782        108         64         11          0       1440   mc_w.l

    ----------------------------------------------------------------------
      2788        108         64         12          0       1440   Library Totals

    ----------------------------------------------------------------------

==============================================================================


      Code (inc. data)   RO Data    RW Data    ZI Data      Debug   

     25272       6182       1412         20       9476     792953   Grand Totals
     25272       6182       1412         20       9476     792953   ELF Image Totals
     25272       6182       1412         20          0          0   ROM Totals

==============================================================================

    Total RO  Size (Code + RO Data)                26684 (  26.06kB)
    Total RW  Size (RW Data + ZI Data)              9496 (   9.27kB)
    Total ROM Size (Code + RO Data + RW Data)      26704 (  26.08kB)

==============================================================================

